Archive member included to satisfy reference by file (symbol)

c:/gcc-arm-none-eabi/bin/../lib/gcc/arm-none-eabi/10.3.1/../../../../arm-none-eabi/lib/thumb/v7e-m+fp/hard\libc_nano.a(lib_a-exit.o)
                              c:/gcc-arm-none-eabi/bin/../lib/gcc/arm-none-eabi/10.3.1/../../../../arm-none-eabi/lib/thumb/v7e-m+fp/hard/crt0.o (exit)
c:/gcc-arm-none-eabi/bin/../lib/gcc/arm-none-eabi/10.3.1/../../../../arm-none-eabi/lib/thumb/v7e-m+fp/hard\libc_nano.a(lib_a-impure.o)
                              c:/gcc-arm-none-eabi/bin/../lib/gcc/arm-none-eabi/10.3.1/../../../../arm-none-eabi/lib/thumb/v7e-m+fp/hard\libc_nano.a(lib_a-exit.o) (_global_impure_ptr)
c:/gcc-arm-none-eabi/bin/../lib/gcc/arm-none-eabi/10.3.1/../../../../arm-none-eabi/lib/thumb/v7e-m+fp/hard\libc_nano.a(lib_a-init.o)
                              c:/gcc-arm-none-eabi/bin/../lib/gcc/arm-none-eabi/10.3.1/../../../../arm-none-eabi/lib/thumb/v7e-m+fp/hard/crt0.o (__libc_init_array)
c:/gcc-arm-none-eabi/bin/../lib/gcc/arm-none-eabi/10.3.1/../../../../arm-none-eabi/lib/thumb/v7e-m+fp/hard\libc_nano.a(lib_a-memset.o)
                              c:/gcc-arm-none-eabi/bin/../lib/gcc/arm-none-eabi/10.3.1/../../../../arm-none-eabi/lib/thumb/v7e-m+fp/hard/crt0.o (memset)
c:/gcc-arm-none-eabi/bin/../lib/gcc/arm-none-eabi/10.3.1/../../../../arm-none-eabi/lib/thumb/v7e-m+fp/hard\libc_nano.a(lib_a-nano-vfprintf_float.o)
                              (_printf_float)
c:/gcc-arm-none-eabi/bin/../lib/gcc/arm-none-eabi/10.3.1/../../../../arm-none-eabi/lib/thumb/v7e-m+fp/hard\libc_nano.a(lib_a-nano-vfprintf_i.o)
                              c:/gcc-arm-none-eabi/bin/../lib/gcc/arm-none-eabi/10.3.1/../../../../arm-none-eabi/lib/thumb/v7e-m+fp/hard\libc_nano.a(lib_a-nano-vfprintf_float.o) (_printf_common)
c:/gcc-arm-none-eabi/bin/../lib/gcc/arm-none-eabi/10.3.1/../../../../arm-none-eabi/lib/thumb/v7e-m+fp/hard\libc_nano.a(lib_a-puts.o)
                              CMakeFiles/FreeRTOS_demo.elf.dir/User/Src/user_tasks.c.obj (puts)
c:/gcc-arm-none-eabi/bin/../lib/gcc/arm-none-eabi/10.3.1/../../../../arm-none-eabi/lib/thumb/v7e-m+fp/hard\libc_nano.a(lib_a-strlen.o)
                              c:/gcc-arm-none-eabi/bin/../lib/gcc/arm-none-eabi/10.3.1/../../../../arm-none-eabi/lib/thumb/v7e-m+fp/hard\libc_nano.a(lib_a-nano-vfprintf_float.o) (strlen)
c:/gcc-arm-none-eabi/bin/../lib/gcc/arm-none-eabi/10.3.1/../../../../arm-none-eabi/lib/thumb/v7e-m+fp/hard\libc_nano.a(lib_a-wbuf.o)
                              c:/gcc-arm-none-eabi/bin/../lib/gcc/arm-none-eabi/10.3.1/../../../../arm-none-eabi/lib/thumb/v7e-m+fp/hard\libc_nano.a(lib_a-puts.o) (__swbuf_r)
c:/gcc-arm-none-eabi/bin/../lib/gcc/arm-none-eabi/10.3.1/../../../../arm-none-eabi/lib/thumb/v7e-m+fp/hard\libc_nano.a(lib_a-wsetup.o)
                              c:/gcc-arm-none-eabi/bin/../lib/gcc/arm-none-eabi/10.3.1/../../../../arm-none-eabi/lib/thumb/v7e-m+fp/hard\libc_nano.a(lib_a-puts.o) (__swsetup_r)
c:/gcc-arm-none-eabi/bin/../lib/gcc/arm-none-eabi/10.3.1/../../../../arm-none-eabi/lib/thumb/v7e-m+fp/hard\libc_nano.a(lib_a-dtoa.o)
                              c:/gcc-arm-none-eabi/bin/../lib/gcc/arm-none-eabi/10.3.1/../../../../arm-none-eabi/lib/thumb/v7e-m+fp/hard\libc_nano.a(lib_a-nano-vfprintf_float.o) (_dtoa_r)
c:/gcc-arm-none-eabi/bin/../lib/gcc/arm-none-eabi/10.3.1/../../../../arm-none-eabi/lib/thumb/v7e-m+fp/hard\libc_nano.a(lib_a-fflush.o)
                              c:/gcc-arm-none-eabi/bin/../lib/gcc/arm-none-eabi/10.3.1/../../../../arm-none-eabi/lib/thumb/v7e-m+fp/hard\libc_nano.a(lib_a-wbuf.o) (_fflush_r)
c:/gcc-arm-none-eabi/bin/../lib/gcc/arm-none-eabi/10.3.1/../../../../arm-none-eabi/lib/thumb/v7e-m+fp/hard\libc_nano.a(lib_a-findfp.o)
                              c:/gcc-arm-none-eabi/bin/../lib/gcc/arm-none-eabi/10.3.1/../../../../arm-none-eabi/lib/thumb/v7e-m+fp/hard\libc_nano.a(lib_a-puts.o) (__sinit)
c:/gcc-arm-none-eabi/bin/../lib/gcc/arm-none-eabi/10.3.1/../../../../arm-none-eabi/lib/thumb/v7e-m+fp/hard\libc_nano.a(lib_a-fwalk.o)
                              c:/gcc-arm-none-eabi/bin/../lib/gcc/arm-none-eabi/10.3.1/../../../../arm-none-eabi/lib/thumb/v7e-m+fp/hard\libc_nano.a(lib_a-findfp.o) (_fwalk)
c:/gcc-arm-none-eabi/bin/../lib/gcc/arm-none-eabi/10.3.1/../../../../arm-none-eabi/lib/thumb/v7e-m+fp/hard\libc_nano.a(lib_a-localeconv.o)
                              c:/gcc-arm-none-eabi/bin/../lib/gcc/arm-none-eabi/10.3.1/../../../../arm-none-eabi/lib/thumb/v7e-m+fp/hard\libc_nano.a(lib_a-nano-vfprintf_float.o) (_localeconv_r)
c:/gcc-arm-none-eabi/bin/../lib/gcc/arm-none-eabi/10.3.1/../../../../arm-none-eabi/lib/thumb/v7e-m+fp/hard\libc_nano.a(lib_a-lock.o)
                              c:/gcc-arm-none-eabi/bin/../lib/gcc/arm-none-eabi/10.3.1/../../../../arm-none-eabi/lib/thumb/v7e-m+fp/hard\libc_nano.a(lib_a-findfp.o) (__retarget_lock_init_recursive)
[...]
Memory Configuration

Name             Origin             Length             Attributes
RAM              0x20000000         0x00030000         xrw
CCMRAM           0x10000000         0x00010000         xrw
FLASH            0x08000000         0x00200000         xr
*default*        0x00000000         0xffffffff

Linker script and memory map

LOAD c:/gcc-arm-none-eabi/bin/../lib/gcc/arm-none-eabi/10.3.1/thumb/v7e-m+fp/hard/crti.o
LOAD c:/gcc-arm-none-eabi/bin/../lib/gcc/arm-none-eabi/10.3.1/thumb/v7e-m+fp/hard/crtbegin.o
LOAD c:/gcc-arm-none-eabi/bin/../lib/gcc/arm-none-eabi/10.3.1/../../../../arm-none-eabi/lib/thumb/v7e-m+fp/hard/crt0.o
LOAD CMakeFiles/FreeRTOS_demo.elf.dir/Core/Src/main.c.obj
LOAD CMakeFiles/FreeRTOS_demo.elf.dir/Core/Src/gpio.c.obj
LOAD CMakeFiles/FreeRTOS_demo.elf.dir/Core/Src/stm32f4xx_it.c.obj
LOAD CMakeFiles/FreeRTOS_demo.elf.dir/Core/Src/stm32f4xx_hal_msp.c.obj
LOAD CMakeFiles/FreeRTOS_demo.elf.dir/Core/Src/stm32f4xx_hal_timebase_tim.c.obj
LOAD CMakeFiles/FreeRTOS_demo.elf.dir/Drivers/STM32F4xx_HAL_Driver/Src/stm32f4xx_hal_tim.c.obj
LOAD CMakeFiles/FreeRTOS_demo.elf.dir/Drivers/STM32F4xx_HAL_Driver/Src/stm32f4xx_hal_tim_ex.c.obj
LOAD CMakeFiles/FreeRTOS_demo.elf.dir/Drivers/STM32F4xx_HAL_Driver/Src/stm32f4xx_hal_rcc.c.obj
LOAD CMakeFiles/FreeRTOS_demo.elf.dir/Drivers/STM32F4xx_HAL_Driver/Src/stm32f4xx_hal_rcc_ex.c.obj
LOAD CMakeFiles/FreeRTOS_demo.elf.dir/Drivers/STM32F4xx_HAL_Driver/Src/stm32f4xx_hal_flash.c.obj
LOAD CMakeFiles/FreeRTOS_demo.elf.dir/Drivers/STM32F4xx_HAL_Driver/Src/stm32f4xx_hal_flash_ex.c.obj
LOAD CMakeFiles/FreeRTOS_demo.elf.dir/Drivers/STM32F4xx_HAL_Driver/Src/stm32f4xx_hal_flash_ramfunc.c.obj
LOAD CMakeFiles/FreeRTOS_demo.elf.dir/Drivers/STM32F4xx_HAL_Driver/Src/stm32f4xx_hal_gpio.c.obj
LOAD CMakeFiles/FreeRTOS_demo.elf.dir/Drivers/STM32F4xx_HAL_Driver/Src/stm32f4xx_hal_dma_ex.c.obj
LOAD CMakeFiles/FreeRTOS_demo.elf.dir/Drivers/STM32F4xx_HAL_Driver/Src/stm32f4xx_hal_dma.c.obj
LOAD CMakeFiles/FreeRTOS_demo.elf.dir/Drivers/STM32F4xx_HAL_Driver/Src/stm32f4xx_hal_pwr.c.obj
LOAD CMakeFiles/FreeRTOS_demo.elf.dir/Drivers/STM32F4xx_HAL_Driver/Src/stm32f4xx_hal_pwr_ex.c.obj
LOAD CMakeFiles/FreeRTOS_demo.elf.dir/Drivers/STM32F4xx_HAL_Driver/Src/stm32f4xx_hal_cortex.c.obj
LOAD CMakeFiles/FreeRTOS_demo.elf.dir/Drivers/STM32F4xx_HAL_Driver/Src/stm32f4xx_hal.c.obj
LOAD CMakeFiles/FreeRTOS_demo.elf.dir/Drivers/STM32F4xx_HAL_Driver/Src/stm32f4xx_hal_exti.c.obj
LOAD CMakeFiles/FreeRTOS_demo.elf.dir/Core/Src/system_stm32f4xx.c.obj
LOAD CMakeFiles/FreeRTOS_demo.elf.dir/Core/Src/tim.c.obj
LOAD CMakeFiles/FreeRTOS_demo.elf.dir/Core/Src/usart.c.obj
LOAD CMakeFiles/FreeRTOS_demo.elf.dir/Drivers/STM32F4xx_HAL_Driver/Src/stm32f4xx_hal_uart.c.obj
LOAD CMakeFiles/FreeRTOS_demo.elf.dir/User/Src/user_tasks.c.obj
LOAD CMakeFiles/FreeRTOS_demo.elf.dir/User/Src/user_usart.c.obj
LOAD CMakeFiles/FreeRTOS_demo.elf.dir/startup_stm32f427xx.s.obj
LOAD c:/gcc-arm-none-eabi/bin/../lib/gcc/arm-none-eabi/10.3.1/../../../../arm-none-eabi/lib/thumb/v7e-m+fp/hard\libc_nano.a
LOAD c:/gcc-arm-none-eabi/bin/../lib/gcc/arm-none-eabi/10.3.1/../../../../arm-none-eabi/lib/thumb/v7e-m+fp/hard\libm.a
LOAD c:/gcc-arm-none-eabi/bin/../lib/gcc/arm-none-eabi/10.3.1/../../../../arm-none-eabi/lib/thumb/v7e-m+fp/hard\libnosys.a
LOAD FreeRTOS-Kernel/libfreertos_kernel.a
LOAD c:/gcc-arm-none-eabi/bin/../lib/gcc/arm-none-eabi/10.3.1/../../../../arm-none-eabi/lib/thumb/v7e-m+fp/hard\libc_nano.a
LOAD c:/gcc-arm-none-eabi/bin/../lib/gcc/arm-none-eabi/10.3.1/../../../../arm-none-eabi/lib/thumb/v7e-m+fp/hard\libm.a
LOAD c:/gcc-arm-none-eabi/bin/../lib/gcc/arm-none-eabi/10.3.1/../../../../arm-none-eabi/lib/thumb/v7e-m+fp/hard\libnosys.a
START GROUP
LOAD c:/gcc-arm-none-eabi/bin/../lib/gcc/arm-none-eabi/10.3.1/thumb/v7e-m+fp/hard\libgcc.a
LOAD c:/gcc-arm-none-eabi/bin/../lib/gcc/arm-none-eabi/10.3.1/../../../../arm-none-eabi/lib/thumb/v7e-m+fp/hard\libg_nano.a
LOAD c:/gcc-arm-none-eabi/bin/../lib/gcc/arm-none-eabi/10.3.1/../../../../arm-none-eabi/lib/thumb/v7e-m+fp/hard\libc_nano.a
END GROUP
START GROUP
LOAD c:/gcc-arm-none-eabi/bin/../lib/gcc/arm-none-eabi/10.3.1/thumb/v7e-m+fp/hard\libgcc.a
LOAD c:/gcc-arm-none-eabi/bin/../lib/gcc/arm-none-eabi/10.3.1/../../../../arm-none-eabi/lib/thumb/v7e-m+fp/hard\libc_nano.a
LOAD c:/gcc-arm-none-eabi/bin/../lib/gcc/arm-none-eabi/10.3.1/../../../../arm-none-eabi/lib/thumb/v7e-m+fp/hard\libnosys.a
END GROUP
START GROUP
LOAD c:/gcc-arm-none-eabi/bin/../lib/gcc/arm-none-eabi/10.3.1/thumb/v7e-m+fp/hard\libgcc.a
LOAD c:/gcc-arm-none-eabi/bin/../lib/gcc/arm-none-eabi/10.3.1/../../../../arm-none-eabi/lib/thumb/v7e-m+fp/hard\libc_nano.a
LOAD c:/gcc-arm-none-eabi/bin/../lib/gcc/arm-none-eabi/10.3.1/../../../../arm-none-eabi/lib/thumb/v7e-m+fp/hard\libnosys.a
END GROUP
LOAD c:/gcc-arm-none-eabi/bin/../lib/gcc/arm-none-eabi/10.3.1/thumb/v7e-m+fp/hard/crtend.o
LOAD c:/gcc-arm-none-eabi/bin/../lib/gcc/arm-none-eabi/10.3.1/thumb/v7e-m+fp/hard/crtn.o
                0x20030000                _estack = (ORIGIN (RAM) + LENGTH (RAM))
                0x00000200                _Min_Heap_Size = 0x200
                0x00000400                _Min_Stack_Size = 0x400

.isr_vector     0x08000000      0x1ac
                0x08000000                . = ALIGN (0x4)
 *(.isr_vector)
 .isr_vector    0x08000000      0x1ac CMakeFiles/FreeRTOS_demo.elf.dir/startup_stm32f427xx.s.obj
                0x08000000                g_pfnVectors
                0x080001ac                . = ALIGN (0x4)

.text           0x080001b0     0x9614
                0x080001b0                . = ALIGN (0x4)
 *(.text)
 .text          0x080001b0       0x40 c:/gcc-arm-none-eabi/bin/../lib/gcc/arm-none-eabi/10.3.1/thumb/v7e-m+fp/hard/crtbegin.o
 .text          0x080001f0       0x10 c:/gcc-arm-none-eabi/bin/../lib/gcc/arm-none-eabi/10.3.1/../../../../arm-none-eabi/lib/thumb/v7e-m+fp/hard\libc_nano.a(lib_a-strlen.o)
                0x080001f0                strlen
 .text          0x08000200       0xa0 c:/gcc-arm-none-eabi/bin/../lib/gcc/arm-none-eabi/10.3.1/../../../../arm-none-eabi/lib/thumb/v7e-m+fp/hard\libc_nano.a(lib_a-memchr.o)
                0x08000200                memchr
 .text          0x080002a0      0x378 c:/gcc-arm-none-eabi/bin/../lib/gcc/arm-none-eabi/10.3.1/thumb/v7e-m+fp/hard\libgcc.a(_arm_addsubdf3.o)
                0x080002a0                __aeabi_drsub
                0x080002a8                __aeabi_dsub
                0x080002a8                __subdf3
                0x080002ac                __aeabi_dadd
                0x080002ac                __adddf3
                0x08000524                __floatunsidf
                0x08000524                __aeabi_ui2d
                0x08000544                __floatsidf
                0x08000544                __aeabi_i2d
                0x08000568                __aeabi_f2d
                0x08000568                __extendsfdf2
                0x080005ac                __floatundidf
                0x080005ac                __aeabi_ul2d
                0x080005bc                __floatdidf
                0x080005bc                __aeabi_l2d
 .text          0x08000618      0x424 c:/gcc-arm-none-eabi/bin/../lib/gcc/arm-none-eabi/10.3.1/thumb/v7e-m+fp/hard\libgcc.a(_arm_muldivdf3.o)
                0x08000618                __aeabi_dmul
                0x08000618                __muldf3
                0x0800086c                __divdf3
                0x0800086c                __aeabi_ddiv
 .text          0x08000a3c      0x110 c:/gcc-arm-none-eabi/bin/../lib/gcc/arm-none-eabi/10.3.1/thumb/v7e-m+fp/hard\libgcc.a(_arm_cmpdf2.o)
                0x08000a3c                __gtdf2
                0x08000a3c                __gedf2
                0x08000a44                __ltdf2
                0x08000a44                __ledf2
                0x08000a4c                __nedf2
                0x08000a4c                __eqdf2
                0x08000a4c                __cmpdf2
                0x08000ac8                __aeabi_cdrcmple
                0x08000ad8                __aeabi_cdcmpeq
                0x08000ad8                __aeabi_cdcmple
                0x08000ae8                __aeabi_dcmpeq
                0x08000afc                __aeabi_dcmplt
                0x08000b10                __aeabi_dcmple
                0x08000b24                __aeabi_dcmpge
                0x08000b38                __aeabi_dcmpgt
 .text          0x08000b4c       0x2c c:/gcc-arm-none-eabi/bin/../lib/gcc/arm-none-eabi/10.3.1/thumb/v7e-m+fp/hard\libgcc.a(_arm_unorddf2.o)
                0x08000b4c                __unorddf2
                0x08000b4c                __aeabi_dcmpun
 .text          0x08000b78       0x50 c:/gcc-arm-none-eabi/bin/../lib/gcc/arm-none-eabi/10.3.1/thumb/v7e-m+fp/hard\libgcc.a(_arm_fixdfsi.o)
                0x08000b78                __aeabi_d2iz
                0x08000b78                __fixdfsi
 .text          0x08000bc8       0x30 c:/gcc-arm-none-eabi/bin/../lib/gcc/arm-none-eabi/10.3.1/thumb/v7e-m+fp/hard\libgcc.a(_aeabi_uldivmod.o)
                0x08000bc8                __aeabi_uldivmod
 .text          0x08000bf8      0x2d0 c:/gcc-arm-none-eabi/bin/../lib/gcc/arm-none-eabi/10.3.1/thumb/v7e-m+fp/hard\libgcc.a(_udivmoddi4.o)
                0x08000bf8                __udivmoddi4
 .text          0x08000ec8        0x4 c:/gcc-arm-none-eabi/bin/../lib/gcc/arm-none-eabi/10.3.1/thumb/v7e-m+fp/hard\libgcc.a(_dvmd_tls.o)
                0x08000ec8                __aeabi_idiv0
                0x08000ec8                __aeabi_ldiv0
 *(.text*)
 .text.main     0x08000ecc       0x22 CMakeFiles/FreeRTOS_demo.elf.dir/Core/Src/main.c.obj
                0x08000ecc                main
 *fill*         0x08000eee        0x2 
 .text.SystemClock_Config
                0x08000ef0       0xe0 CMakeFiles/FreeRTOS_demo.elf.dir/Core/Src/main.c.obj
                0x08000ef0                SystemClock_Config
 .text.HAL_TIM_PeriodElapsedCallback
                0x08000fd0       0x1e CMakeFiles/FreeRTOS_demo.elf.dir/Core/Src/main.c.obj
                0x08000fd0                HAL_TIM_PeriodElapsedCallback
 .text.Error_Handler
                0x08000fee        0xa CMakeFiles/FreeRTOS_demo.elf.dir/Core/Src/main.c.obj
                0x08000fee                Error_Handler
 .text.MX_GPIO_Init
                0x08000ff8       0xdc CMakeFiles/FreeRTOS_demo.elf.dir/Core/Src/gpio.c.obj
                0x08000ff8                MX_GPIO_Init
 .text.NMI_Handler
                0x080010d4        0x6 CMakeFiles/FreeRTOS_demo.elf.dir/Core/Src/stm32f4xx_it.c.obj
                0x080010d4                NMI_Handler
 .text.HardFault_Handler
                0x080010da        0x6 CMakeFiles/FreeRTOS_demo.elf.dir/Core/Src/stm32f4xx_it.c.obj
                0x080010da                HardFault_Handler
 .text.MemManage_Handler
                0x080010e0        0x6 CMakeFiles/FreeRTOS_demo.elf.dir/Core/Src/stm32f4xx_it.c.obj
                0x080010e0                MemManage_Handler
 .text.BusFault_Handler
                0x080010e6        0x6 CMakeFiles/FreeRTOS_demo.elf.dir/Core/Src/stm32f4xx_it.c.obj
                0x080010e6                BusFault_Handler
 .text.UsageFault_Handler
                0x080010ec        0x6 CMakeFiles/FreeRTOS_demo.elf.dir/Core/Src/stm32f4xx_it.c.obj
                0x080010ec                UsageFault_Handler
 .text.DebugMon_Handler
                0x080010f2        0xe CMakeFiles/FreeRTOS_demo.elf.dir/Core/Src/stm32f4xx_it.c.obj
                0x080010f2                DebugMon_Handler
 .text.TIM2_IRQHandler
                0x08001100       0x14 CMakeFiles/FreeRTOS_demo.elf.dir/Core/Src/stm32f4xx_it.c.obj
                0x08001100                TIM2_IRQHandler
 .text.USART2_IRQHandler
                0x08001114       0x14 CMakeFiles/FreeRTOS_demo.elf.dir/Core/Src/stm32f4xx_it.c.obj
                0x08001114                USART2_IRQHandler
 .text.HAL_MspInit
                0x08001128       0x50 CMakeFiles/FreeRTOS_demo.elf.dir/Core/Src/stm32f4xx_hal_msp.c.obj
                0x08001128                HAL_MspInit
 .text.HAL_InitTick
                0x08001178       0xf8 CMakeFiles/FreeRTOS_demo.elf.dir/Core/Src/stm32f4xx_hal_timebase_tim.c.obj
                0x08001178                HAL_InitTick
 .text.HAL_TIM_Base_Init
                0x08001270       0x9e CMakeFiles/FreeRTOS_demo.elf.dir/Drivers/STM32F4xx_HAL_Driver/Src/stm32f4xx_hal_tim.c.obj
                0x08001270                HAL_TIM_Base_Init
 *fill*         0x0800130e        0x2 
 .text.HAL_TIM_Base_Start_IT
                0x08001310       0xe0 CMakeFiles/FreeRTOS_demo.elf.dir/Drivers/STM32F4xx_HAL_Driver/Src/stm32f4xx_hal_tim.c.obj
                0x08001310                HAL_TIM_Base_Start_IT
 .text.HAL_TIM_PWM_Init
                0x080013f0       0x9e CMakeFiles/FreeRTOS_demo.elf.dir/Drivers/STM32F4xx_HAL_Driver/Src/stm32f4xx_hal_tim.c.obj
                0x080013f0                HAL_TIM_PWM_Init
 *fill*         0x0800148e        0x2 
 .text.HAL_TIM_PWM_Start
                0x08001490      0x190 CMakeFiles/FreeRTOS_demo.elf.dir/Drivers/STM32F4xx_HAL_Driver/Src/stm32f4xx_hal_tim.c.obj
                0x08001490                HAL_TIM_PWM_Start
 .text.HAL_TIM_IRQHandler
                0x08001620      0x210 CMakeFiles/FreeRTOS_demo.elf.dir/Drivers/STM32F4xx_HAL_Driver/Src/stm32f4xx_hal_tim.c.obj
                0x08001620                HAL_TIM_IRQHandler
 .text.HAL_TIM_PWM_ConfigChannel
                0x08001830      0x184 CMakeFiles/FreeRTOS_demo.elf.dir/Drivers/STM32F4xx_HAL_Driver/Src/stm32f4xx_hal_tim.c.obj
                0x08001830                HAL_TIM_PWM_ConfigChannel
 .text.HAL_TIM_ConfigClockSource
                0x080019b4      0x18e CMakeFiles/FreeRTOS_demo.elf.dir/Drivers/STM32F4xx_HAL_Driver/Src/stm32f4xx_hal_tim.c.obj
                0x080019b4                HAL_TIM_ConfigClockSource
 .text.HAL_TIM_OC_DelayElapsedCallback
                0x08001b42       0x14 CMakeFiles/FreeRTOS_demo.elf.dir/Drivers/STM32F4xx_HAL_Driver/Src/stm32f4xx_hal_tim.c.obj
                0x08001b42                HAL_TIM_OC_DelayElapsedCallback
 .text.HAL_TIM_IC_CaptureCallback
                0x08001b56       0x14 CMakeFiles/FreeRTOS_demo.elf.dir/Drivers/STM32F4xx_HAL_Driver/Src/stm32f4xx_hal_tim.c.obj
                0x08001b56                HAL_TIM_IC_CaptureCallback
 .text.HAL_TIM_PWM_PulseFinishedCallback
                0x08001b6a       0x14 CMakeFiles/FreeRTOS_demo.elf.dir/Drivers/STM32F4xx_HAL_Driver/Src/stm32f4xx_hal_tim.c.obj
                0x08001b6a                HAL_TIM_PWM_PulseFinishedCallback
 .text.HAL_TIM_TriggerCallback
                0x08001b7e       0x14 CMakeFiles/FreeRTOS_demo.elf.dir/Drivers/STM32F4xx_HAL_Driver/Src/stm32f4xx_hal_tim.c.obj
                0x08001b7e                HAL_TIM_TriggerCallback
 *fill*         0x08001b92        0x2 
 .text.TIM_Base_SetConfig
                0x08001b94      0x140 CMakeFiles/FreeRTOS_demo.elf.dir/Drivers/STM32F4xx_HAL_Driver/Src/stm32f4xx_hal_tim.c.obj
                0x08001b94                TIM_Base_SetConfig
 .text.TIM_OC1_SetConfig
                0x08001cd4       0xe0 CMakeFiles/FreeRTOS_demo.elf.dir/Drivers/STM32F4xx_HAL_Driver/Src/stm32f4xx_hal_tim.c.obj
 .text.TIM_OC2_SetConfig
                0x08001db4       0xec CMakeFiles/FreeRTOS_demo.elf.dir/Drivers/STM32F4xx_HAL_Driver/Src/stm32f4xx_hal_tim.c.obj
                0x08001db4                TIM_OC2_SetConfig
 .text.TIM_OC3_SetConfig
                0x08001ea0       0xe8 CMakeFiles/FreeRTOS_demo.elf.dir/Drivers/STM32F4xx_HAL_Driver/Src/stm32f4xx_hal_tim.c.obj
 .text.TIM_OC4_SetConfig
                0x08001f88       0xac CMakeFiles/FreeRTOS_demo.elf.dir/Drivers/STM32F4xx_HAL_Driver/Src/stm32f4xx_hal_tim.c.obj
 .text.TIM_TI1_ConfigInputStage
                0x08002034       0x5e CMakeFiles/FreeRTOS_demo.elf.dir/Drivers/STM32F4xx_HAL_Driver/Src/stm32f4xx_hal_tim.c.obj
 .text.TIM_TI2_ConfigInputStage
                0x08002092       0x60 CMakeFiles/FreeRTOS_demo.elf.dir/Drivers/STM32F4xx_HAL_Driver/Src/stm32f4xx_hal_tim.c.obj
 .text.TIM_ITRx_SetConfig
                0x080020f2       0x36 CMakeFiles/FreeRTOS_demo.elf.dir/Drivers/STM32F4xx_HAL_Driver/Src/stm32f4xx_hal_tim.c.obj
 .text.TIM_ETR_SetConfig
                0x08002128       0x40 CMakeFiles/FreeRTOS_demo.elf.dir/Drivers/STM32F4xx_HAL_Driver/Src/stm32f4xx_hal_tim.c.obj
                0x08002128                TIM_ETR_SetConfig
 .text.TIM_CCxChannelCmd
                0x08002168       0x4a CMakeFiles/FreeRTOS_demo.elf.dir/Drivers/STM32F4xx_HAL_Driver/Src/stm32f4xx_hal_tim.c.obj
                0x08002168                TIM_CCxChannelCmd
 *fill*         0x080021b2        0x2 
 .text.HAL_TIMEx_MasterConfigSynchronization
                0x080021b4       0xf8 CMakeFiles/FreeRTOS_demo.elf.dir/Drivers/STM32F4xx_HAL_Driver/Src/stm32f4xx_hal_tim_ex.c.obj
                0x080021b4                HAL_TIMEx_MasterConfigSynchronization
 .text.HAL_TIMEx_ConfigBreakDeadTime
                0x080022ac       0xa4 CMakeFiles/FreeRTOS_demo.elf.dir/Drivers/STM32F4xx_HAL_Driver/Src/stm32f4xx_hal_tim_ex.c.obj
                0x080022ac                HAL_TIMEx_ConfigBreakDeadTime
 .text.HAL_TIMEx_CommutCallback
                0x08002350       0x14 CMakeFiles/FreeRTOS_demo.elf.dir/Drivers/STM32F4xx_HAL_Driver/Src/stm32f4xx_hal_tim_ex.c.obj
                0x08002350                HAL_TIMEx_CommutCallback
 .text.HAL_TIMEx_BreakCallback
                0x08002364       0x14 CMakeFiles/FreeRTOS_demo.elf.dir/Drivers/STM32F4xx_HAL_Driver/Src/stm32f4xx_hal_tim_ex.c.obj
                0x08002364                HAL_TIMEx_BreakCallback
 .text.HAL_RCC_OscConfig
                0x08002378      0x4f0 CMakeFiles/FreeRTOS_demo.elf.dir/Drivers/STM32F4xx_HAL_Driver/Src/stm32f4xx_hal_rcc.c.obj
                0x08002378                HAL_RCC_OscConfig
 .text.HAL_RCC_ClockConfig
                0x08002868      0x1cc CMakeFiles/FreeRTOS_demo.elf.dir/Drivers/STM32F4xx_HAL_Driver/Src/stm32f4xx_hal_rcc.c.obj
                0x08002868                HAL_RCC_ClockConfig
 .text.HAL_RCC_GetSysClockFreq
                0x08002a34      0x18c CMakeFiles/FreeRTOS_demo.elf.dir/Drivers/STM32F4xx_HAL_Driver/Src/stm32f4xx_hal_rcc.c.obj
                0x08002a34                HAL_RCC_GetSysClockFreq
 .text.HAL_RCC_GetHCLKFreq
                0x08002bc0       0x18 CMakeFiles/FreeRTOS_demo.elf.dir/Drivers/STM32F4xx_HAL_Driver/Src/stm32f4xx_hal_rcc.c.obj
                0x08002bc0                HAL_RCC_GetHCLKFreq
 .text.HAL_RCC_GetPCLK1Freq
                0x08002bd8       0x28 CMakeFiles/FreeRTOS_demo.elf.dir/Drivers/STM32F4xx_HAL_Driver/Src/stm32f4xx_hal_rcc.c.obj
                0x08002bd8                HAL_RCC_GetPCLK1Freq
 .text.HAL_RCC_GetPCLK2Freq
                0x08002c00       0x28 CMakeFiles/FreeRTOS_demo.elf.dir/Drivers/STM32F4xx_HAL_Driver/Src/stm32f4xx_hal_rcc.c.obj
                0x08002c00                HAL_RCC_GetPCLK2Freq
 .text.HAL_RCC_GetClockConfig
                0x08002c28       0x64 CMakeFiles/FreeRTOS_demo.elf.dir/Drivers/STM32F4xx_HAL_Driver/Src/stm32f4xx_hal_rcc.c.obj
                0x08002c28                HAL_RCC_GetClockConfig
 .text.HAL_GPIO_Init
                0x08002c8c      0x358 CMakeFiles/FreeRTOS_demo.elf.dir/Drivers/STM32F4xx_HAL_Driver/Src/stm32f4xx_hal_gpio.c.obj
                0x08002c8c                HAL_GPIO_Init
 .text.HAL_GPIO_WritePin
                0x08002fe4       0x32 CMakeFiles/FreeRTOS_demo.elf.dir/Drivers/STM32F4xx_HAL_Driver/Src/stm32f4xx_hal_gpio.c.obj
                0x08002fe4                HAL_GPIO_WritePin
 .text.HAL_DMA_Abort
                0x08003016       0xe0 CMakeFiles/FreeRTOS_demo.elf.dir/Drivers/STM32F4xx_HAL_Driver/Src/stm32f4xx_hal_dma.c.obj
                0x08003016                HAL_DMA_Abort
 .text.HAL_DMA_Abort_IT
                0x080030f6       0x44 CMakeFiles/FreeRTOS_demo.elf.dir/Drivers/STM32F4xx_HAL_Driver/Src/stm32f4xx_hal_dma.c.obj
                0x080030f6                HAL_DMA_Abort_IT
 *fill*         0x0800313a        0x2 
 .text.HAL_PWREx_EnableOverDrive
                0x0800313c       0xa0 CMakeFiles/FreeRTOS_demo.elf.dir/Drivers/STM32F4xx_HAL_Driver/Src/stm32f4xx_hal_pwr_ex.c.obj
                0x0800313c                HAL_PWREx_EnableOverDrive
 .text.__NVIC_SetPriorityGrouping
                0x080031dc       0x48 CMakeFiles/FreeRTOS_demo.elf.dir/Drivers/STM32F4xx_HAL_Driver/Src/stm32f4xx_hal_cortex.c.obj
 .text.__NVIC_GetPriorityGrouping
                0x08003224       0x1c CMakeFiles/FreeRTOS_demo.elf.dir/Drivers/STM32F4xx_HAL_Driver/Src/stm32f4xx_hal_cortex.c.obj
 .text.__NVIC_EnableIRQ
                0x08003240       0x3c CMakeFiles/FreeRTOS_demo.elf.dir/Drivers/STM32F4xx_HAL_Driver/Src/stm32f4xx_hal_cortex.c.obj
 .text.__NVIC_SetPriority
                0x0800327c       0x54 CMakeFiles/FreeRTOS_demo.elf.dir/Drivers/STM32F4xx_HAL_Driver/Src/stm32f4xx_hal_cortex.c.obj
 .text.NVIC_EncodePriority
                0x080032d0       0x66 CMakeFiles/FreeRTOS_demo.elf.dir/Drivers/STM32F4xx_HAL_Driver/Src/stm32f4xx_hal_cortex.c.obj
 .text.HAL_NVIC_SetPriorityGrouping
                0x08003336       0x16 CMakeFiles/FreeRTOS_demo.elf.dir/Drivers/STM32F4xx_HAL_Driver/Src/stm32f4xx_hal_cortex.c.obj
                0x08003336                HAL_NVIC_SetPriorityGrouping
 .text.HAL_NVIC_SetPriority
                0x0800334c       0x38 CMakeFiles/FreeRTOS_demo.elf.dir/Drivers/STM32F4xx_HAL_Driver/Src/stm32f4xx_hal_cortex.c.obj
                0x0800334c                HAL_NVIC_SetPriority
 .text.HAL_NVIC_EnableIRQ
                0x08003384       0x1c CMakeFiles/FreeRTOS_demo.elf.dir/Drivers/STM32F4xx_HAL_Driver/Src/stm32f4xx_hal_cortex.c.obj
                0x08003384                HAL_NVIC_EnableIRQ
 .text.HAL_Init
                0x080033a0       0x44 CMakeFiles/FreeRTOS_demo.elf.dir/Drivers/STM32F4xx_HAL_Driver/Src/stm32f4xx_hal.c.obj
                0x080033a0                HAL_Init
 .text.HAL_IncTick
                0x080033e4       0x28 CMakeFiles/FreeRTOS_demo.elf.dir/Drivers/STM32F4xx_HAL_Driver/Src/stm32f4xx_hal.c.obj
                0x080033e4                HAL_IncTick
 .text.HAL_GetTick
                0x0800340c       0x18 CMakeFiles/FreeRTOS_demo.elf.dir/Drivers/STM32F4xx_HAL_Driver/Src/stm32f4xx_hal.c.obj
                0x0800340c                HAL_GetTick
 .text.SystemInit
                0x08003424       0x24 CMakeFiles/FreeRTOS_demo.elf.dir/Core/Src/system_stm32f4xx.c.obj
                0x08003424                SystemInit
 .text.MX_TIM1_Init
                0x08003448      0x140 CMakeFiles/FreeRTOS_demo.elf.dir/Core/Src/tim.c.obj
                0x08003448                MX_TIM1_Init
 .text.MX_TIM5_Init
                0x08003588       0xb4 CMakeFiles/FreeRTOS_demo.elf.dir/Core/Src/tim.c.obj
                0x08003588                MX_TIM5_Init
 .text.HAL_TIM_Base_MspInit
                0x0800363c       0x44 CMakeFiles/FreeRTOS_demo.elf.dir/Core/Src/tim.c.obj
                0x0800363c                HAL_TIM_Base_MspInit
 .text.HAL_TIM_PWM_MspInit
                0x08003680       0x44 CMakeFiles/FreeRTOS_demo.elf.dir/Core/Src/tim.c.obj
                0x08003680                HAL_TIM_PWM_MspInit
 .text.HAL_TIM_MspPostInit
                0x080036c4       0xc4 CMakeFiles/FreeRTOS_demo.elf.dir/Core/Src/tim.c.obj
                0x080036c4                HAL_TIM_MspPostInit
 .text.MX_USART2_UART_Init
                0x08003788       0x54 CMakeFiles/FreeRTOS_demo.elf.dir/Core/Src/usart.c.obj
                0x08003788                MX_USART2_UART_Init
 .text.HAL_UART_MspInit
                0x080037dc       0xa0 CMakeFiles/FreeRTOS_demo.elf.dir/Core/Src/usart.c.obj
                0x080037dc                HAL_UART_MspInit
 .text.HAL_UART_Init
                0x0800387c       0x9a CMakeFiles/FreeRTOS_demo.elf.dir/Drivers/STM32F4xx_HAL_Driver/Src/stm32f4xx_hal_uart.c.obj
                0x0800387c                HAL_UART_Init
 .text.HAL_UART_Transmit
                0x08003916      0x124 CMakeFiles/FreeRTOS_demo.elf.dir/Drivers/STM32F4xx_HAL_Driver/Src/stm32f4xx_hal_uart.c.obj
                0x08003916                HAL_UART_Transmit
 *fill*         0x08003a3a        0x2 
 .text.HAL_UART_IRQHandler
                0x08003a3c      0x51c CMakeFiles/FreeRTOS_demo.elf.dir/Drivers/STM32F4xx_HAL_Driver/Src/stm32f4xx_hal_uart.c.obj
                0x08003a3c                HAL_UART_IRQHandler
 .text.HAL_UART_TxCpltCallback
                0x08003f58       0x14 CMakeFiles/FreeRTOS_demo.elf.dir/Drivers/STM32F4xx_HAL_Driver/Src/stm32f4xx_hal_uart.c.obj
                0x08003f58                HAL_UART_TxCpltCallback
 .text.HAL_UART_RxCpltCallback
                0x08003f6c       0x14 CMakeFiles/FreeRTOS_demo.elf.dir/Drivers/STM32F4xx_HAL_Driver/Src/stm32f4xx_hal_uart.c.obj
                0x08003f6c                HAL_UART_RxCpltCallback
 .text.HAL_UART_ErrorCallback
                0x08003f80       0x14 CMakeFiles/FreeRTOS_demo.elf.dir/Drivers/STM32F4xx_HAL_Driver/Src/stm32f4xx_hal_uart.c.obj
                0x08003f80                HAL_UART_ErrorCallback
 .text.HAL_UARTEx_RxEventCallback
                0x08003f94       0x18 CMakeFiles/FreeRTOS_demo.elf.dir/Drivers/STM32F4xx_HAL_Driver/Src/stm32f4xx_hal_uart.c.obj
                0x08003f94                HAL_UARTEx_RxEventCallback
 .text.UART_WaitOnFlagUntilTimeout
                0x08003fac       0xdc CMakeFiles/FreeRTOS_demo.elf.dir/Drivers/STM32F4xx_HAL_Driver/Src/stm32f4xx_hal_uart.c.obj
 .text.UART_EndRxTransfer
                0x08004088       0xc6 CMakeFiles/FreeRTOS_demo.elf.dir/Drivers/STM32F4xx_HAL_Driver/Src/stm32f4xx_hal_uart.c.obj
 .text.UART_DMAAbortOnError
                0x0800414e       0x28 CMakeFiles/FreeRTOS_demo.elf.dir/Drivers/STM32F4xx_HAL_Driver/Src/stm32f4xx_hal_uart.c.obj
 .text.UART_Transmit_IT
                0x08004176       0xa0 CMakeFiles/FreeRTOS_demo.elf.dir/Drivers/STM32F4xx_HAL_Driver/Src/stm32f4xx_hal_uart.c.obj
 .text.UART_EndTransmit_IT
                0x08004216       0x30 CMakeFiles/FreeRTOS_demo.elf.dir/Drivers/STM32F4xx_HAL_Driver/Src/stm32f4xx_hal_uart.c.obj
 .text.UART_Receive_IT
                0x08004246      0x176 CMakeFiles/FreeRTOS_demo.elf.dir/Drivers/STM32F4xx_HAL_Driver/Src/stm32f4xx_hal_uart.c.obj
 .text.UART_SetConfig
                0x080043bc      0x4e8 CMakeFiles/FreeRTOS_demo.elf.dir/Drivers/STM32F4xx_HAL_Driver/Src/stm32f4xx_hal_uart.c.obj
 .text.User_FREERTOS_Init
                0x080048a4       0x44 CMakeFiles/FreeRTOS_demo.elf.dir/User/Src/user_tasks.c.obj
                0x080048a4                User_FREERTOS_Init
 .text.StartLEDTask
                0x080048e8       0x5c CMakeFiles/FreeRTOS_demo.elf.dir/User/Src/user_tasks.c.obj
 .text.fputc    0x08004944       0x34 CMakeFiles/FreeRTOS_demo.elf.dir/User/Src/user_usart.c.obj
                0x08004944                fputc
 .text._write   0x08004978       0x3a CMakeFiles/FreeRTOS_demo.elf.dir/User/Src/user_usart.c.obj
                0x08004978                _write
 *fill*         0x080049b2        0x2 
 .text.User_USART_Init
                0x080049b4       0x2c CMakeFiles/FreeRTOS_demo.elf.dir/User/Src/user_usart.c.obj
                0x080049b4                User_USART_Init
 .text.StartUSARTTask
                0x080049e0       0x1c CMakeFiles/FreeRTOS_demo.elf.dir/User/Src/user_usart.c.obj
 .text.Reset_Handler
                0x080049fc       0x50 CMakeFiles/FreeRTOS_demo.elf.dir/startup_stm32f427xx.s.obj
                0x080049fc                Reset_Handler
 .text.Default_Handler
                0x08004a4c        0x2 CMakeFiles/FreeRTOS_demo.elf.dir/startup_stm32f427xx.s.obj
                0x08004a4c                RTC_Alarm_IRQHandler
                0x08004a4c                HASH_RNG_IRQHandler
                0x08004a4c                EXTI2_IRQHandler
                0x08004a4c                TIM8_CC_IRQHandler
                0x08004a4c                UART8_IRQHandler
                0x08004a4c                SPI4_IRQHandler
                0x08004a4c                TIM1_CC_IRQHandler
                0x08004a4c                DMA2_Stream5_IRQHandler
                0x08004a4c                DMA1_Stream5_IRQHandler
                0x08004a4c                PVD_IRQHandler
                0x08004a4c                SDIO_IRQHandler
                0x08004a4c                TAMP_STAMP_IRQHandler
                0x08004a4c                CAN2_RX1_IRQHandler
                0x08004a4c                EXTI3_IRQHandler
                0x08004a4c                TIM8_TRG_COM_TIM14_IRQHandler
                0x08004a4c                TIM1_UP_TIM10_IRQHandler
                0x08004a4c                TIM8_UP_TIM13_IRQHandler
                0x08004a4c                I2C3_ER_IRQHandler
                0x08004a4c                EXTI0_IRQHandler
                0x08004a4c                I2C2_EV_IRQHandler
                0x08004a4c                DMA1_Stream2_IRQHandler
                0x08004a4c                CAN1_RX0_IRQHandler
                0x08004a4c                FPU_IRQHandler
                0x08004a4c                OTG_HS_WKUP_IRQHandler
                0x08004a4c                CAN2_SCE_IRQHandler
                0x08004a4c                DMA2_Stream2_IRQHandler
                0x08004a4c                SPI1_IRQHandler
                0x08004a4c                TIM6_DAC_IRQHandler
                0x08004a4c                TIM1_BRK_TIM9_IRQHandler
                0x08004a4c                DCMI_IRQHandler
                0x08004a4c                CAN2_RX0_IRQHandler
                0x08004a4c                DMA2_Stream3_IRQHandler
                0x08004a4c                USART6_IRQHandler
                0x08004a4c                USART3_IRQHandler
                0x08004a4c                CAN1_RX1_IRQHandler
                0x08004a4c                UART5_IRQHandler
                0x08004a4c                DMA2_Stream0_IRQHandler
                0x08004a4c                TIM4_IRQHandler
                0x08004a4c                I2C1_EV_IRQHandler
                0x08004a4c                DMA1_Stream6_IRQHandler
                0x08004a4c                DMA1_Stream1_IRQHandler
                0x08004a4c                UART4_IRQHandler
                0x08004a4c                TIM3_IRQHandler
                0x08004a4c                RCC_IRQHandler
                0x08004a4c                TIM8_BRK_TIM12_IRQHandler
                0x08004a4c                Default_Handler
                0x08004a4c                EXTI15_10_IRQHandler
                0x08004a4c                ADC_IRQHandler
                0x08004a4c                DMA1_Stream7_IRQHandler
                0x08004a4c                SPI5_IRQHandler
                0x08004a4c                TIM7_IRQHandler
                0x08004a4c                CAN2_TX_IRQHandler
                0x08004a4c                TIM5_IRQHandler
                0x08004a4c                DMA2_Stream7_IRQHandler
                0x08004a4c                I2C3_EV_IRQHandler
                0x08004a4c                EXTI9_5_IRQHandler
                0x08004a4c                RTC_WKUP_IRQHandler
                0x08004a4c                ETH_WKUP_IRQHandler
                0x08004a4c                SPI2_IRQHandler
                0x08004a4c                OTG_HS_EP1_IN_IRQHandler
                0x08004a4c                DMA1_Stream0_IRQHandler
                0x08004a4c                CAN1_TX_IRQHandler
                0x08004a4c                EXTI4_IRQHandler
                0x08004a4c                ETH_IRQHandler
                0x08004a4c                OTG_HS_EP1_OUT_IRQHandler
                0x08004a4c                WWDG_IRQHandler
                0x08004a4c                SPI6_IRQHandler
                0x08004a4c                OTG_FS_WKUP_IRQHandler
                0x08004a4c                TIM1_TRG_COM_TIM11_IRQHandler
                0x08004a4c                OTG_HS_IRQHandler
                0x08004a4c                DMA2D_IRQHandler
                0x08004a4c                EXTI1_IRQHandler
                0x08004a4c                UART7_IRQHandler
                0x08004a4c                I2C2_ER_IRQHandler
                0x08004a4c                DMA2_Stream1_IRQHandler
                0x08004a4c                CAN1_SCE_IRQHandler
                0x08004a4c                FLASH_IRQHandler
                0x08004a4c                DMA2_Stream4_IRQHandler
                0x08004a4c                USART1_IRQHandler
                0x08004a4c                OTG_FS_IRQHandler
                0x08004a4c                SPI3_IRQHandler
                0x08004a4c                DMA1_Stream4_IRQHandler
                0x08004a4c                I2C1_ER_IRQHandler
                0x08004a4c                FMC_IRQHandler
                0x08004a4c                DMA2_Stream6_IRQHandler
                0x08004a4c                SAI1_IRQHandler
                0x08004a4c                DMA1_Stream3_IRQHandler
 *fill*         0x08004a4e        0x2 
 .text.__libc_init_array
                0x08004a50       0x48 c:/gcc-arm-none-eabi/bin/../lib/gcc/arm-none-eabi/10.3.1/../../../../arm-none-eabi/lib/thumb/v7e-m+fp/hard\libc_nano.a(lib_a-init.o)
                0x08004a50                __libc_init_array
 .text.memset   0x08004a98       0x10 c:/gcc-arm-none-eabi/bin/../lib/gcc/arm-none-eabi/10.3.1/../../../../arm-none-eabi/lib/thumb/v7e-m+fp/hard\libc_nano.a(lib_a-memset.o)
                0x08004a98                memset
 .text.__cvt    0x08004aa8       0xc4 c:/gcc-arm-none-eabi/bin/../lib/gcc/arm-none-eabi/10.3.1/../../../../arm-none-eabi/lib/thumb/v7e-m+fp/hard\libc_nano.a(lib_a-nano-vfprintf_float.o)
                0x08004aa8                __cvt
 .text.__exponent
                0x08004b6c       0x7c c:/gcc-arm-none-eabi/bin/../lib/gcc/arm-none-eabi/10.3.1/../../../../arm-none-eabi/lib/thumb/v7e-m+fp/hard\libc_nano.a(lib_a-nano-vfprintf_float.o)
                0x08004b6c                __exponent
 .text._printf_float
                0x08004be8      0x46c c:/gcc-arm-none-eabi/bin/../lib/gcc/arm-none-eabi/10.3.1/../../../../arm-none-eabi/lib/thumb/v7e-m+fp/hard\libc_nano.a(lib_a-nano-vfprintf_float.o)
                0x08004be8                _printf_float
 .text._printf_common
                0x08005054       0xda c:/gcc-arm-none-eabi/bin/../lib/gcc/arm-none-eabi/10.3.1/../../../../arm-none-eabi/lib/thumb/v7e-m+fp/hard\libc_nano.a(lib_a-nano-vfprintf_i.o)
                0x08005054                _printf_common
 *fill*         0x0800512e        0x2 
 .text._printf_i
                0x08005130      0x24c c:/gcc-arm-none-eabi/bin/../lib/gcc/arm-none-eabi/10.3.1/../../../../arm-none-eabi/lib/thumb/v7e-m+fp/hard\libc_nano.a(lib_a-nano-vfprintf_i.o)
                0x08005130                _printf_i
 .text._puts_r  0x0800537c       0xdc c:/gcc-arm-none-eabi/bin/../lib/gcc/arm-none-eabi/10.3.1/../../../../arm-none-eabi/lib/thumb/v7e-m+fp/hard\libc_nano.a(lib_a-puts.o)
                0x0800537c                _puts_r
 .text.puts     0x08005458       0x10 c:/gcc-arm-none-eabi/bin/../lib/gcc/arm-none-eabi/10.3.1/../../../../arm-none-eabi/lib/thumb/v7e-m+fp/hard\libc_nano.a(lib_a-puts.o)
                0x08005458                puts
 .text.__swbuf_r
                0x08005468       0xa4 c:/gcc-arm-none-eabi/bin/../lib/gcc/arm-none-eabi/10.3.1/../../../../arm-none-eabi/lib/thumb/v7e-m+fp/hard\libc_nano.a(lib_a-wbuf.o)
                0x08005468                __swbuf_r
 .text.__swsetup_r
                0x0800550c       0xdc c:/gcc-arm-none-eabi/bin/../lib/gcc/arm-none-eabi/10.3.1/../../../../arm-none-eabi/lib/thumb/v7e-m+fp/hard\libc_nano.a(lib_a-wsetup.o)
                0x0800550c                __swsetup_r
 .text.quorem   0x080055e8      0x116 c:/gcc-arm-none-eabi/bin/../lib/gcc/arm-none-eabi/10.3.1/../../../../arm-none-eabi/lib/thumb/v7e-m+fp/hard\libc_nano.a(lib_a-dtoa.o)
 *fill*         0x080056fe        0x2 
 .text._dtoa_r  0x08005700      0xbdc c:/gcc-arm-none-eabi/bin/../lib/gcc/arm-none-eabi/10.3.1/../../../../arm-none-eabi/lib/thumb/v7e-m+fp/hard\libc_nano.a(lib_a-dtoa.o)
                0x08005700                _dtoa_r
 .text.__sflush_r
                0x080062dc      0x10c c:/gcc-arm-none-eabi/bin/../lib/gcc/arm-none-eabi/10.3.1/../../../../arm-none-eabi/lib/thumb/v7e-m+fp/hard\libc_nano.a(lib_a-fflush.o)
                0x080062dc                __sflush_r
 .text._fflush_r
                0x080063e8       0x78 c:/gcc-arm-none-eabi/bin/../lib/gcc/arm-none-eabi/10.3.1/../../../../arm-none-eabi/lib/thumb/v7e-m+fp/hard\libc_nano.a(lib_a-fflush.o)
                0x080063e8                _fflush_r
 .text.std      0x08006460       0x48 c:/gcc-arm-none-eabi/bin/../lib/gcc/arm-none-eabi/10.3.1/../../../../arm-none-eabi/lib/thumb/v7e-m+fp/hard\libc_nano.a(lib_a-findfp.o)
 .text._cleanup_r
                0x080064a8        0xc c:/gcc-arm-none-eabi/bin/../lib/gcc/arm-none-eabi/10.3.1/../../../../arm-none-eabi/lib/thumb/v7e-m+fp/hard\libc_nano.a(lib_a-findfp.o)
                0x080064a8                _cleanup_r
 .text.__sfmoreglue
                0x080064b4       0x2c c:/gcc-arm-none-eabi/bin/../lib/gcc/arm-none-eabi/10.3.1/../../../../arm-none-eabi/lib/thumb/v7e-m+fp/hard\libc_nano.a(lib_a-findfp.o)
                0x080064b4                __sfmoreglue
 .text.__sfp_lock_acquire
                0x080064e0        0xc c:/gcc-arm-none-eabi/bin/../lib/gcc/arm-none-eabi/10.3.1/../../../../arm-none-eabi/lib/thumb/v7e-m+fp/hard\libc_nano.a(lib_a-findfp.o)
                0x080064e0                __sfp_lock_acquire
 .text.__sfp_lock_release
                0x080064ec        0xc c:/gcc-arm-none-eabi/bin/../lib/gcc/arm-none-eabi/10.3.1/../../../../arm-none-eabi/lib/thumb/v7e-m+fp/hard\libc_nano.a(lib_a-findfp.o)
                0x080064ec                __sfp_lock_release
 .text.__sinit_lock_acquire
                0x080064f8        0xc c:/gcc-arm-none-eabi/bin/../lib/gcc/arm-none-eabi/10.3.1/../../../../arm-none-eabi/lib/thumb/v7e-m+fp/hard\libc_nano.a(lib_a-findfp.o)
                0x080064f8                __sinit_lock_acquire
 .text.__sinit_lock_release
                0x08006504        0xc c:/gcc-arm-none-eabi/bin/../lib/gcc/arm-none-eabi/10.3.1/../../../../arm-none-eabi/lib/thumb/v7e-m+fp/hard\libc_nano.a(lib_a-findfp.o)
                0x08006504                __sinit_lock_release
 .text.__sinit  0x08006510       0x70 c:/gcc-arm-none-eabi/bin/../lib/gcc/arm-none-eabi/10.3.1/../../../../arm-none-eabi/lib/thumb/v7e-m+fp/hard\libc_nano.a(lib_a-findfp.o)
                0x08006510                __sinit
 .text.__sfp    0x08006580       0x8c c:/gcc-arm-none-eabi/bin/../lib/gcc/arm-none-eabi/10.3.1/../../../../arm-none-eabi/lib/thumb/v7e-m+fp/hard\libc_nano.a(lib_a-findfp.o)
                0x08006580                __sfp
 .text._fwalk_reent
                0x0800660c       0x3e c:/gcc-arm-none-eabi/bin/../lib/gcc/arm-none-eabi/10.3.1/../../../../arm-none-eabi/lib/thumb/v7e-m+fp/hard\libc_nano.a(lib_a-fwalk.o)
                0x0800660c                _fwalk_reent
 *fill*         0x0800664a        0x2 
 .text._localeconv_r
                0x0800664c        0x8 c:/gcc-arm-none-eabi/bin/../lib/gcc/arm-none-eabi/10.3.1/../../../../arm-none-eabi/lib/thumb/v7e-m+fp/hard\libc_nano.a(lib_a-localeconv.o)
                0x0800664c                _localeconv_r
 .text.__retarget_lock_init_recursive
                0x08006654        0x2 c:/gcc-arm-none-eabi/bin/../lib/gcc/arm-none-eabi/10.3.1/../../../../arm-none-eabi/lib/thumb/v7e-m+fp/hard\libc_nano.a(lib_a-lock.o)
                0x08006654                __retarget_lock_init_recursive
 .text.__retarget_lock_acquire_recursive
                0x08006656        0x2 c:/gcc-arm-none-eabi/bin/../lib/gcc/arm-none-eabi/10.3.1/../../../../arm-none-eabi/lib/thumb/v7e-m+fp/hard\libc_nano.a(lib_a-lock.o)
                0x08006656                __retarget_lock_acquire_recursive
 .text.__retarget_lock_release_recursive
                0x08006658        0x2 c:/gcc-arm-none-eabi/bin/../lib/gcc/arm-none-eabi/10.3.1/../../../../arm-none-eabi/lib/thumb/v7e-m+fp/hard\libc_nano.a(lib_a-lock.o)
                0x08006658                __retarget_lock_release_recursive
 .text.__swhatbuf_r
                0x0800665a       0x4a c:/gcc-arm-none-eabi/bin/../lib/gcc/arm-none-eabi/10.3.1/../../../../arm-none-eabi/lib/thumb/v7e-m+fp/hard\libc_nano.a(lib_a-makebuf.o)
                0x0800665a                __swhatbuf_r
 .text.__smakebuf_r
                0x080066a4       0x80 c:/gcc-arm-none-eabi/bin/../lib/gcc/arm-none-eabi/10.3.1/../../../../arm-none-eabi/lib/thumb/v7e-m+fp/hard\libc_nano.a(lib_a-makebuf.o)
                0x080066a4                __smakebuf_r
 .text.malloc   0x08006724       0x10 c:/gcc-arm-none-eabi/bin/../lib/gcc/arm-none-eabi/10.3.1/../../../../arm-none-eabi/lib/thumb/v7e-m+fp/hard\libc_nano.a(lib_a-malloc.o)
                0x08006724                malloc
 .text.memcpy   0x08006734       0x1c c:/gcc-arm-none-eabi/bin/../lib/gcc/arm-none-eabi/10.3.1/../../../../arm-none-eabi/lib/thumb/v7e-m+fp/hard\libc_nano.a(lib_a-memcpy-stub.o)
                0x08006734                memcpy
 .text._Balloc  0x08006750       0x80 c:/gcc-arm-none-eabi/bin/../lib/gcc/arm-none-eabi/10.3.1/../../../../arm-none-eabi/lib/thumb/v7e-m+fp/hard\libc_nano.a(lib_a-mprec.o)
                0x08006750                _Balloc
 .text._Bfree   0x080067d0       0x44 c:/gcc-arm-none-eabi/bin/../lib/gcc/arm-none-eabi/10.3.1/../../../../arm-none-eabi/lib/thumb/v7e-m+fp/hard\libc_nano.a(lib_a-mprec.o)
                0x080067d0                _Bfree
 .text.__multadd
                0x08006814       0x8c c:/gcc-arm-none-eabi/bin/../lib/gcc/arm-none-eabi/10.3.1/../../../../arm-none-eabi/lib/thumb/v7e-m+fp/hard\libc_nano.a(lib_a-mprec.o)
                0x08006814                __multadd
 .text.__hi0bits
                0x080068a0       0x40 c:/gcc-arm-none-eabi/bin/../lib/gcc/arm-none-eabi/10.3.1/../../../../arm-none-eabi/lib/thumb/v7e-m+fp/hard\libc_nano.a(lib_a-mprec.o)
                0x080068a0                __hi0bits
 .text.__lo0bits
                0x080068e0       0x5e c:/gcc-arm-none-eabi/bin/../lib/gcc/arm-none-eabi/10.3.1/../../../../arm-none-eabi/lib/thumb/v7e-m+fp/hard\libc_nano.a(lib_a-mprec.o)
                0x080068e0                __lo0bits
 *fill*         0x0800693e        0x2 
 .text.__i2b    0x08006940       0x2c c:/gcc-arm-none-eabi/bin/../lib/gcc/arm-none-eabi/10.3.1/../../../../arm-none-eabi/lib/thumb/v7e-m+fp/hard\libc_nano.a(lib_a-mprec.o)
                0x08006940                __i2b
 .text.__multiply
                0x0800696c      0x154 c:/gcc-arm-none-eabi/bin/../lib/gcc/arm-none-eabi/10.3.1/../../../../arm-none-eabi/lib/thumb/v7e-m+fp/hard\libc_nano.a(lib_a-mprec.o)
                0x0800696c                __multiply
 .text.__pow5mult
                0x08006ac0       0xb4 c:/gcc-arm-none-eabi/bin/../lib/gcc/arm-none-eabi/10.3.1/../../../../arm-none-eabi/lib/thumb/v7e-m+fp/hard\libc_nano.a(lib_a-mprec.o)
                0x08006ac0                __pow5mult
 .text.__lshift
                0x08006b74       0xe0 c:/gcc-arm-none-eabi/bin/../lib/gcc/arm-none-eabi/10.3.1/../../../../arm-none-eabi/lib/thumb/v7e-m+fp/hard\libc_nano.a(lib_a-mprec.o)
                0x08006b74                __lshift
 .text.__mcmp   0x08006c54       0x38 c:/gcc-arm-none-eabi/bin/../lib/gcc/arm-none-eabi/10.3.1/../../../../arm-none-eabi/lib/thumb/v7e-m+fp/hard\libc_nano.a(lib_a-mprec.o)
                0x08006c54                __mcmp
 .text.__mdiff  0x08006c8c      0x114 c:/gcc-arm-none-eabi/bin/../lib/gcc/arm-none-eabi/10.3.1/../../../../arm-none-eabi/lib/thumb/v7e-m+fp/hard\libc_nano.a(lib_a-mprec.o)
                0x08006c8c                __mdiff
 .text.__d2b    0x08006da0       0xb8 c:/gcc-arm-none-eabi/bin/../lib/gcc/arm-none-eabi/10.3.1/../../../../arm-none-eabi/lib/thumb/v7e-m+fp/hard\libc_nano.a(lib_a-mprec.o)
                0x08006da0                __d2b
 .text._calloc_r
                0x08006e58       0x2c c:/gcc-arm-none-eabi/bin/../lib/gcc/arm-none-eabi/10.3.1/../../../../arm-none-eabi/lib/thumb/v7e-m+fp/hard\libc_nano.a(lib_a-nano-callocr.o)
                0x08006e58                _calloc_r
 .text._free_r  0x08006e84       0x98 c:/gcc-arm-none-eabi/bin/../lib/gcc/arm-none-eabi/10.3.1/../../../../arm-none-eabi/lib/thumb/v7e-m+fp/hard\libc_nano.a(lib_a-nano-freer.o)
                0x08006e84                _free_r
 .text.sbrk_aligned
                0x08006f1c       0x40 c:/gcc-arm-none-eabi/bin/../lib/gcc/arm-none-eabi/10.3.1/../../../../arm-none-eabi/lib/thumb/v7e-m+fp/hard\libc_nano.a(lib_a-nano-mallocr.o)
 .text._malloc_r
                0x08006f5c       0xe8 c:/gcc-arm-none-eabi/bin/../lib/gcc/arm-none-eabi/10.3.1/../../../../arm-none-eabi/lib/thumb/v7e-m+fp/hard\libc_nano.a(lib_a-nano-mallocr.o)
                0x08006f5c                _malloc_r
 .text._sbrk_r  0x08007044       0x20 c:/gcc-arm-none-eabi/bin/../lib/gcc/arm-none-eabi/10.3.1/../../../../arm-none-eabi/lib/thumb/v7e-m+fp/hard\libc_nano.a(lib_a-sbrkr.o)
                0x08007044                _sbrk_r
 .text.__sread  0x08007064       0x22 c:/gcc-arm-none-eabi/bin/../lib/gcc/arm-none-eabi/10.3.1/../../../../arm-none-eabi/lib/thumb/v7e-m+fp/hard\libc_nano.a(lib_a-stdio.o)
                0x08007064                __sread
 .text.__swrite
                0x08007086       0x38 c:/gcc-arm-none-eabi/bin/../lib/gcc/arm-none-eabi/10.3.1/../../../../arm-none-eabi/lib/thumb/v7e-m+fp/hard\libc_nano.a(lib_a-stdio.o)
                0x08007086                __swrite
 .text.__sseek  0x080070be       0x24 c:/gcc-arm-none-eabi/bin/../lib/gcc/arm-none-eabi/10.3.1/../../../../arm-none-eabi/lib/thumb/v7e-m+fp/hard\libc_nano.a(lib_a-stdio.o)
                0x080070be                __sseek
 .text.__sclose
                0x080070e2        0x8 c:/gcc-arm-none-eabi/bin/../lib/gcc/arm-none-eabi/10.3.1/../../../../arm-none-eabi/lib/thumb/v7e-m+fp/hard\libc_nano.a(lib_a-stdio.o)
                0x080070e2                __sclose
 *fill*         0x080070ea        0x2 
 .text._write_r
                0x080070ec       0x24 c:/gcc-arm-none-eabi/bin/../lib/gcc/arm-none-eabi/10.3.1/../../../../arm-none-eabi/lib/thumb/v7e-m+fp/hard\libc_nano.a(lib_a-writer.o)
                0x080070ec                _write_r
 .text.__assert_func
                0x08007110       0x3c c:/gcc-arm-none-eabi/bin/../lib/gcc/arm-none-eabi/10.3.1/../../../../arm-none-eabi/lib/thumb/v7e-m+fp/hard\libc_nano.a(lib_a-assert.o)
                0x08007110                __assert_func
 .text._close_r
                0x0800714c       0x20 c:/gcc-arm-none-eabi/bin/../lib/gcc/arm-none-eabi/10.3.1/../../../../arm-none-eabi/lib/thumb/v7e-m+fp/hard\libc_nano.a(lib_a-closer.o)
                0x0800714c                _close_r
 .text.fprintf  0x0800716c       0x24 c:/gcc-arm-none-eabi/bin/../lib/gcc/arm-none-eabi/10.3.1/../../../../arm-none-eabi/lib/thumb/v7e-m+fp/hard\libc_nano.a(lib_a-fprintf.o)
                0x0800716c                fiprintf
                0x0800716c                fprintf
 .text._fstat_r
                0x08007190       0x24 c:/gcc-arm-none-eabi/bin/../lib/gcc/arm-none-eabi/10.3.1/../../../../arm-none-eabi/lib/thumb/v7e-m+fp/hard\libc_nano.a(lib_a-fstatr.o)
                0x08007190                _fstat_r
 .text._isatty_r
                0x080071b4       0x20 c:/gcc-arm-none-eabi/bin/../lib/gcc/arm-none-eabi/10.3.1/../../../../arm-none-eabi/lib/thumb/v7e-m+fp/hard\libc_nano.a(lib_a-isattyr.o)
                0x080071b4                _isatty_r
 .text._lseek_r
                0x080071d4       0x24 c:/gcc-arm-none-eabi/bin/../lib/gcc/arm-none-eabi/10.3.1/../../../../arm-none-eabi/lib/thumb/v7e-m+fp/hard\libc_nano.a(lib_a-lseekr.o)
                0x080071d4                _lseek_r
 .text.__ascii_mbtowc
                0x080071f8       0x24 c:/gcc-arm-none-eabi/bin/../lib/gcc/arm-none-eabi/10.3.1/../../../../arm-none-eabi/lib/thumb/v7e-m+fp/hard\libc_nano.a(lib_a-mbtowc_r.o)
                0x080071f8                __ascii_mbtowc
 .text.__malloc_lock
                0x0800721c        0xc c:/gcc-arm-none-eabi/bin/../lib/gcc/arm-none-eabi/10.3.1/../../../../arm-none-eabi/lib/thumb/v7e-m+fp/hard\libc_nano.a(lib_a-mlock.o)
                0x0800721c                __malloc_lock
 .text.__malloc_unlock
                0x08007228        0xc c:/gcc-arm-none-eabi/bin/../lib/gcc/arm-none-eabi/10.3.1/../../../../arm-none-eabi/lib/thumb/v7e-m+fp/hard\libc_nano.a(lib_a-mlock.o)
                0x08007228                __malloc_unlock
 .text.__sfputc_r
                0x08007234       0x2e c:/gcc-arm-none-eabi/bin/../lib/gcc/arm-none-eabi/10.3.1/../../../../arm-none-eabi/lib/thumb/v7e-m+fp/hard\libc_nano.a(lib_a-nano-vfprintf.o)
 .text.__sfputs_r
                0x08007262       0x24 c:/gcc-arm-none-eabi/bin/../lib/gcc/arm-none-eabi/10.3.1/../../../../arm-none-eabi/lib/thumb/v7e-m+fp/hard\libc_nano.a(lib_a-nano-vfprintf.o)
                0x08007262                __sfputs_r
 *fill*         0x08007286        0x2 
 .text._vfprintf_r
                0x08007288      0x260 c:/gcc-arm-none-eabi/bin/../lib/gcc/arm-none-eabi/10.3.1/../../../../arm-none-eabi/lib/thumb/v7e-m+fp/hard\libc_nano.a(lib_a-nano-vfprintf.o)
                0x08007288                _vfprintf_r
                0x08007288                _vfiprintf_r
 .text._read_r  0x080074e8       0x24 c:/gcc-arm-none-eabi/bin/../lib/gcc/arm-none-eabi/10.3.1/../../../../arm-none-eabi/lib/thumb/v7e-m+fp/hard\libc_nano.a(lib_a-readr.o)
                0x080074e8                _read_r
 .text.__ascii_wctomb
                0x0800750c       0x1a c:/gcc-arm-none-eabi/bin/../lib/gcc/arm-none-eabi/10.3.1/../../../../arm-none-eabi/lib/thumb/v7e-m+fp/hard\libc_nano.a(lib_a-wctomb_r.o)
                0x0800750c                __ascii_wctomb
 .text.abort    0x08007526        0xe c:/gcc-arm-none-eabi/bin/../lib/gcc/arm-none-eabi/10.3.1/../../../../arm-none-eabi/lib/thumb/v7e-m+fp/hard\libc_nano.a(lib_a-abort.o)
                0x08007526                abort
 .text._raise_r
                0x08007534       0x50 c:/gcc-arm-none-eabi/bin/../lib/gcc/arm-none-eabi/10.3.1/../../../../arm-none-eabi/lib/thumb/v7e-m+fp/hard\libc_nano.a(lib_a-signal.o)
                0x08007534                _raise_r
 .text.raise    0x08007584       0x10 c:/gcc-arm-none-eabi/bin/../lib/gcc/arm-none-eabi/10.3.1/../../../../arm-none-eabi/lib/thumb/v7e-m+fp/hard\libc_nano.a(lib_a-signal.o)
                0x08007584                raise
 .text._kill_r  0x08007594       0x24 c:/gcc-arm-none-eabi/bin/../lib/gcc/arm-none-eabi/10.3.1/../../../../arm-none-eabi/lib/thumb/v7e-m+fp/hard\libc_nano.a(lib_a-signalr.o)
                0x08007594                _kill_r
 .text._getpid_r
                0x080075b8        0x4 c:/gcc-arm-none-eabi/bin/../lib/gcc/arm-none-eabi/10.3.1/../../../../arm-none-eabi/lib/thumb/v7e-m+fp/hard\libc_nano.a(lib_a-signalr.o)
                0x080075b8                _getpid_r
 .text._close   0x080075bc       0x10 c:/gcc-arm-none-eabi/bin/../lib/gcc/arm-none-eabi/10.3.1/../../../../arm-none-eabi/lib/thumb/v7e-m+fp/hard\libnosys.a(close.o)
                0x080075bc                _close
 .text._fstat   0x080075cc       0x10 c:/gcc-arm-none-eabi/bin/../lib/gcc/arm-none-eabi/10.3.1/../../../../arm-none-eabi/lib/thumb/v7e-m+fp/hard\libnosys.a(fstat.o)
                0x080075cc                _fstat
 .text._getpid  0x080075dc       0x10 c:/gcc-arm-none-eabi/bin/../lib/gcc/arm-none-eabi/10.3.1/../../../../arm-none-eabi/lib/thumb/v7e-m+fp/hard\libnosys.a(getpid.o)
                0x080075dc                _getpid
 .text._isatty  0x080075ec       0x10 c:/gcc-arm-none-eabi/bin/../lib/gcc/arm-none-eabi/10.3.1/../../../../arm-none-eabi/lib/thumb/v7e-m+fp/hard\libnosys.a(isatty.o)
                0x080075ec                _isatty
 .text._kill    0x080075fc       0x10 c:/gcc-arm-none-eabi/bin/../lib/gcc/arm-none-eabi/10.3.1/../../../../arm-none-eabi/lib/thumb/v7e-m+fp/hard\libnosys.a(kill.o)
                0x080075fc                _kill
 .text._lseek   0x0800760c       0x10 c:/gcc-arm-none-eabi/bin/../lib/gcc/arm-none-eabi/10.3.1/../../../../arm-none-eabi/lib/thumb/v7e-m+fp/hard\libnosys.a(lseek.o)
                0x0800760c                _lseek
 .text._read    0x0800761c       0x10 c:/gcc-arm-none-eabi/bin/../lib/gcc/arm-none-eabi/10.3.1/../../../../arm-none-eabi/lib/thumb/v7e-m+fp/hard\libnosys.a(read.o)
                0x0800761c                _read
 .text._sbrk    0x0800762c       0x1c c:/gcc-arm-none-eabi/bin/../lib/gcc/arm-none-eabi/10.3.1/../../../../arm-none-eabi/lib/thumb/v7e-m+fp/hard\libnosys.a(sbrk.o)
                0x0800762c                _sbrk
 .text._exit    0x08007648        0x4 c:/gcc-arm-none-eabi/bin/../lib/gcc/arm-none-eabi/10.3.1/../../../../arm-none-eabi/lib/thumb/v7e-m+fp/hard\libnosys.a(_exit.o)
                0x08007648                _exit
 .text.xQueueGenericReset
                0x0800764c      0x120 FreeRTOS-Kernel/libfreertos_kernel.a(queue.c.obj)
                0x0800764c                xQueueGenericReset
 .text.xQueueGenericCreate
                0x0800776c       0x9c FreeRTOS-Kernel/libfreertos_kernel.a(queue.c.obj)
                0x0800776c                xQueueGenericCreate
 .text.prvInitialiseNewQueue
                0x08007808       0x46 FreeRTOS-Kernel/libfreertos_kernel.a(queue.c.obj)
 .text.prvInitialiseMutex
                0x0800784e       0x34 FreeRTOS-Kernel/libfreertos_kernel.a(queue.c.obj)
 .text.xQueueCreateMutex
                0x08007882       0x30 FreeRTOS-Kernel/libfreertos_kernel.a(queue.c.obj)
                0x08007882                xQueueCreateMutex
 *fill*         0x080078b2        0x2 
 .text.xQueueGenericSend
                0x080078b4      0x1fc FreeRTOS-Kernel/libfreertos_kernel.a(queue.c.obj)
                0x080078b4                xQueueGenericSend
 .text.prvCopyDataToQueue
                0x08007ab0       0xd4 FreeRTOS-Kernel/libfreertos_kernel.a(queue.c.obj)
 .text.prvUnlockQueue
                0x08007b84       0xa4 FreeRTOS-Kernel/libfreertos_kernel.a(queue.c.obj)
 .text.prvIsQueueFull
                0x08007c28       0x30 FreeRTOS-Kernel/libfreertos_kernel.a(queue.c.obj)
 .text.prvCreateTask
                0x08007c58       0x78 FreeRTOS-Kernel/libfreertos_kernel.a(tasks.c.obj)
 .text.xTaskCreate
                0x08007cd0       0x46 FreeRTOS-Kernel/libfreertos_kernel.a(tasks.c.obj)
                0x08007cd0                xTaskCreate
 .text.prvInitialiseNewTask
                0x08007d16      0x11c FreeRTOS-Kernel/libfreertos_kernel.a(tasks.c.obj)
 *fill*         0x08007e32        0x2 
 .text.prvAddNewTaskToReadyList
                0x08007e34      0x130 FreeRTOS-Kernel/libfreertos_kernel.a(tasks.c.obj)
 .text.vTaskDelay
                0x08007f64       0x68 FreeRTOS-Kernel/libfreertos_kernel.a(tasks.c.obj)
                0x08007f64                vTaskDelay
 .text.prvCreateIdleTasks
                0x08007fcc       0x94 FreeRTOS-Kernel/libfreertos_kernel.a(tasks.c.obj)
 .text.vTaskStartScheduler
                0x08008060       0x7c FreeRTOS-Kernel/libfreertos_kernel.a(tasks.c.obj)
                0x08008060                vTaskStartScheduler
 .text.vTaskSuspendAll
                0x080080dc       0x1c FreeRTOS-Kernel/libfreertos_kernel.a(tasks.c.obj)
                0x080080dc                vTaskSuspendAll
 .text.xTaskResumeAll
                0x080080f8      0x210 FreeRTOS-Kernel/libfreertos_kernel.a(tasks.c.obj)
                0x080080f8                xTaskResumeAll
 .text.xTaskIncrementTick
                0x08008308      0x230 FreeRTOS-Kernel/libfreertos_kernel.a(tasks.c.obj)
                0x08008308                xTaskIncrementTick
 .text.vTaskSwitchContext
                0x08008538       0xb8 FreeRTOS-Kernel/libfreertos_kernel.a(tasks.c.obj)
                0x08008538                vTaskSwitchContext
 .text.vTaskPlaceOnEventList
                0x080085f0       0x48 FreeRTOS-Kernel/libfreertos_kernel.a(tasks.c.obj)
                0x080085f0                vTaskPlaceOnEventList
 .text.xTaskRemoveFromEventList
                0x08008638      0x1b0 FreeRTOS-Kernel/libfreertos_kernel.a(tasks.c.obj)
                0x08008638                xTaskRemoveFromEventList
 .text.vTaskInternalSetTimeOutState
                0x080087e8       0x2c FreeRTOS-Kernel/libfreertos_kernel.a(tasks.c.obj)
                0x080087e8                vTaskInternalSetTimeOutState
 .text.xTaskCheckForTimeOut
                0x08008814       0xcc FreeRTOS-Kernel/libfreertos_kernel.a(tasks.c.obj)
                0x08008814                xTaskCheckForTimeOut
 .text.vTaskMissedYield
                0x080088e0       0x18 FreeRTOS-Kernel/libfreertos_kernel.a(tasks.c.obj)
                0x080088e0                vTaskMissedYield
 .text.prvIdleTask
                0x080088f8       0x30 FreeRTOS-Kernel/libfreertos_kernel.a(tasks.c.obj)
 .text.prvInitialiseTaskLists
                0x08008928       0x80 FreeRTOS-Kernel/libfreertos_kernel.a(tasks.c.obj)
 .text.prvCheckTasksWaitingTermination
                0x080089a8       0x5c FreeRTOS-Kernel/libfreertos_kernel.a(tasks.c.obj)
 .text.prvDeleteTCB
                0x08008a04       0x20 FreeRTOS-Kernel/libfreertos_kernel.a(tasks.c.obj)
 .text.prvResetNextTaskUnblockTime
                0x08008a24       0x38 FreeRTOS-Kernel/libfreertos_kernel.a(tasks.c.obj)
 .text.xTaskGetSchedulerState
                0x08008a5c       0x3c FreeRTOS-Kernel/libfreertos_kernel.a(tasks.c.obj)
                0x08008a5c                xTaskGetSchedulerState
 .text.xTaskPriorityDisinherit
                0x08008a98      0x14c FreeRTOS-Kernel/libfreertos_kernel.a(tasks.c.obj)
                0x08008a98                xTaskPriorityDisinherit
 .text.prvAddCurrentTaskToDelayedList
                0x08008be4      0x104 FreeRTOS-Kernel/libfreertos_kernel.a(tasks.c.obj)
 .text.pvPortMalloc
                0x08008ce8      0x258 FreeRTOS-Kernel/libfreertos_kernel.a(heap_4.c.obj)
                0x08008ce8                pvPortMalloc
 .text.vPortFree
                0x08008f40       0xf0 FreeRTOS-Kernel/libfreertos_kernel.a(heap_4.c.obj)
                0x08008f40                vPortFree
 .text.prvHeapInit
                0x08009030       0xb4 FreeRTOS-Kernel/libfreertos_kernel.a(heap_4.c.obj)
 .text.prvInsertBlockIntoFreeList
                0x080090e4       0xf4 FreeRTOS-Kernel/libfreertos_kernel.a(heap_4.c.obj)
 .text.pxPortInitialiseStack
                0x080091d8       0x68 FreeRTOS-Kernel/libfreertos_kernel.a(port.c.obj)
                0x080091d8                pxPortInitialiseStack
 .text.prvTaskExitError
                0x08009240       0x58 FreeRTOS-Kernel/libfreertos_kernel.a(port.c.obj)
 *fill*         0x08009298        0x8 
 .text.SVC_Handler
                0x080092a0       0x28 FreeRTOS-Kernel/libfreertos_kernel.a(port.c.obj)
                0x080092a0                SVC_Handler
 .text.prvPortStartFirstTask
                0x080092c8       0x2c FreeRTOS-Kernel/libfreertos_kernel.a(port.c.obj)
 .text.xPortStartScheduler
                0x080092f4      0x1d4 FreeRTOS-Kernel/libfreertos_kernel.a(port.c.obj)
                0x080092f4                xPortStartScheduler
 .text.vPortEnterCritical
                0x080094c8       0x60 FreeRTOS-Kernel/libfreertos_kernel.a(port.c.obj)
                0x080094c8                vPortEnterCritical
 .text.vPortExitCritical
                0x08009528       0x54 FreeRTOS-Kernel/libfreertos_kernel.a(port.c.obj)
                0x08009528                vPortExitCritical
 *fill*         0x0800957c        0x4 
 .text.PendSV_Handler
                0x08009580       0x68 FreeRTOS-Kernel/libfreertos_kernel.a(port.c.obj)
                0x08009580                PendSV_Handler
 .text.SysTick_Handler
                0x080095e8       0x44 FreeRTOS-Kernel/libfreertos_kernel.a(port.c.obj)
                0x080095e8                SysTick_Handler
 .text.vPortSetupTimerInterrupt
                0x0800962c       0x48 FreeRTOS-Kernel/libfreertos_kernel.a(port.c.obj)
                0x0800962c                vPortSetupTimerInterrupt
 .text.vPortEnableVFP
                0x08009674       0x18 FreeRTOS-Kernel/libfreertos_kernel.a(port.c.obj)
 .text.vListInitialise
                0x0800968c       0x40 FreeRTOS-Kernel/libfreertos_kernel.a(list.c.obj)
                0x0800968c                vListInitialise
 .text.vListInitialiseItem
                0x080096cc       0x1a FreeRTOS-Kernel/libfreertos_kernel.a(list.c.obj)
                0x080096cc                vListInitialiseItem
 .text.vListInsert
                0x080096e6       0x72 FreeRTOS-Kernel/libfreertos_kernel.a(list.c.obj)
                0x080096e6                vListInsert
 .text.uxListRemove
                0x08009758       0x54 FreeRTOS-Kernel/libfreertos_kernel.a(list.c.obj)
                0x08009758                uxListRemove
 *(.glue_7)
 .glue_7        0x080097ac        0x0 linker stubs
 *(.glue_7t)
 .glue_7t       0x080097ac        0x0 linker stubs
 *(.eh_frame)
 .eh_frame      0x080097ac        0x0 c:/gcc-arm-none-eabi/bin/../lib/gcc/arm-none-eabi/10.3.1/thumb/v7e-m+fp/hard/crtbegin.o
 *(.init)
 .init          0x080097ac        0x4 c:/gcc-arm-none-eabi/bin/../lib/gcc/arm-none-eabi/10.3.1/thumb/v7e-m+fp/hard/crti.o
                0x080097ac                _init
 .init          0x080097b0        0x8 c:/gcc-arm-none-eabi/bin/../lib/gcc/arm-none-eabi/10.3.1/thumb/v7e-m+fp/hard/crtn.o
 *(.fini)
 .fini          0x080097b8        0x4 c:/gcc-arm-none-eabi/bin/../lib/gcc/arm-none-eabi/10.3.1/thumb/v7e-m+fp/hard/crti.o
                0x080097b8                _fini
 .fini          0x080097bc        0x8 c:/gcc-arm-none-eabi/bin/../lib/gcc/arm-none-eabi/10.3.1/thumb/v7e-m+fp/hard/crtn.o
                0x080097c4                . = ALIGN (0x4)
                0x080097c4                _etext = .

.vfp11_veneer   0x080097c4        0x0
 .vfp11_veneer  0x080097c4        0x0 linker stubs

.v4_bx          0x080097c4        0x0
 .v4_bx         0x080097c4        0x0 linker stubs

.iplt           0x080097c4        0x0
 .iplt          0x080097c4        0x0 c:/gcc-arm-none-eabi/bin/../lib/gcc/arm-none-eabi/10.3.1/thumb/v7e-m+fp/hard/crtbegin.o

.rodata         0x080097c8      0x47c
                0x080097c8                . = ALIGN (0x4)
 *(.rodata)
 .rodata        0x080097c8       0x1a CMakeFiles/FreeRTOS_demo.elf.dir/User/Src/user_tasks.c.obj
 *fill*         0x080097e2        0x2 
 .rodata        0x080097e4       0x20 CMakeFiles/FreeRTOS_demo.elf.dir/User/Src/user_usart.c.obj
 .rodata        0x08009804        0x5 FreeRTOS-Kernel/libfreertos_kernel.a(tasks.c.obj)
 *(.rodata*)
 *fill*         0x08009809        0x3 
 .rodata.AHBPrescTable
                0x0800980c       0x10 CMakeFiles/FreeRTOS_demo.elf.dir/Core/Src/system_stm32f4xx.c.obj
                0x0800980c                AHBPrescTable
 .rodata.APBPrescTable
                0x0800981c        0x8 CMakeFiles/FreeRTOS_demo.elf.dir/Core/Src/system_stm32f4xx.c.obj
                0x0800981c                APBPrescTable
 .rodata._global_impure_ptr
                0x08009824        0x4 c:/gcc-arm-none-eabi/bin/../lib/gcc/arm-none-eabi/10.3.1/../../../../arm-none-eabi/lib/thumb/v7e-m+fp/hard\libc_nano.a(lib_a-impure.o)
                0x08009824                _global_impure_ptr
 .rodata._printf_float.str1.1
                0x08009828       0x12 c:/gcc-arm-none-eabi/bin/../lib/gcc/arm-none-eabi/10.3.1/../../../../arm-none-eabi/lib/thumb/v7e-m+fp/hard\libc_nano.a(lib_a-nano-vfprintf_float.o)
 .rodata._printf_i.str1.1
                0x0800983a       0x22 c:/gcc-arm-none-eabi/bin/../lib/gcc/arm-none-eabi/10.3.1/../../../../arm-none-eabi/lib/thumb/v7e-m+fp/hard\libc_nano.a(lib_a-nano-vfprintf_i.o)
 .rodata._dtoa_r.str1.1
                0x0800985c       0xb3 c:/gcc-arm-none-eabi/bin/../lib/gcc/arm-none-eabi/10.3.1/../../../../arm-none-eabi/lib/thumb/v7e-m+fp/hard\libc_nano.a(lib_a-dtoa.o)
                                 0xb5 (size before relaxing)
 *fill*         0x0800990f        0x1 
 .rodata.__sf_fake_stderr
                0x08009910       0x20 c:/gcc-arm-none-eabi/bin/../lib/gcc/arm-none-eabi/10.3.1/../../../../arm-none-eabi/lib/thumb/v7e-m+fp/hard\libc_nano.a(lib_a-findfp.o)
                0x08009910                __sf_fake_stderr
 .rodata.__sf_fake_stdin
                0x08009930       0x20 c:/gcc-arm-none-eabi/bin/../lib/gcc/arm-none-eabi/10.3.1/../../../../arm-none-eabi/lib/thumb/v7e-m+fp/hard\libc_nano.a(lib_a-findfp.o)
                0x08009930                __sf_fake_stdin
 .rodata.__sf_fake_stdout
                0x08009950       0x20 c:/gcc-arm-none-eabi/bin/../lib/gcc/arm-none-eabi/10.3.1/../../../../arm-none-eabi/lib/thumb/v7e-m+fp/hard\libc_nano.a(lib_a-findfp.o)
                0x08009950                __sf_fake_stdout
 .rodata._Balloc.str1.1
                0x08009970       0x7f c:/gcc-arm-none-eabi/bin/../lib/gcc/arm-none-eabi/10.3.1/../../../../arm-none-eabi/lib/thumb/v7e-m+fp/hard\libc_nano.a(lib_a-mprec.o)
                                 0x96 (size before relaxing)
 .rodata.__multadd.str1.1
                0x080099ef       0x11 c:/gcc-arm-none-eabi/bin/../lib/gcc/arm-none-eabi/10.3.1/../../../../arm-none-eabi/lib/thumb/v7e-m+fp/hard\libc_nano.a(lib_a-mprec.o)
 *fill*         0x080099ef        0x1 
 .rodata.__mprec_bigtens
                0x080099f0       0x28 c:/gcc-arm-none-eabi/bin/../lib/gcc/arm-none-eabi/10.3.1/../../../../arm-none-eabi/lib/thumb/v7e-m+fp/hard\libc_nano.a(lib_a-mprec.o)
                0x080099f0                __mprec_bigtens
 .rodata.__mprec_tens
                0x08009a18       0xc8 c:/gcc-arm-none-eabi/bin/../lib/gcc/arm-none-eabi/10.3.1/../../../../arm-none-eabi/lib/thumb/v7e-m+fp/hard\libc_nano.a(lib_a-mprec.o)
                0x08009a18                __mprec_tens
 .rodata.p05.0  0x08009ae0        0xc c:/gcc-arm-none-eabi/bin/../lib/gcc/arm-none-eabi/10.3.1/../../../../arm-none-eabi/lib/thumb/v7e-m+fp/hard\libc_nano.a(lib_a-mprec.o)
 .rodata.__assert_func.str1.1
                0x08009aec       0x3c c:/gcc-arm-none-eabi/bin/../lib/gcc/arm-none-eabi/10.3.1/../../../../arm-none-eabi/lib/thumb/v7e-m+fp/hard\libc_nano.a(lib_a-assert.o)
                                 0x3d (size before relaxing)
 .rodata._setlocale_r.str1.1
                0x08009b28        0x8 c:/gcc-arm-none-eabi/bin/../lib/gcc/arm-none-eabi/10.3.1/../../../../arm-none-eabi/lib/thumb/v7e-m+fp/hard\libc_nano.a(lib_a-locale.o)
                                  0x9 (size before relaxing)
 .rodata.str1.1
                0x08009b30        0x2 c:/gcc-arm-none-eabi/bin/../lib/gcc/arm-none-eabi/10.3.1/../../../../arm-none-eabi/lib/thumb/v7e-m+fp/hard\libc_nano.a(lib_a-locale.o)
 .rodata._vfprintf_r.str1.1
                0x08009b32       0x11 c:/gcc-arm-none-eabi/bin/../lib/gcc/arm-none-eabi/10.3.1/../../../../arm-none-eabi/lib/thumb/v7e-m+fp/hard\libc_nano.a(lib_a-nano-vfprintf.o)
 .rodata._ctype_
                0x08009b43      0x101 c:/gcc-arm-none-eabi/bin/../lib/gcc/arm-none-eabi/10.3.1/../../../../arm-none-eabi/lib/thumb/v7e-m+fp/hard\libc_nano.a(lib_a-ctype_.o)
                0x08009b43                _ctype_
                0x08009c44                . = ALIGN (0x4)

.ARM.extab
 *(.ARM.extab* .gnu.linkonce.armextab.*)

.ARM            0x08009c44        0x8
                0x08009c44                __exidx_start = .
 *(.ARM.exidx*)
 .ARM.exidx     0x08009c44        0x8 c:/gcc-arm-none-eabi/bin/../lib/gcc/arm-none-eabi/10.3.1/thumb/v7e-m+fp/hard\libgcc.a(_udivmoddi4.o)
                0x08009c4c                __exidx_end = .

.rel.dyn        0x08009c4c        0x0
 .rel.iplt      0x08009c4c        0x0 c:/gcc-arm-none-eabi/bin/../lib/gcc/arm-none-eabi/10.3.1/thumb/v7e-m+fp/hard/crtbegin.o

.preinit_array  0x08009c4c        0x0
                0x08009c4c                PROVIDE (__preinit_array_start = .)
 *(.preinit_array*)
                0x08009c4c                PROVIDE (__preinit_array_end = .)

.init_array     0x08009c4c        0x4
                0x08009c4c                PROVIDE (__init_array_start = .)
 *(SORT_BY_NAME(.init_array.*))
 *(.init_array*)
 .init_array    0x08009c4c        0x4 c:/gcc-arm-none-eabi/bin/../lib/gcc/arm-none-eabi/10.3.1/thumb/v7e-m+fp/hard/crtbegin.o
                0x08009c50                PROVIDE (__init_array_end = .)

.fini_array     0x08009c50        0x4
                [!provide]                PROVIDE (__fini_array_start = .)
 *(SORT_BY_NAME(.fini_array.*))
 *(.fini_array*)
 .fini_array    0x08009c50        0x4 c:/gcc-arm-none-eabi/bin/../lib/gcc/arm-none-eabi/10.3.1/thumb/v7e-m+fp/hard/crtbegin.o
                [!provide]                PROVIDE (__fini_array_end = .)
                0x08009c54                _sidata = LOADADDR (.data)

.data           0x20000000      0x1e4 load address 0x08009c54
                0x20000000                . = ALIGN (0x4)
                0x20000000                _sdata = .
 *(.data)
 *(.data*)
 .data.uwTickPrio
                0x20000000        0x4 CMakeFiles/FreeRTOS_demo.elf.dir/Drivers/STM32F4xx_HAL_Driver/Src/stm32f4xx_hal.c.obj
                0x20000000                uwTickPrio
 .data.uwTickFreq
                0x20000004        0x1 CMakeFiles/FreeRTOS_demo.elf.dir/Drivers/STM32F4xx_HAL_Driver/Src/stm32f4xx_hal.c.obj
                0x20000004                uwTickFreq
 *fill*         0x20000005        0x3 
 .data.SystemCoreClock
                0x20000008        0x4 CMakeFiles/FreeRTOS_demo.elf.dir/Core/Src/system_stm32f4xx.c.obj
                0x20000008                SystemCoreClock
 .data._impure_ptr
                0x2000000c        0x4 c:/gcc-arm-none-eabi/bin/../lib/gcc/arm-none-eabi/10.3.1/../../../../arm-none-eabi/lib/thumb/v7e-m+fp/hard\libc_nano.a(lib_a-impure.o)
                0x2000000c                _impure_ptr
 .data.impure_data
                0x20000010       0x60 c:/gcc-arm-none-eabi/bin/../lib/gcc/arm-none-eabi/10.3.1/../../../../arm-none-eabi/lib/thumb/v7e-m+fp/hard\libc_nano.a(lib_a-impure.o)
 .data.__global_locale
                0x20000070      0x16c c:/gcc-arm-none-eabi/bin/../lib/gcc/arm-none-eabi/10.3.1/../../../../arm-none-eabi/lib/thumb/v7e-m+fp/hard\libc_nano.a(lib_a-locale.o)
                0x20000070                __global_locale
 .data.uxTopUsedPriority
                0x200001dc        0x4 FreeRTOS-Kernel/libfreertos_kernel.a(tasks.c.obj)
 .data.uxCriticalNesting
                0x200001e0        0x4 FreeRTOS-Kernel/libfreertos_kernel.a(port.c.obj)
                0x200001e4                . = ALIGN (0x4)
                0x200001e4                _edata = .
                0x08009e38                _siccmram = LOADADDR (.ccmram)

.igot.plt       0x200001e4        0x0 load address 0x08009e38
 .igot.plt      0x200001e4        0x0 c:/gcc-arm-none-eabi/bin/../lib/gcc/arm-none-eabi/10.3.1/thumb/v7e-m+fp/hard/crtbegin.o

.ccmram         0x10000000        0x0 load address 0x08009e38
                0x10000000                . = ALIGN (0x4)
                0x10000000                _sccmram = .
 *(.ccmram)
 *(.ccmram*)
                0x10000000                . = ALIGN (0x4)
                0x10000000                _eccmram = .
                0x10000000                . = ALIGN (0x4)

.bss            0x200001e4     0x3eac
                0x200001e4                _sbss = .
                0x200001e4                __bss_start__ = _sbss
 *(.bss)
 .bss           0x200001e4       0x1c c:/gcc-arm-none-eabi/bin/../lib/gcc/arm-none-eabi/10.3.1/thumb/v7e-m+fp/hard/crtbegin.o
 *(.bss*)
 .bss.htim2     0x20000200       0x48 CMakeFiles/FreeRTOS_demo.elf.dir/Core/Src/stm32f4xx_hal_timebase_tim.c.obj
                0x20000200                htim2
 .bss.uwTick    0x20000248        0x4 CMakeFiles/FreeRTOS_demo.elf.dir/Drivers/STM32F4xx_HAL_Driver/Src/stm32f4xx_hal.c.obj
                0x20000248                uwTick
 .bss.htim1     0x2000024c       0x48 CMakeFiles/FreeRTOS_demo.elf.dir/Core/Src/tim.c.obj
                0x2000024c                htim1
 .bss.htim5     0x20000294       0x48 CMakeFiles/FreeRTOS_demo.elf.dir/Core/Src/tim.c.obj
                0x20000294                htim5
 .bss.huart2    0x200002dc       0x44 CMakeFiles/FreeRTOS_demo.elf.dir/Core/Src/usart.c.obj
                0x200002dc                huart2
 .bss.TaskLEDHandle
                0x20000320        0x4 CMakeFiles/FreeRTOS_demo.elf.dir/User/Src/user_tasks.c.obj
                0x20000320                TaskLEDHandle
 .bss.xMutex    0x20000324        0x4 CMakeFiles/FreeRTOS_demo.elf.dir/User/Src/user_tasks.c.obj
                0x20000324                xMutex
 .bss.TaskUSARTHandle
                0x20000328        0x4 CMakeFiles/FreeRTOS_demo.elf.dir/User/Src/user_usart.c.obj
 .bss.__lock___malloc_recursive_mutex
                0x2000032c        0x1 c:/gcc-arm-none-eabi/bin/../lib/gcc/arm-none-eabi/10.3.1/../../../../arm-none-eabi/lib/thumb/v7e-m+fp/hard\libc_nano.a(lib_a-lock.o)
                0x2000032c                __lock___malloc_recursive_mutex
 .bss.__lock___sfp_recursive_mutex
                0x2000032d        0x1 c:/gcc-arm-none-eabi/bin/../lib/gcc/arm-none-eabi/10.3.1/../../../../arm-none-eabi/lib/thumb/v7e-m+fp/hard\libc_nano.a(lib_a-lock.o)
                0x2000032d                __lock___sfp_recursive_mutex
 .bss.__lock___sinit_recursive_mutex
                0x2000032e        0x1 c:/gcc-arm-none-eabi/bin/../lib/gcc/arm-none-eabi/10.3.1/../../../../arm-none-eabi/lib/thumb/v7e-m+fp/hard\libc_nano.a(lib_a-lock.o)
                0x2000032e                __lock___sinit_recursive_mutex
 *fill*         0x2000032f        0x1 
 .bss.__malloc_free_list
                0x20000330        0x4 c:/gcc-arm-none-eabi/bin/../lib/gcc/arm-none-eabi/10.3.1/../../../../arm-none-eabi/lib/thumb/v7e-m+fp/hard\libc_nano.a(lib_a-nano-mallocr.o)
                0x20000330                __malloc_free_list
 .bss.__malloc_sbrk_start
                0x20000334        0x4 c:/gcc-arm-none-eabi/bin/../lib/gcc/arm-none-eabi/10.3.1/../../../../arm-none-eabi/lib/thumb/v7e-m+fp/hard\libc_nano.a(lib_a-nano-mallocr.o)
                0x20000334                __malloc_sbrk_start
 .bss.errno     0x20000338        0x4 c:/gcc-arm-none-eabi/bin/../lib/gcc/arm-none-eabi/10.3.1/../../../../arm-none-eabi/lib/thumb/v7e-m+fp/hard\libc_nano.a(lib_a-reent.o)
                0x20000338                errno
 .bss.heap_end.0
                0x2000033c        0x4 c:/gcc-arm-none-eabi/bin/../lib/gcc/arm-none-eabi/10.3.1/../../../../arm-none-eabi/lib/thumb/v7e-m+fp/hard\libnosys.a(sbrk.o)
 .bss.pxCurrentTCB
                0x20000340        0x4 FreeRTOS-Kernel/libfreertos_kernel.a(tasks.c.obj)
                0x20000340                pxCurrentTCB
 .bss.pxReadyTasksLists
                0x20000344       0x8c FreeRTOS-Kernel/libfreertos_kernel.a(tasks.c.obj)
 .bss.xDelayedTaskList1
                0x200003d0       0x14 FreeRTOS-Kernel/libfreertos_kernel.a(tasks.c.obj)
 .bss.xDelayedTaskList2
                0x200003e4       0x14 FreeRTOS-Kernel/libfreertos_kernel.a(tasks.c.obj)
 .bss.pxDelayedTaskList
                0x200003f8        0x4 FreeRTOS-Kernel/libfreertos_kernel.a(tasks.c.obj)
 .bss.pxOverflowDelayedTaskList
                0x200003fc        0x4 FreeRTOS-Kernel/libfreertos_kernel.a(tasks.c.obj)
 .bss.xPendingReadyList
                0x20000400       0x14 FreeRTOS-Kernel/libfreertos_kernel.a(tasks.c.obj)
 .bss.xTasksWaitingTermination
                0x20000414       0x14 FreeRTOS-Kernel/libfreertos_kernel.a(tasks.c.obj)
 .bss.uxDeletedTasksWaitingCleanUp
                0x20000428        0x4 FreeRTOS-Kernel/libfreertos_kernel.a(tasks.c.obj)
 .bss.xSuspendedTaskList
                0x2000042c       0x14 FreeRTOS-Kernel/libfreertos_kernel.a(tasks.c.obj)
 .bss.uxCurrentNumberOfTasks
                0x20000440        0x4 FreeRTOS-Kernel/libfreertos_kernel.a(tasks.c.obj)
 .bss.xTickCount
                0x20000444        0x4 FreeRTOS-Kernel/libfreertos_kernel.a(tasks.c.obj)
 .bss.uxTopReadyPriority
                0x20000448        0x4 FreeRTOS-Kernel/libfreertos_kernel.a(tasks.c.obj)
 .bss.xSchedulerRunning
                0x2000044c        0x4 FreeRTOS-Kernel/libfreertos_kernel.a(tasks.c.obj)
 .bss.xPendedTicks
                0x20000450        0x4 FreeRTOS-Kernel/libfreertos_kernel.a(tasks.c.obj)
 .bss.xYieldPendings
                0x20000454        0x4 FreeRTOS-Kernel/libfreertos_kernel.a(tasks.c.obj)
 .bss.xNumOfOverflows
                0x20000458        0x4 FreeRTOS-Kernel/libfreertos_kernel.a(tasks.c.obj)
 .bss.uxTaskNumber
                0x2000045c        0x4 FreeRTOS-Kernel/libfreertos_kernel.a(tasks.c.obj)
 .bss.xNextTaskUnblockTime
                0x20000460        0x4 FreeRTOS-Kernel/libfreertos_kernel.a(tasks.c.obj)
 .bss.xIdleTaskHandles
                0x20000464        0x4 FreeRTOS-Kernel/libfreertos_kernel.a(tasks.c.obj)
 .bss.uxSchedulerSuspended
                0x20000468        0x4 FreeRTOS-Kernel/libfreertos_kernel.a(tasks.c.obj)
 .bss.ucHeap    0x2000046c     0x3c00 FreeRTOS-Kernel/libfreertos_kernel.a(heap_4.c.obj)
 .bss.xStart    0x2000406c        0x8 FreeRTOS-Kernel/libfreertos_kernel.a(heap_4.c.obj)
 .bss.pxEnd     0x20004074        0x4 FreeRTOS-Kernel/libfreertos_kernel.a(heap_4.c.obj)
 .bss.xFreeBytesRemaining
                0x20004078        0x4 FreeRTOS-Kernel/libfreertos_kernel.a(heap_4.c.obj)
 .bss.xMinimumEverFreeBytesRemaining
                0x2000407c        0x4 FreeRTOS-Kernel/libfreertos_kernel.a(heap_4.c.obj)
 .bss.xNumberOfSuccessfulAllocations
                0x20004080        0x4 FreeRTOS-Kernel/libfreertos_kernel.a(heap_4.c.obj)
 .bss.xNumberOfSuccessfulFrees
                0x20004084        0x4 FreeRTOS-Kernel/libfreertos_kernel.a(heap_4.c.obj)
 .bss.ucMaxSysCallPriority
                0x20004088        0x1 FreeRTOS-Kernel/libfreertos_kernel.a(port.c.obj)
 *fill*         0x20004089        0x3 
 .bss.ulMaxPRIGROUPValue
                0x2000408c        0x4 FreeRTOS-Kernel/libfreertos_kernel.a(port.c.obj)
 *(COMMON)
                0x20004090                . = ALIGN (0x4)
                0x20004090                _ebss = .
                0x20004090                __bss_end__ = _ebss

._user_heap_stack
                0x20004090      0x600
                0x20004090                . = ALIGN (0x8)
                0x20004090                PROVIDE (end = .)
                [!provide]                PROVIDE (_end = .)
                0x20004290                . = (. + _Min_Heap_Size)
 *fill*         0x20004090      0x200 
                0x20004690                . = (. + _Min_Stack_Size)
 *fill*         0x20004290      0x400 
                0x20004690                . = ALIGN (0x8)

/DISCARD/
 libc.a(*)
 libm.a(*)
 libgcc.a(*)

.ARM.attributes
                0x00000000       0x30
 *(.ARM.attributes)
 .ARM.attributes
                0x00000000       0x1e c:/gcc-arm-none-eabi/bin/../lib/gcc/arm-none-eabi/10.3.1/thumb/v7e-m+fp/hard/crti.o
 .ARM.attributes
                0x0000001e       0x34 c:/gcc-arm-none-eabi/bin/../lib/gcc/arm-none-eabi/10.3.1/thumb/v7e-m+fp/hard/crtbegin.o
 .ARM.attributes
                0x00000052       0x34 CMakeFiles/FreeRTOS_demo.elf.dir/Core/Src/main.c.obj
 .ARM.attributes
                0x00000086       0x34 CMakeFiles/FreeRTOS_demo.elf.dir/Core/Src/gpio.c.obj
 .ARM.attributes
                0x000000ba       0x34 CMakeFiles/FreeRTOS_demo.elf.dir/Core/Src/stm32f4xx_it.c.obj
 .ARM.attributes
                0x000000ee       0x34 CMakeFiles/FreeRTOS_demo.elf.dir/Core/Src/stm32f4xx_hal_msp.c.obj
 .ARM.attributes
                0x00000122       0x34 CMakeFiles/FreeRTOS_demo.elf.dir/Core/Src/stm32f4xx_hal_timebase_tim.c.obj
 .ARM.attributes
                0x00000156       0x34 CMakeFiles/FreeRTOS_demo.elf.dir/Drivers/STM32F4xx_HAL_Driver/Src/stm32f4xx_hal_tim.c.obj
 .ARM.attributes
                0x0000018a       0x34 CMakeFiles/FreeRTOS_demo.elf.dir/Drivers/STM32F4xx_HAL_Driver/Src/stm32f4xx_hal_tim_ex.c.obj
 .ARM.attributes
                0x000001be       0x34 CMakeFiles/FreeRTOS_demo.elf.dir/Drivers/STM32F4xx_HAL_Driver/Src/stm32f4xx_hal_rcc.c.obj
 .ARM.attributes
                0x000001f2       0x34 CMakeFiles/FreeRTOS_demo.elf.dir/Drivers/STM32F4xx_HAL_Driver/Src/stm32f4xx_hal_gpio.c.obj
 .ARM.attributes
                0x00000226       0x34 CMakeFiles/FreeRTOS_demo.elf.dir/Drivers/STM32F4xx_HAL_Driver/Src/stm32f4xx_hal_dma.c.obj
 .ARM.attributes
                0x0000025a       0x34 CMakeFiles/FreeRTOS_demo.elf.dir/Drivers/STM32F4xx_HAL_Driver/Src/stm32f4xx_hal_pwr_ex.c.obj
 .ARM.attributes
                0x0000028e       0x34 CMakeFiles/FreeRTOS_demo.elf.dir/Drivers/STM32F4xx_HAL_Driver/Src/stm32f4xx_hal_cortex.c.obj
 .ARM.attributes
                0x000002c2       0x34 CMakeFiles/FreeRTOS_demo.elf.dir/Drivers/STM32F4xx_HAL_Driver/Src/stm32f4xx_hal.c.obj
 .ARM.attributes
                0x000002f6       0x34 CMakeFiles/FreeRTOS_demo.elf.dir/Core/Src/system_stm32f4xx.c.obj
 .ARM.attributes
                0x0000032a       0x34 CMakeFiles/FreeRTOS_demo.elf.dir/Core/Src/tim.c.obj
 .ARM.attributes
                0x0000035e       0x34 CMakeFiles/FreeRTOS_demo.elf.dir/Core/Src/usart.c.obj
 .ARM.attributes
                0x00000392       0x34 CMakeFiles/FreeRTOS_demo.elf.dir/Drivers/STM32F4xx_HAL_Driver/Src/stm32f4xx_hal_uart.c.obj
 .ARM.attributes
                0x000003c6       0x34 CMakeFiles/FreeRTOS_demo.elf.dir/User/Src/user_tasks.c.obj
 .ARM.attributes
                0x000003fa       0x34 CMakeFiles/FreeRTOS_demo.elf.dir/User/Src/user_usart.c.obj
 .ARM.attributes
                0x0000042e       0x21 CMakeFiles/FreeRTOS_demo.elf.dir/startup_stm32f427xx.s.obj
 .ARM.attributes
                0x0000044f       0x34 c:/gcc-arm-none-eabi/bin/../lib/gcc/arm-none-eabi/10.3.1/../../../../arm-none-eabi/lib/thumb/v7e-m+fp/hard\libc_nano.a(lib_a-impure.o)
 .ARM.attributes
                0x00000483       0x34 c:/gcc-arm-none-eabi/bin/../lib/gcc/arm-none-eabi/10.3.1/../../../../arm-none-eabi/lib/thumb/v7e-m+fp/hard\libc_nano.a(lib_a-init.o)
 .ARM.attributes
                0x000004b7       0x34 c:/gcc-arm-none-eabi/bin/../lib/gcc/arm-none-eabi/10.3.1/../../../../arm-none-eabi/lib/thumb/v7e-m+fp/hard\libc_nano.a(lib_a-memset.o)
 .ARM.attributes
                0x000004eb       0x34 c:/gcc-arm-none-eabi/bin/../lib/gcc/arm-none-eabi/10.3.1/../../../../arm-none-eabi/lib/thumb/v7e-m+fp/hard\libc_nano.a(lib_a-nano-vfprintf_float.o)
 .ARM.attributes
                0x0000051f       0x34 c:/gcc-arm-none-eabi/bin/../lib/gcc/arm-none-eabi/10.3.1/../../../../arm-none-eabi/lib/thumb/v7e-m+fp/hard\libc_nano.a(lib_a-nano-vfprintf_i.o)
 .ARM.attributes
                0x00000553       0x34 c:/gcc-arm-none-eabi/bin/../lib/gcc/arm-none-eabi/10.3.1/../../../../arm-none-eabi/lib/thumb/v7e-m+fp/hard\libc_nano.a(lib_a-puts.o)
 .ARM.attributes
                0x00000587       0x17 c:/gcc-arm-none-eabi/bin/../lib/gcc/arm-none-eabi/10.3.1/../../../../arm-none-eabi/lib/thumb/v7e-m+fp/hard\libc_nano.a(lib_a-strlen.o)
 .ARM.attributes
                0x0000059e       0x34 c:/gcc-arm-none-eabi/bin/../lib/gcc/arm-none-eabi/10.3.1/../../../../arm-none-eabi/lib/thumb/v7e-m+fp/hard\libc_nano.a(lib_a-wbuf.o)
 .ARM.attributes
                0x000005d2       0x34 c:/gcc-arm-none-eabi/bin/../lib/gcc/arm-none-eabi/10.3.1/../../../../arm-none-eabi/lib/thumb/v7e-m+fp/hard\libc_nano.a(lib_a-wsetup.o)
 .ARM.attributes
                0x00000606       0x34 c:/gcc-arm-none-eabi/bin/../lib/gcc/arm-none-eabi/10.3.1/../../../../arm-none-eabi/lib/thumb/v7e-m+fp/hard\libc_nano.a(lib_a-dtoa.o)
 .ARM.attributes
                0x0000063a       0x34 c:/gcc-arm-none-eabi/bin/../lib/gcc/arm-none-eabi/10.3.1/../../../../arm-none-eabi/lib/thumb/v7e-m+fp/hard\libc_nano.a(lib_a-fflush.o)
 .ARM.attributes
                0x0000066e       0x34 c:/gcc-arm-none-eabi/bin/../lib/gcc/arm-none-eabi/10.3.1/../../../../arm-none-eabi/lib/thumb/v7e-m+fp/hard\libc_nano.a(lib_a-findfp.o)
 .ARM.attributes
                0x000006a2       0x34 c:/gcc-arm-none-eabi/bin/../lib/gcc/arm-none-eabi/10.3.1/../../../../arm-none-eabi/lib/thumb/v7e-m+fp/hard\libc_nano.a(lib_a-fwalk.o)
 .ARM.attributes
                0x000006d6       0x34 c:/gcc-arm-none-eabi/bin/../lib/gcc/arm-none-eabi/10.3.1/../../../../arm-none-eabi/lib/thumb/v7e-m+fp/hard\libc_nano.a(lib_a-localeconv.o)
 .ARM.attributes
                0x0000070a       0x34 c:/gcc-arm-none-eabi/bin/../lib/gcc/arm-none-eabi/10.3.1/../../../../arm-none-eabi/lib/thumb/v7e-m+fp/hard\libc_nano.a(lib_a-lock.o)
 .ARM.attributes
                0x0000073e       0x34 c:/gcc-arm-none-eabi/bin/../lib/gcc/arm-none-eabi/10.3.1/../../../../arm-none-eabi/lib/thumb/v7e-m+fp/hard\libc_nano.a(lib_a-makebuf.o)
 .ARM.attributes
                0x00000772       0x34 c:/gcc-arm-none-eabi/bin/../lib/gcc/arm-none-eabi/10.3.1/../../../../arm-none-eabi/lib/thumb/v7e-m+fp/hard\libc_nano.a(lib_a-malloc.o)
 .ARM.attributes
                0x000007a6       0x1c c:/gcc-arm-none-eabi/bin/../lib/gcc/arm-none-eabi/10.3.1/../../../../arm-none-eabi/lib/thumb/v7e-m+fp/hard\libc_nano.a(lib_a-memchr.o)
 .ARM.attributes
                0x000007c2       0x34 c:/gcc-arm-none-eabi/bin/../lib/gcc/arm-none-eabi/10.3.1/../../../../arm-none-eabi/lib/thumb/v7e-m+fp/hard\libc_nano.a(lib_a-memcpy-stub.o)
 .ARM.attributes
                0x000007f6       0x34 c:/gcc-arm-none-eabi/bin/../lib/gcc/arm-none-eabi/10.3.1/../../../../arm-none-eabi/lib/thumb/v7e-m+fp/hard\libc_nano.a(lib_a-mprec.o)
 .ARM.attributes
                0x0000082a       0x34 c:/gcc-arm-none-eabi/bin/../lib/gcc/arm-none-eabi/10.3.1/../../../../arm-none-eabi/lib/thumb/v7e-m+fp/hard\libc_nano.a(lib_a-nano-callocr.o)
 .ARM.attributes
                0x0000085e       0x34 c:/gcc-arm-none-eabi/bin/../lib/gcc/arm-none-eabi/10.3.1/../../../../arm-none-eabi/lib/thumb/v7e-m+fp/hard\libc_nano.a(lib_a-nano-freer.o)
 .ARM.attributes
                0x00000892       0x34 c:/gcc-arm-none-eabi/bin/../lib/gcc/arm-none-eabi/10.3.1/../../../../arm-none-eabi/lib/thumb/v7e-m+fp/hard\libc_nano.a(lib_a-nano-mallocr.o)
 .ARM.attributes
                0x000008c6       0x34 c:/gcc-arm-none-eabi/bin/../lib/gcc/arm-none-eabi/10.3.1/../../../../arm-none-eabi/lib/thumb/v7e-m+fp/hard\libc_nano.a(lib_a-sbrkr.o)
 .ARM.attributes
                0x000008fa       0x34 c:/gcc-arm-none-eabi/bin/../lib/gcc/arm-none-eabi/10.3.1/../../../../arm-none-eabi/lib/thumb/v7e-m+fp/hard\libc_nano.a(lib_a-stdio.o)
 .ARM.attributes
                0x0000092e       0x34 c:/gcc-arm-none-eabi/bin/../lib/gcc/arm-none-eabi/10.3.1/../../../../arm-none-eabi/lib/thumb/v7e-m+fp/hard\libc_nano.a(lib_a-writer.o)
 .ARM.attributes
                0x00000962       0x34 c:/gcc-arm-none-eabi/bin/../lib/gcc/arm-none-eabi/10.3.1/../../../../arm-none-eabi/lib/thumb/v7e-m+fp/hard\libc_nano.a(lib_a-assert.o)
 .ARM.attributes
                0x00000996       0x34 c:/gcc-arm-none-eabi/bin/../lib/gcc/arm-none-eabi/10.3.1/../../../../arm-none-eabi/lib/thumb/v7e-m+fp/hard\libc_nano.a(lib_a-closer.o)
 .ARM.attributes
                0x000009ca       0x34 c:/gcc-arm-none-eabi/bin/../lib/gcc/arm-none-eabi/10.3.1/../../../../arm-none-eabi/lib/thumb/v7e-m+fp/hard\libc_nano.a(lib_a-fprintf.o)
 .ARM.attributes
                0x000009fe       0x34 c:/gcc-arm-none-eabi/bin/../lib/gcc/arm-none-eabi/10.3.1/../../../../arm-none-eabi/lib/thumb/v7e-m+fp/hard\libc_nano.a(lib_a-fstatr.o)
 .ARM.attributes
                0x00000a32       0x34 c:/gcc-arm-none-eabi/bin/../lib/gcc/arm-none-eabi/10.3.1/../../../../arm-none-eabi/lib/thumb/v7e-m+fp/hard\libc_nano.a(lib_a-isattyr.o)
 .ARM.attributes
                0x00000a66       0x34 c:/gcc-arm-none-eabi/bin/../lib/gcc/arm-none-eabi/10.3.1/../../../../arm-none-eabi/lib/thumb/v7e-m+fp/hard\libc_nano.a(lib_a-locale.o)
 .ARM.attributes
                0x00000a9a       0x34 c:/gcc-arm-none-eabi/bin/../lib/gcc/arm-none-eabi/10.3.1/../../../../arm-none-eabi/lib/thumb/v7e-m+fp/hard\libc_nano.a(lib_a-lseekr.o)
 .ARM.attributes
                0x00000ace       0x34 c:/gcc-arm-none-eabi/bin/../lib/gcc/arm-none-eabi/10.3.1/../../../../arm-none-eabi/lib/thumb/v7e-m+fp/hard\libc_nano.a(lib_a-mbtowc_r.o)
 .ARM.attributes
                0x00000b02       0x34 c:/gcc-arm-none-eabi/bin/../lib/gcc/arm-none-eabi/10.3.1/../../../../arm-none-eabi/lib/thumb/v7e-m+fp/hard\libc_nano.a(lib_a-mlock.o)
 .ARM.attributes
                0x00000b36       0x34 c:/gcc-arm-none-eabi/bin/../lib/gcc/arm-none-eabi/10.3.1/../../../../arm-none-eabi/lib/thumb/v7e-m+fp/hard\libc_nano.a(lib_a-nano-vfprintf.o)
 .ARM.attributes
                0x00000b6a       0x34 c:/gcc-arm-none-eabi/bin/../lib/gcc/arm-none-eabi/10.3.1/../../../../arm-none-eabi/lib/thumb/v7e-m+fp/hard\libc_nano.a(lib_a-readr.o)
 .ARM.attributes
                0x00000b9e       0x34 c:/gcc-arm-none-eabi/bin/../lib/gcc/arm-none-eabi/10.3.1/../../../../arm-none-eabi/lib/thumb/v7e-m+fp/hard\libc_nano.a(lib_a-reent.o)
 .ARM.attributes
                0x00000bd2       0x34 c:/gcc-arm-none-eabi/bin/../lib/gcc/arm-none-eabi/10.3.1/../../../../arm-none-eabi/lib/thumb/v7e-m+fp/hard\libc_nano.a(lib_a-wctomb_r.o)
 .ARM.attributes
                0x00000c06       0x34 c:/gcc-arm-none-eabi/bin/../lib/gcc/arm-none-eabi/10.3.1/../../../../arm-none-eabi/lib/thumb/v7e-m+fp/hard\libc_nano.a(lib_a-abort.o)
 .ARM.attributes
                0x00000c3a       0x34 c:/gcc-arm-none-eabi/bin/../lib/gcc/arm-none-eabi/10.3.1/../../../../arm-none-eabi/lib/thumb/v7e-m+fp/hard\libc_nano.a(lib_a-ctype_.o)
 .ARM.attributes
                0x00000c6e       0x34 c:/gcc-arm-none-eabi/bin/../lib/gcc/arm-none-eabi/10.3.1/../../../../arm-none-eabi/lib/thumb/v7e-m+fp/hard\libc_nano.a(lib_a-signal.o)
 .ARM.attributes
                0x00000ca2       0x34 c:/gcc-arm-none-eabi/bin/../lib/gcc/arm-none-eabi/10.3.1/../../../../arm-none-eabi/lib/thumb/v7e-m+fp/hard\libc_nano.a(lib_a-signalr.o)
 .ARM.attributes
                0x00000cd6       0x34 c:/gcc-arm-none-eabi/bin/../lib/gcc/arm-none-eabi/10.3.1/../../../../arm-none-eabi/lib/thumb/v7e-m+fp/hard\libnosys.a(close.o)
 .ARM.attributes
                0x00000d0a       0x34 c:/gcc-arm-none-eabi/bin/../lib/gcc/arm-none-eabi/10.3.1/../../../../arm-none-eabi/lib/thumb/v7e-m+fp/hard\libnosys.a(fstat.o)
 .ARM.attributes
                0x00000d3e       0x34 c:/gcc-arm-none-eabi/bin/../lib/gcc/arm-none-eabi/10.3.1/../../../../arm-none-eabi/lib/thumb/v7e-m+fp/hard\libnosys.a(getpid.o)
 .ARM.attributes
                0x00000d72       0x34 c:/gcc-arm-none-eabi/bin/../lib/gcc/arm-none-eabi/10.3.1/../../../../arm-none-eabi/lib/thumb/v7e-m+fp/hard\libnosys.a(isatty.o)
 .ARM.attributes
                0x00000da6       0x34 c:/gcc-arm-none-eabi/bin/../lib/gcc/arm-none-eabi/10.3.1/../../../../arm-none-eabi/lib/thumb/v7e-m+fp/hard\libnosys.a(kill.o)
 .ARM.attributes
                0x00000dda       0x34 c:/gcc-arm-none-eabi/bin/../lib/gcc/arm-none-eabi/10.3.1/../../../../arm-none-eabi/lib/thumb/v7e-m+fp/hard\libnosys.a(lseek.o)
 .ARM.attributes
                0x00000e0e       0x34 c:/gcc-arm-none-eabi/bin/../lib/gcc/arm-none-eabi/10.3.1/../../../../arm-none-eabi/lib/thumb/v7e-m+fp/hard\libnosys.a(read.o)
 .ARM.attributes
                0x00000e42       0x34 c:/gcc-arm-none-eabi/bin/../lib/gcc/arm-none-eabi/10.3.1/../../../../arm-none-eabi/lib/thumb/v7e-m+fp/hard\libnosys.a(sbrk.o)
 .ARM.attributes
                0x00000e76       0x34 c:/gcc-arm-none-eabi/bin/../lib/gcc/arm-none-eabi/10.3.1/../../../../arm-none-eabi/lib/thumb/v7e-m+fp/hard\libnosys.a(_exit.o)
 .ARM.attributes
                0x00000eaa       0x34 FreeRTOS-Kernel/libfreertos_kernel.a(queue.c.obj)
 .ARM.attributes
                0x00000ede       0x34 FreeRTOS-Kernel/libfreertos_kernel.a(tasks.c.obj)
 .ARM.attributes
                0x00000f12       0x34 FreeRTOS-Kernel/libfreertos_kernel.a(heap_4.c.obj)
 .ARM.attributes
                0x00000f46       0x34 FreeRTOS-Kernel/libfreertos_kernel.a(port.c.obj)
 .ARM.attributes
                0x00000f7a       0x34 FreeRTOS-Kernel/libfreertos_kernel.a(list.c.obj)
 .ARM.attributes
                0x00000fae       0x1e c:/gcc-arm-none-eabi/bin/../lib/gcc/arm-none-eabi/10.3.1/thumb/v7e-m+fp/hard\libgcc.a(_arm_addsubdf3.o)
 .ARM.attributes
                0x00000fcc       0x1e c:/gcc-arm-none-eabi/bin/../lib/gcc/arm-none-eabi/10.3.1/thumb/v7e-m+fp/hard\libgcc.a(_arm_muldivdf3.o)
 .ARM.attributes
                0x00000fea       0x1e c:/gcc-arm-none-eabi/bin/../lib/gcc/arm-none-eabi/10.3.1/thumb/v7e-m+fp/hard\libgcc.a(_arm_cmpdf2.o)
 .ARM.attributes
                0x00001008       0x1e c:/gcc-arm-none-eabi/bin/../lib/gcc/arm-none-eabi/10.3.1/thumb/v7e-m+fp/hard\libgcc.a(_arm_unorddf2.o)
 .ARM.attributes
                0x00001026       0x1e c:/gcc-arm-none-eabi/bin/../lib/gcc/arm-none-eabi/10.3.1/thumb/v7e-m+fp/hard\libgcc.a(_arm_fixdfsi.o)
 .ARM.attributes
                0x00001044       0x1e c:/gcc-arm-none-eabi/bin/../lib/gcc/arm-none-eabi/10.3.1/thumb/v7e-m+fp/hard\libgcc.a(_aeabi_uldivmod.o)
 .ARM.attributes
                0x00001062       0x34 c:/gcc-arm-none-eabi/bin/../lib/gcc/arm-none-eabi/10.3.1/thumb/v7e-m+fp/hard\libgcc.a(_udivmoddi4.o)
 .ARM.attributes
                0x00001096       0x1e c:/gcc-arm-none-eabi/bin/../lib/gcc/arm-none-eabi/10.3.1/thumb/v7e-m+fp/hard\libgcc.a(_dvmd_tls.o)
 .ARM.attributes
                0x000010b4       0x1e c:/gcc-arm-none-eabi/bin/../lib/gcc/arm-none-eabi/10.3.1/thumb/v7e-m+fp/hard/crtn.o
OUTPUT(FreeRTOS_demo.elf elf32-littlearm)
LOAD linker stubs
LOAD c:/gcc-arm-none-eabi/bin/../lib/gcc/arm-none-eabi/10.3.1/../../../../arm-none-eabi/lib/thumb/v7e-m+fp/hard\libc.a
LOAD c:/gcc-arm-none-eabi/bin/../lib/gcc/arm-none-eabi/10.3.1/../../../../arm-none-eabi/lib/thumb/v7e-m+fp/hard\libm.a
LOAD c:/gcc-arm-none-eabi/bin/../lib/gcc/arm-none-eabi/10.3.1/thumb/v7e-m+fp/hard\libgcc.a

.debug_info     0x00000000    0x152ae
 .debug_info    0x00000000      0xab6 CMakeFiles/FreeRTOS_demo.elf.dir/Core/Src/main.c.obj
 .debug_info    0x00000ab6      0x45b CMakeFiles/FreeRTOS_demo.elf.dir/Core/Src/gpio.c.obj
 .debug_info    0x00000f11      0x96c CMakeFiles/FreeRTOS_demo.elf.dir/Core/Src/stm32f4xx_it.c.obj
 .debug_info    0x0000187d      0x2c0 CMakeFiles/FreeRTOS_demo.elf.dir/Core/Src/stm32f4xx_hal_msp.c.obj
 .debug_info    0x00001b3d      0xbec CMakeFiles/FreeRTOS_demo.elf.dir/Core/Src/stm32f4xx_hal_timebase_tim.c.obj
 .debug_info    0x00002729     0x2b31 CMakeFiles/FreeRTOS_demo.elf.dir/Drivers/STM32F4xx_HAL_Driver/Src/stm32f4xx_hal_tim.c.obj
 .debug_info    0x0000525a     0x14b2 CMakeFiles/FreeRTOS_demo.elf.dir/Drivers/STM32F4xx_HAL_Driver/Src/stm32f4xx_hal_tim_ex.c.obj
 .debug_info    0x0000670c      0x939 CMakeFiles/FreeRTOS_demo.elf.dir/Drivers/STM32F4xx_HAL_Driver/Src/stm32f4xx_hal_rcc.c.obj
 .debug_info    0x00007045      0x782 CMakeFiles/FreeRTOS_demo.elf.dir/Drivers/STM32F4xx_HAL_Driver/Src/stm32f4xx_hal_gpio.c.obj
 .debug_info    0x000077c7      0x93f CMakeFiles/FreeRTOS_demo.elf.dir/Drivers/STM32F4xx_HAL_Driver/Src/stm32f4xx_hal_dma.c.obj