Archive member included to satisfy reference by file (symbol)

c:/gcc-arm-none-eabi/bin/../lib/gcc/arm-none-eabi/10.3.1/../../../../arm-none-eabi/lib/thumb/v7e-m+fp/hard\libc_nano.a(lib_a-exit.o)
                              c:/gcc-arm-none-eabi/bin/../lib/gcc/arm-none-eabi/10.3.1/../../../../arm-none-eabi/lib/thumb/v7e-m+fp/hard/crt0.o (exit)
c:/gcc-arm-none-eabi/bin/../lib/gcc/arm-none-eabi/10.3.1/../../../../arm-none-eabi/lib/thumb/v7e-m+fp/hard\libc_nano.a(lib_a-impure.o)
                              c:/gcc-arm-none-eabi/bin/../lib/gcc/arm-none-eabi/10.3.1/../../../../arm-none-eabi/lib/thumb/v7e-m+fp/hard\libc_nano.a(lib_a-exit.o) (_global_impure_ptr)
c:/gcc-arm-none-eabi/bin/../lib/gcc/arm-none-eabi/10.3.1/../../../../arm-none-eabi/lib/thumb/v7e-m+fp/hard\libc_nano.a(lib_a-init.o)
                              c:/gcc-arm-none-eabi/bin/../lib/gcc/arm-none-eabi/10.3.1/../../../../arm-none-eabi/lib/thumb/v7e-m+fp/hard/crt0.o (__libc_init_array)
c:/gcc-arm-none-eabi/bin/../lib/gcc/arm-none-eabi/10.3.1/../../../../arm-none-eabi/lib/thumb/v7e-m+fp/hard\libc_nano.a(lib_a-memset.o)
                              c:/gcc-arm-none-eabi/bin/../lib/gcc/arm-none-eabi/10.3.1/../../../../arm-none-eabi/lib/thumb/v7e-m+fp/hard/crt0.o (memset)
c:/gcc-arm-none-eabi/bin/../lib/gcc/arm-none-eabi/10.3.1/../../../../arm-none-eabi/lib/thumb/v7e-m+fp/hard\libc_nano.a(lib_a-nano-vfprintf_float.o)
                              (_printf_float)
c:/gcc-arm-none-eabi/bin/../lib/gcc/arm-none-eabi/10.3.1/../../../../arm-none-eabi/lib/thumb/v7e-m+fp/hard\libc_nano.a(lib_a-nano-vfprintf_i.o)
                              c:/gcc-arm-none-eabi/bin/../lib/gcc/arm-none-eabi/10.3.1/../../../../arm-none-eabi/lib/thumb/v7e-m+fp/hard\libc_nano.a(lib_a-nano-vfprintf_float.o) (_printf_common)
c:/gcc-arm-none-eabi/bin/../lib/gcc/arm-none-eabi/10.3.1/../../../../arm-none-eabi/lib/thumb/v7e-m+fp/hard\libc_nano.a(lib_a-strlen.o)
                              c:/gcc-arm-none-eabi/bin/../lib/gcc/arm-none-eabi/10.3.1/../../../../arm-none-eabi/lib/thumb/v7e-m+fp/hard\libc_nano.a(lib_a-nano-vfprintf_float.o) (strlen)
c:/gcc-arm-none-eabi/bin/../lib/gcc/arm-none-eabi/10.3.1/../../../../arm-none-eabi/lib/thumb/v7e-m+fp/hard\libc_nano.a(lib_a-dtoa.o)
                              c:/gcc-arm-none-eabi/bin/../lib/gcc/arm-none-eabi/10.3.1/../../../../arm-none-eabi/lib/thumb/v7e-m+fp/hard\libc_nano.a(lib_a-nano-vfprintf_float.o) (_dtoa_r)
c:/gcc-arm-none-eabi/bin/../lib/gcc/arm-none-eabi/10.3.1/../../../../arm-none-eabi/lib/thumb/v7e-m+fp/hard\libc_nano.a(lib_a-localeconv.o)
                              c:/gcc-arm-none-eabi/bin/../lib/gcc/arm-none-eabi/10.3.1/../../../../arm-none-eabi/lib/thumb/v7e-m+fp/hard\libc_nano.a(lib_a-nano-vfprintf_float.o) (_localeconv_r)
c:/gcc-arm-none-eabi/bin/../lib/gcc/arm-none-eabi/10.3.1/../../../../arm-none-eabi/lib/thumb/v7e-m+fp/hard\libc_nano.a(lib_a-malloc.o)
                              c:/gcc-arm-none-eabi/bin/../lib/gcc/arm-none-eabi/10.3.1/../../../../arm-none-eabi/lib/thumb/v7e-m+fp/hard\libc_nano.a(lib_a-dtoa.o) (malloc)
c:/gcc-arm-none-eabi/bin/../lib/gcc/arm-none-eabi/10.3.1/../../../../arm-none-eabi/lib/thumb/v7e-m+fp/hard\libc_nano.a(lib_a-memchr.o)
                              c:/gcc-arm-none-eabi/bin/../lib/gcc/arm-none-eabi/10.3.1/../../../../arm-none-eabi/lib/thumb/v7e-m+fp/hard\libc_nano.a(lib_a-nano-vfprintf_i.o) (memchr)
c:/gcc-arm-none-eabi/bin/../lib/gcc/arm-none-eabi/10.3.1/../../../../arm-none-eabi/lib/thumb/v7e-m+fp/hard\libc_nano.a(lib_a-memcpy-stub.o)
                              c:/gcc-arm-none-eabi/bin/../lib/gcc/arm-none-eabi/10.3.1/../../../../arm-none-eabi/lib/thumb/v7e-m+fp/hard\libc_nano.a(lib_a-dtoa.o) (memcpy)
c:/gcc-arm-none-eabi/bin/../lib/gcc/arm-none-eabi/10.3.1/../../../../arm-none-eabi/lib/thumb/v7e-m+fp/hard\libc_nano.a(lib_a-mprec.o)
                              c:/gcc-arm-none-eabi/bin/../lib/gcc/arm-none-eabi/10.3.1/../../../../arm-none-eabi/lib/thumb/v7e-m+fp/hard\libc_nano.a(lib_a-dtoa.o) (_Balloc)
c:/gcc-arm-none-eabi/bin/../lib/gcc/arm-none-eabi/10.3.1/../../../../arm-none-eabi/lib/thumb/v7e-m+fp/hard\libc_nano.a(lib_a-nano-callocr.o)
                              c:/gcc-arm-none-eabi/bin/../lib/gcc/arm-none-eabi/10.3.1/../../../../arm-none-eabi/lib/thumb/v7e-m+fp/hard\libc_nano.a(lib_a-mprec.o) (_calloc_r)
c:/gcc-arm-none-eabi/bin/../lib/gcc/arm-none-eabi/10.3.1/../../../../arm-none-eabi/lib/thumb/v7e-m+fp/hard\libc_nano.a(lib_a-nano-freer.o)
                              c:/gcc-arm-none-eabi/bin/../lib/gcc/arm-none-eabi/10.3.1/../../../../arm-none-eabi/lib/thumb/v7e-m+fp/hard\libc_nano.a(lib_a-malloc.o) (_free_r)
c:/gcc-arm-none-eabi/bin/../lib/gcc/arm-none-eabi/10.3.1/../../../../arm-none-eabi/lib/thumb/v7e-m+fp/hard\libc_nano.a(lib_a-nano-mallocr.o)
                              c:/gcc-arm-none-eabi/bin/../lib/gcc/arm-none-eabi/10.3.1/../../../../arm-none-eabi/lib/thumb/v7e-m+fp/hard\libc_nano.a(lib_a-malloc.o) (_malloc_r)
[...]
Memory Configuration

Name             Origin             Length             Attributes
RAM              0x20000000         0x00030000         xrw
CCMRAM           0x10000000         0x00010000         xrw
FLASH            0x08000000         0x00200000         xr
*default*        0x00000000         0xffffffff

Linker script and memory map

LOAD c:/gcc-arm-none-eabi/bin/../lib/gcc/arm-none-eabi/10.3.1/thumb/v7e-m+fp/hard/crti.o
LOAD c:/gcc-arm-none-eabi/bin/../lib/gcc/arm-none-eabi/10.3.1/thumb/v7e-m+fp/hard/crtbegin.o
LOAD c:/gcc-arm-none-eabi/bin/../lib/gcc/arm-none-eabi/10.3.1/../../../../arm-none-eabi/lib/thumb/v7e-m+fp/hard/crt0.o
LOAD CMakeFiles/FreeRTOS_demo.elf.dir/Core/Src/main.c.obj
LOAD CMakeFiles/FreeRTOS_demo.elf.dir/Core/Src/gpio.c.obj
LOAD CMakeFiles/FreeRTOS_demo.elf.dir/Core/Src/stm32f4xx_it.c.obj
LOAD CMakeFiles/FreeRTOS_demo.elf.dir/Core/Src/stm32f4xx_hal_msp.c.obj
LOAD CMakeFiles/FreeRTOS_demo.elf.dir/Core/Src/stm32f4xx_hal_timebase_tim.c.obj
LOAD CMakeFiles/FreeRTOS_demo.elf.dir/Drivers/STM32F4xx_HAL_Driver/Src/stm32f4xx_hal_tim.c.obj
LOAD CMakeFiles/FreeRTOS_demo.elf.dir/Drivers/STM32F4xx_HAL_Driver/Src/stm32f4xx_hal_tim_ex.c.obj
LOAD CMakeFiles/FreeRTOS_demo.elf.dir/Drivers/STM32F4xx_HAL_Driver/Src/stm32f4xx_hal_rcc.c.obj
LOAD CMakeFiles/FreeRTOS_demo.elf.dir/Drivers/STM32F4xx_HAL_Driver/Src/stm32f4xx_hal_rcc_ex.c.obj
LOAD CMakeFiles/FreeRTOS_demo.elf.dir/Drivers/STM32F4xx_HAL_Driver/Src/stm32f4xx_hal_flash.c.obj
LOAD CMakeFiles/FreeRTOS_demo.elf.dir/Drivers/STM32F4xx_HAL_Driver/Src/stm32f4xx_hal_flash_ex.c.obj
LOAD CMakeFiles/FreeRTOS_demo.elf.dir/Drivers/STM32F4xx_HAL_Driver/Src/stm32f4xx_hal_flash_ramfunc.c.obj
LOAD CMakeFiles/FreeRTOS_demo.elf.dir/Drivers/STM32F4xx_HAL_Driver/Src/stm32f4xx_hal_gpio.c.obj
LOAD CMakeFiles/FreeRTOS_demo.elf.dir/Drivers/STM32F4xx_HAL_Driver/Src/stm32f4xx_hal_dma_ex.c.obj
LOAD CMakeFiles/FreeRTOS_demo.elf.dir/Drivers/STM32F4xx_HAL_Driver/Src/stm32f4xx_hal_dma.c.obj
LOAD CMakeFiles/FreeRTOS_demo.elf.dir/Drivers/STM32F4xx_HAL_Driver/Src/stm32f4xx_hal_pwr.c.obj
LOAD CMakeFiles/FreeRTOS_demo.elf.dir/Drivers/STM32F4xx_HAL_Driver/Src/stm32f4xx_hal_pwr_ex.c.obj
LOAD CMakeFiles/FreeRTOS_demo.elf.dir/Drivers/STM32F4xx_HAL_Driver/Src/stm32f4xx_hal_cortex.c.obj
LOAD CMakeFiles/FreeRTOS_demo.elf.dir/Drivers/STM32F4xx_HAL_Driver/Src/stm32f4xx_hal.c.obj
LOAD CMakeFiles/FreeRTOS_demo.elf.dir/Drivers/STM32F4xx_HAL_Driver/Src/stm32f4xx_hal_exti.c.obj
LOAD CMakeFiles/FreeRTOS_demo.elf.dir/Core/Src/system_stm32f4xx.c.obj
LOAD CMakeFiles/FreeRTOS_demo.elf.dir/User/Src/user_tasks.c.obj
LOAD CMakeFiles/FreeRTOS_demo.elf.dir/startup_stm32f427xx.s.obj
LOAD c:/gcc-arm-none-eabi/bin/../lib/gcc/arm-none-eabi/10.3.1/../../../../arm-none-eabi/lib/thumb/v7e-m+fp/hard\libc_nano.a
LOAD c:/gcc-arm-none-eabi/bin/../lib/gcc/arm-none-eabi/10.3.1/../../../../arm-none-eabi/lib/thumb/v7e-m+fp/hard\libm.a
LOAD c:/gcc-arm-none-eabi/bin/../lib/gcc/arm-none-eabi/10.3.1/../../../../arm-none-eabi/lib/thumb/v7e-m+fp/hard\libnosys.a
LOAD FreeRTOS-Kernel/libfreertos_kernel.a
LOAD c:/gcc-arm-none-eabi/bin/../lib/gcc/arm-none-eabi/10.3.1/../../../../arm-none-eabi/lib/thumb/v7e-m+fp/hard\libc_nano.a
LOAD c:/gcc-arm-none-eabi/bin/../lib/gcc/arm-none-eabi/10.3.1/../../../../arm-none-eabi/lib/thumb/v7e-m+fp/hard\libm.a
LOAD c:/gcc-arm-none-eabi/bin/../lib/gcc/arm-none-eabi/10.3.1/../../../../arm-none-eabi/lib/thumb/v7e-m+fp/hard\libnosys.a
START GROUP
LOAD c:/gcc-arm-none-eabi/bin/../lib/gcc/arm-none-eabi/10.3.1/thumb/v7e-m+fp/hard\libgcc.a
LOAD c:/gcc-arm-none-eabi/bin/../lib/gcc/arm-none-eabi/10.3.1/../../../../arm-none-eabi/lib/thumb/v7e-m+fp/hard\libg_nano.a
LOAD c:/gcc-arm-none-eabi/bin/../lib/gcc/arm-none-eabi/10.3.1/../../../../arm-none-eabi/lib/thumb/v7e-m+fp/hard\libc_nano.a
END GROUP
START GROUP
LOAD c:/gcc-arm-none-eabi/bin/../lib/gcc/arm-none-eabi/10.3.1/thumb/v7e-m+fp/hard\libgcc.a
LOAD c:/gcc-arm-none-eabi/bin/../lib/gcc/arm-none-eabi/10.3.1/../../../../arm-none-eabi/lib/thumb/v7e-m+fp/hard\libc_nano.a
LOAD c:/gcc-arm-none-eabi/bin/../lib/gcc/arm-none-eabi/10.3.1/../../../../arm-none-eabi/lib/thumb/v7e-m+fp/hard\libnosys.a
END GROUP
START GROUP
LOAD c:/gcc-arm-none-eabi/bin/../lib/gcc/arm-none-eabi/10.3.1/thumb/v7e-m+fp/hard\libgcc.a
LOAD c:/gcc-arm-none-eabi/bin/../lib/gcc/arm-none-eabi/10.3.1/../../../../arm-none-eabi/lib/thumb/v7e-m+fp/hard\libc_nano.a
LOAD c:/gcc-arm-none-eabi/bin/../lib/gcc/arm-none-eabi/10.3.1/../../../../arm-none-eabi/lib/thumb/v7e-m+fp/hard\libnosys.a
END GROUP
LOAD c:/gcc-arm-none-eabi/bin/../lib/gcc/arm-none-eabi/10.3.1/thumb/v7e-m+fp/hard/crtend.o
LOAD c:/gcc-arm-none-eabi/bin/../lib/gcc/arm-none-eabi/10.3.1/thumb/v7e-m+fp/hard/crtn.o
                0x20030000                _estack = (ORIGIN (RAM) + LENGTH (RAM))
                0x00000200                _Min_Heap_Size = 0x200
                0x00000400                _Min_Stack_Size = 0x400

.isr_vector     0x08000000      0x1ac
                0x08000000                . = ALIGN (0x4)
 *(.isr_vector)
 .isr_vector    0x08000000      0x1ac CMakeFiles/FreeRTOS_demo.elf.dir/startup_stm32f427xx.s.obj
                0x08000000                g_pfnVectors
                0x080001ac                . = ALIGN (0x4)

.text           0x080001b0     0x68a4
                0x080001b0                . = ALIGN (0x4)
 *(.text)
 .text          0x080001b0       0x40 c:/gcc-arm-none-eabi/bin/../lib/gcc/arm-none-eabi/10.3.1/thumb/v7e-m+fp/hard/crtbegin.o
 .text          0x080001f0       0x10 c:/gcc-arm-none-eabi/bin/../lib/gcc/arm-none-eabi/10.3.1/../../../../arm-none-eabi/lib/thumb/v7e-m+fp/hard\libc_nano.a(lib_a-strlen.o)
                0x080001f0                strlen
 .text          0x08000200       0xa0 c:/gcc-arm-none-eabi/bin/../lib/gcc/arm-none-eabi/10.3.1/../../../../arm-none-eabi/lib/thumb/v7e-m+fp/hard\libc_nano.a(lib_a-memchr.o)
                0x08000200                memchr
 .text          0x080002a0      0x378 c:/gcc-arm-none-eabi/bin/../lib/gcc/arm-none-eabi/10.3.1/thumb/v7e-m+fp/hard\libgcc.a(_arm_addsubdf3.o)
                0x080002a0                __aeabi_drsub
                0x080002a8                __aeabi_dsub
                0x080002a8                __subdf3
                0x080002ac                __aeabi_dadd
                0x080002ac                __adddf3
                0x08000524                __floatunsidf
                0x08000524                __aeabi_ui2d
                0x08000544                __floatsidf
                0x08000544                __aeabi_i2d
                0x08000568                __aeabi_f2d
                0x08000568                __extendsfdf2
                0x080005ac                __floatundidf
                0x080005ac                __aeabi_ul2d
                0x080005bc                __floatdidf
                0x080005bc                __aeabi_l2d
 .text          0x08000618      0x424 c:/gcc-arm-none-eabi/bin/../lib/gcc/arm-none-eabi/10.3.1/thumb/v7e-m+fp/hard\libgcc.a(_arm_muldivdf3.o)
                0x08000618                __aeabi_dmul
                0x08000618                __muldf3
                0x0800086c                __divdf3
                0x0800086c                __aeabi_ddiv
 .text          0x08000a3c      0x110 c:/gcc-arm-none-eabi/bin/../lib/gcc/arm-none-eabi/10.3.1/thumb/v7e-m+fp/hard\libgcc.a(_arm_cmpdf2.o)
                0x08000a3c                __gtdf2
                0x08000a3c                __gedf2
                0x08000a44                __ltdf2
                0x08000a44                __ledf2
                0x08000a4c                __nedf2
                0x08000a4c                __eqdf2
                0x08000a4c                __cmpdf2
                0x08000ac8                __aeabi_cdrcmple
                0x08000ad8                __aeabi_cdcmpeq
                0x08000ad8                __aeabi_cdcmple
                0x08000ae8                __aeabi_dcmpeq
                0x08000afc                __aeabi_dcmplt
                0x08000b10                __aeabi_dcmple
                0x08000b24                __aeabi_dcmpge
                0x08000b38                __aeabi_dcmpgt
 .text          0x08000b4c       0x2c c:/gcc-arm-none-eabi/bin/../lib/gcc/arm-none-eabi/10.3.1/thumb/v7e-m+fp/hard\libgcc.a(_arm_unorddf2.o)
                0x08000b4c                __unorddf2
                0x08000b4c                __aeabi_dcmpun
 .text          0x08000b78       0x50 c:/gcc-arm-none-eabi/bin/../lib/gcc/arm-none-eabi/10.3.1/thumb/v7e-m+fp/hard\libgcc.a(_arm_fixdfsi.o)
                0x08000b78                __aeabi_d2iz
                0x08000b78                __fixdfsi
 .text          0x08000bc8       0x30 c:/gcc-arm-none-eabi/bin/../lib/gcc/arm-none-eabi/10.3.1/thumb/v7e-m+fp/hard\libgcc.a(_aeabi_uldivmod.o)
                0x08000bc8                __aeabi_uldivmod
 .text          0x08000bf8      0x2d0 c:/gcc-arm-none-eabi/bin/../lib/gcc/arm-none-eabi/10.3.1/thumb/v7e-m+fp/hard\libgcc.a(_udivmoddi4.o)
                0x08000bf8                __udivmoddi4
 .text          0x08000ec8        0x4 c:/gcc-arm-none-eabi/bin/../lib/gcc/arm-none-eabi/10.3.1/thumb/v7e-m+fp/hard\libgcc.a(_dvmd_tls.o)
                0x08000ec8                __aeabi_idiv0
                0x08000ec8                __aeabi_ldiv0
 *(.text*)
 .text.main     0x08000ecc       0x16 CMakeFiles/FreeRTOS_demo.elf.dir/Core/Src/main.c.obj
                0x08000ecc                main
 *fill*         0x08000ee2        0x2 
 .text.SystemClock_Config
                0x08000ee4       0xe0 CMakeFiles/FreeRTOS_demo.elf.dir/Core/Src/main.c.obj
                0x08000ee4                SystemClock_Config
 .text.HAL_TIM_PeriodElapsedCallback
                0x08000fc4       0x24 CMakeFiles/FreeRTOS_demo.elf.dir/Core/Src/main.c.obj
                0x08000fc4                HAL_TIM_PeriodElapsedCallback
 .text.Error_Handler
                0x08000fe8        0xa CMakeFiles/FreeRTOS_demo.elf.dir/Core/Src/main.c.obj
                0x08000fe8                Error_Handler
 *fill*         0x08000ff2        0x2 
 .text.MX_GPIO_Init
                0x08000ff4       0xd4 CMakeFiles/FreeRTOS_demo.elf.dir/Core/Src/gpio.c.obj
                0x08000ff4                MX_GPIO_Init
 .text.NMI_Handler
                0x080010c8        0x6 CMakeFiles/FreeRTOS_demo.elf.dir/Core/Src/stm32f4xx_it.c.obj
                0x080010c8                NMI_Handler
 .text.HardFault_Handler
                0x080010ce        0x6 CMakeFiles/FreeRTOS_demo.elf.dir/Core/Src/stm32f4xx_it.c.obj
                0x080010ce                HardFault_Handler
 .text.MemManage_Handler
                0x080010d4        0x6 CMakeFiles/FreeRTOS_demo.elf.dir/Core/Src/stm32f4xx_it.c.obj
                0x080010d4                MemManage_Handler
 .text.BusFault_Handler
                0x080010da        0x6 CMakeFiles/FreeRTOS_demo.elf.dir/Core/Src/stm32f4xx_it.c.obj
                0x080010da                BusFault_Handler
 .text.UsageFault_Handler
                0x080010e0        0x6 CMakeFiles/FreeRTOS_demo.elf.dir/Core/Src/stm32f4xx_it.c.obj
                0x080010e0                UsageFault_Handler
 .text.DebugMon_Handler
                0x080010e6        0xe CMakeFiles/FreeRTOS_demo.elf.dir/Core/Src/stm32f4xx_it.c.obj
                0x080010e6                DebugMon_Handler
 .text.TIM1_UP_TIM10_IRQHandler
                0x080010f4       0x14 CMakeFiles/FreeRTOS_demo.elf.dir/Core/Src/stm32f4xx_it.c.obj
                0x080010f4                TIM1_UP_TIM10_IRQHandler
 .text.HAL_MspInit
                0x08001108       0x50 CMakeFiles/FreeRTOS_demo.elf.dir/Core/Src/stm32f4xx_hal_msp.c.obj
                0x08001108                HAL_MspInit
 .text.HAL_InitTick
                0x08001158       0xe8 CMakeFiles/FreeRTOS_demo.elf.dir/Core/Src/stm32f4xx_hal_timebase_tim.c.obj
                0x08001158                HAL_InitTick
 .text.HAL_TIM_Base_Init
                0x08001240       0x9e CMakeFiles/FreeRTOS_demo.elf.dir/Drivers/STM32F4xx_HAL_Driver/Src/stm32f4xx_hal_tim.c.obj
                0x08001240                HAL_TIM_Base_Init
 .text.HAL_TIM_Base_MspInit
                0x080012de       0x14 CMakeFiles/FreeRTOS_demo.elf.dir/Drivers/STM32F4xx_HAL_Driver/Src/stm32f4xx_hal_tim.c.obj
                0x080012de                HAL_TIM_Base_MspInit
 *fill*         0x080012f2        0x2 
 .text.HAL_TIM_Base_Start_IT
                0x080012f4       0xe0 CMakeFiles/FreeRTOS_demo.elf.dir/Drivers/STM32F4xx_HAL_Driver/Src/stm32f4xx_hal_tim.c.obj
                0x080012f4                HAL_TIM_Base_Start_IT
 .text.HAL_TIM_IRQHandler
                0x080013d4      0x210 CMakeFiles/FreeRTOS_demo.elf.dir/Drivers/STM32F4xx_HAL_Driver/Src/stm32f4xx_hal_tim.c.obj
                0x080013d4                HAL_TIM_IRQHandler
 .text.HAL_TIM_OC_DelayElapsedCallback
                0x080015e4       0x14 CMakeFiles/FreeRTOS_demo.elf.dir/Drivers/STM32F4xx_HAL_Driver/Src/stm32f4xx_hal_tim.c.obj
                0x080015e4                HAL_TIM_OC_DelayElapsedCallback
 .text.HAL_TIM_IC_CaptureCallback
                0x080015f8       0x14 CMakeFiles/FreeRTOS_demo.elf.dir/Drivers/STM32F4xx_HAL_Driver/Src/stm32f4xx_hal_tim.c.obj
                0x080015f8                HAL_TIM_IC_CaptureCallback
 .text.HAL_TIM_PWM_PulseFinishedCallback
                0x0800160c       0x14 CMakeFiles/FreeRTOS_demo.elf.dir/Drivers/STM32F4xx_HAL_Driver/Src/stm32f4xx_hal_tim.c.obj
                0x0800160c                HAL_TIM_PWM_PulseFinishedCallback
 .text.HAL_TIM_TriggerCallback
                0x08001620       0x14 CMakeFiles/FreeRTOS_demo.elf.dir/Drivers/STM32F4xx_HAL_Driver/Src/stm32f4xx_hal_tim.c.obj
                0x08001620                HAL_TIM_TriggerCallback
 .text.TIM_Base_SetConfig
                0x08001634      0x140 CMakeFiles/FreeRTOS_demo.elf.dir/Drivers/STM32F4xx_HAL_Driver/Src/stm32f4xx_hal_tim.c.obj
                0x08001634                TIM_Base_SetConfig
 .text.HAL_TIMEx_CommutCallback
                0x08001774       0x14 CMakeFiles/FreeRTOS_demo.elf.dir/Drivers/STM32F4xx_HAL_Driver/Src/stm32f4xx_hal_tim_ex.c.obj
                0x08001774                HAL_TIMEx_CommutCallback
 .text.HAL_TIMEx_BreakCallback
                0x08001788       0x14 CMakeFiles/FreeRTOS_demo.elf.dir/Drivers/STM32F4xx_HAL_Driver/Src/stm32f4xx_hal_tim_ex.c.obj
                0x08001788                HAL_TIMEx_BreakCallback
 .text.HAL_RCC_OscConfig
                0x0800179c      0x4f0 CMakeFiles/FreeRTOS_demo.elf.dir/Drivers/STM32F4xx_HAL_Driver/Src/stm32f4xx_hal_rcc.c.obj
                0x0800179c                HAL_RCC_OscConfig
 .text.HAL_RCC_ClockConfig
                0x08001c8c      0x1cc CMakeFiles/FreeRTOS_demo.elf.dir/Drivers/STM32F4xx_HAL_Driver/Src/stm32f4xx_hal_rcc.c.obj
                0x08001c8c                HAL_RCC_ClockConfig
 .text.HAL_RCC_GetSysClockFreq
                0x08001e58      0x18c CMakeFiles/FreeRTOS_demo.elf.dir/Drivers/STM32F4xx_HAL_Driver/Src/stm32f4xx_hal_rcc.c.obj
                0x08001e58                HAL_RCC_GetSysClockFreq
 .text.HAL_RCC_GetHCLKFreq
                0x08001fe4       0x18 CMakeFiles/FreeRTOS_demo.elf.dir/Drivers/STM32F4xx_HAL_Driver/Src/stm32f4xx_hal_rcc.c.obj
                0x08001fe4                HAL_RCC_GetHCLKFreq
 .text.HAL_RCC_GetPCLK2Freq
                0x08001ffc       0x28 CMakeFiles/FreeRTOS_demo.elf.dir/Drivers/STM32F4xx_HAL_Driver/Src/stm32f4xx_hal_rcc.c.obj
                0x08001ffc                HAL_RCC_GetPCLK2Freq
 .text.HAL_RCC_GetClockConfig
                0x08002024       0x64 CMakeFiles/FreeRTOS_demo.elf.dir/Drivers/STM32F4xx_HAL_Driver/Src/stm32f4xx_hal_rcc.c.obj
                0x08002024                HAL_RCC_GetClockConfig
 .text.HAL_GPIO_Init
                0x08002088      0x358 CMakeFiles/FreeRTOS_demo.elf.dir/Drivers/STM32F4xx_HAL_Driver/Src/stm32f4xx_hal_gpio.c.obj
                0x08002088                HAL_GPIO_Init
 .text.HAL_GPIO_WritePin
                0x080023e0       0x32 CMakeFiles/FreeRTOS_demo.elf.dir/Drivers/STM32F4xx_HAL_Driver/Src/stm32f4xx_hal_gpio.c.obj
                0x080023e0                HAL_GPIO_WritePin
 .text.HAL_GPIO_TogglePin
                0x08002412       0x34 CMakeFiles/FreeRTOS_demo.elf.dir/Drivers/STM32F4xx_HAL_Driver/Src/stm32f4xx_hal_gpio.c.obj
                0x08002412                HAL_GPIO_TogglePin
 *fill*         0x08002446        0x2 
 .text.HAL_PWREx_EnableOverDrive
                0x08002448       0xa0 CMakeFiles/FreeRTOS_demo.elf.dir/Drivers/STM32F4xx_HAL_Driver/Src/stm32f4xx_hal_pwr_ex.c.obj
                0x08002448                HAL_PWREx_EnableOverDrive
 .text.__NVIC_SetPriorityGrouping
                0x080024e8       0x48 CMakeFiles/FreeRTOS_demo.elf.dir/Drivers/STM32F4xx_HAL_Driver/Src/stm32f4xx_hal_cortex.c.obj
 .text.__NVIC_GetPriorityGrouping
                0x08002530       0x1c CMakeFiles/FreeRTOS_demo.elf.dir/Drivers/STM32F4xx_HAL_Driver/Src/stm32f4xx_hal_cortex.c.obj
 .text.__NVIC_EnableIRQ
                0x0800254c       0x3c CMakeFiles/FreeRTOS_demo.elf.dir/Drivers/STM32F4xx_HAL_Driver/Src/stm32f4xx_hal_cortex.c.obj
 .text.__NVIC_SetPriority
                0x08002588       0x54 CMakeFiles/FreeRTOS_demo.elf.dir/Drivers/STM32F4xx_HAL_Driver/Src/stm32f4xx_hal_cortex.c.obj
 .text.NVIC_EncodePriority
                0x080025dc       0x66 CMakeFiles/FreeRTOS_demo.elf.dir/Drivers/STM32F4xx_HAL_Driver/Src/stm32f4xx_hal_cortex.c.obj
 .text.HAL_NVIC_SetPriorityGrouping
                0x08002642       0x16 CMakeFiles/FreeRTOS_demo.elf.dir/Drivers/STM32F4xx_HAL_Driver/Src/stm32f4xx_hal_cortex.c.obj
                0x08002642                HAL_NVIC_SetPriorityGrouping
 .text.HAL_NVIC_SetPriority
                0x08002658       0x38 CMakeFiles/FreeRTOS_demo.elf.dir/Drivers/STM32F4xx_HAL_Driver/Src/stm32f4xx_hal_cortex.c.obj
                0x08002658                HAL_NVIC_SetPriority
 .text.HAL_NVIC_EnableIRQ
                0x08002690       0x1c CMakeFiles/FreeRTOS_demo.elf.dir/Drivers/STM32F4xx_HAL_Driver/Src/stm32f4xx_hal_cortex.c.obj
                0x08002690                HAL_NVIC_EnableIRQ
 .text.HAL_Init
                0x080026ac       0x44 CMakeFiles/FreeRTOS_demo.elf.dir/Drivers/STM32F4xx_HAL_Driver/Src/stm32f4xx_hal.c.obj
                0x080026ac                HAL_Init
 .text.HAL_IncTick
                0x080026f0       0x28 CMakeFiles/FreeRTOS_demo.elf.dir/Drivers/STM32F4xx_HAL_Driver/Src/stm32f4xx_hal.c.obj
                0x080026f0                HAL_IncTick
 .text.HAL_GetTick
                0x08002718       0x18 CMakeFiles/FreeRTOS_demo.elf.dir/Drivers/STM32F4xx_HAL_Driver/Src/stm32f4xx_hal.c.obj
                0x08002718                HAL_GetTick
 .text.SystemInit
                0x08002730       0x24 CMakeFiles/FreeRTOS_demo.elf.dir/Core/Src/system_stm32f4xx.c.obj
                0x08002730                SystemInit
 .text.User_FREERTOS_Init
                0x08002754       0x50 CMakeFiles/FreeRTOS_demo.elf.dir/User/Src/user_tasks.c.obj
                0x08002754                User_FREERTOS_Init
 .text.StartTaskHigh
                0x080027a4       0x2c CMakeFiles/FreeRTOS_demo.elf.dir/User/Src/user_tasks.c.obj
 .text.StartTaskLow
                0x080027d0       0x2c CMakeFiles/FreeRTOS_demo.elf.dir/User/Src/user_tasks.c.obj
 .text.Reset_Handler
                0x080027fc       0x50 CMakeFiles/FreeRTOS_demo.elf.dir/startup_stm32f427xx.s.obj
                0x080027fc                Reset_Handler
 .text.Default_Handler
                0x0800284c        0x2 CMakeFiles/FreeRTOS_demo.elf.dir/startup_stm32f427xx.s.obj
                0x0800284c                RTC_Alarm_IRQHandler
                0x0800284c                HASH_RNG_IRQHandler
                0x0800284c                EXTI2_IRQHandler
                0x0800284c                TIM8_CC_IRQHandler
                0x0800284c                UART8_IRQHandler
                0x0800284c                SPI4_IRQHandler
                0x0800284c                TIM1_CC_IRQHandler
                0x0800284c                DMA2_Stream5_IRQHandler
                0x0800284c                DMA1_Stream5_IRQHandler
                0x0800284c                PVD_IRQHandler
                0x0800284c                SDIO_IRQHandler
                0x0800284c                TAMP_STAMP_IRQHandler
                0x0800284c                CAN2_RX1_IRQHandler
                0x0800284c                EXTI3_IRQHandler
                0x0800284c                TIM8_TRG_COM_TIM14_IRQHandler
                0x0800284c                TIM8_UP_TIM13_IRQHandler
                0x0800284c                I2C3_ER_IRQHandler
                0x0800284c                EXTI0_IRQHandler
                0x0800284c                I2C2_EV_IRQHandler
                0x0800284c                DMA1_Stream2_IRQHandler
                0x0800284c                CAN1_RX0_IRQHandler
                0x0800284c                FPU_IRQHandler
                0x0800284c                OTG_HS_WKUP_IRQHandler
                0x0800284c                CAN2_SCE_IRQHandler
                0x0800284c                DMA2_Stream2_IRQHandler
                0x0800284c                SPI1_IRQHandler
                0x0800284c                TIM6_DAC_IRQHandler
                0x0800284c                TIM1_BRK_TIM9_IRQHandler
                0x0800284c                DCMI_IRQHandler
                0x0800284c                CAN2_RX0_IRQHandler
                0x0800284c                DMA2_Stream3_IRQHandler
                0x0800284c                USART6_IRQHandler
                0x0800284c                USART3_IRQHandler
                0x0800284c                CAN1_RX1_IRQHandler
                0x0800284c                UART5_IRQHandler
                0x0800284c                DMA2_Stream0_IRQHandler
                0x0800284c                TIM4_IRQHandler
                0x0800284c                I2C1_EV_IRQHandler
                0x0800284c                DMA1_Stream6_IRQHandler
                0x0800284c                DMA1_Stream1_IRQHandler
                0x0800284c                UART4_IRQHandler
                0x0800284c                TIM3_IRQHandler
                0x0800284c                RCC_IRQHandler
                0x0800284c                TIM8_BRK_TIM12_IRQHandler
                0x0800284c                Default_Handler
                0x0800284c                EXTI15_10_IRQHandler
                0x0800284c                ADC_IRQHandler
                0x0800284c                DMA1_Stream7_IRQHandler
                0x0800284c                SPI5_IRQHandler
                0x0800284c                TIM7_IRQHandler
                0x0800284c                CAN2_TX_IRQHandler
                0x0800284c                TIM5_IRQHandler
                0x0800284c                DMA2_Stream7_IRQHandler
                0x0800284c                I2C3_EV_IRQHandler
                0x0800284c                EXTI9_5_IRQHandler
                0x0800284c                RTC_WKUP_IRQHandler
                0x0800284c                ETH_WKUP_IRQHandler
                0x0800284c                SPI2_IRQHandler
                0x0800284c                OTG_HS_EP1_IN_IRQHandler
                0x0800284c                DMA1_Stream0_IRQHandler
                0x0800284c                CAN1_TX_IRQHandler
                0x0800284c                EXTI4_IRQHandler
                0x0800284c                ETH_IRQHandler
                0x0800284c                OTG_HS_EP1_OUT_IRQHandler
                0x0800284c                WWDG_IRQHandler
                0x0800284c                SPI6_IRQHandler
                0x0800284c                TIM2_IRQHandler
                0x0800284c                OTG_FS_WKUP_IRQHandler
                0x0800284c                TIM1_TRG_COM_TIM11_IRQHandler
                0x0800284c                OTG_HS_IRQHandler
                0x0800284c                DMA2D_IRQHandler
                0x0800284c                EXTI1_IRQHandler
                0x0800284c                UART7_IRQHandler
                0x0800284c                USART2_IRQHandler
                0x0800284c                I2C2_ER_IRQHandler
                0x0800284c                DMA2_Stream1_IRQHandler
                0x0800284c                CAN1_SCE_IRQHandler
                0x0800284c                FLASH_IRQHandler
                0x0800284c                DMA2_Stream4_IRQHandler
                0x0800284c                USART1_IRQHandler
                0x0800284c                OTG_FS_IRQHandler
                0x0800284c                SPI3_IRQHandler
                0x0800284c                DMA1_Stream4_IRQHandler
                0x0800284c                I2C1_ER_IRQHandler
                0x0800284c                FMC_IRQHandler
                0x0800284c                DMA2_Stream6_IRQHandler
                0x0800284c                SAI1_IRQHandler
                0x0800284c                DMA1_Stream3_IRQHandler
 *fill*         0x0800284e        0x2 
 .text.__libc_init_array
                0x08002850       0x48 c:/gcc-arm-none-eabi/bin/../lib/gcc/arm-none-eabi/10.3.1/../../../../arm-none-eabi/lib/thumb/v7e-m+fp/hard\libc_nano.a(lib_a-init.o)
                0x08002850                __libc_init_array
 .text.memset   0x08002898       0x10 c:/gcc-arm-none-eabi/bin/../lib/gcc/arm-none-eabi/10.3.1/../../../../arm-none-eabi/lib/thumb/v7e-m+fp/hard\libc_nano.a(lib_a-memset.o)
                0x08002898                memset
 .text.__cvt    0x080028a8       0xc4 c:/gcc-arm-none-eabi/bin/../lib/gcc/arm-none-eabi/10.3.1/../../../../arm-none-eabi/lib/thumb/v7e-m+fp/hard\libc_nano.a(lib_a-nano-vfprintf_float.o)
                0x080028a8                __cvt
 .text.__exponent
                0x0800296c       0x7c c:/gcc-arm-none-eabi/bin/../lib/gcc/arm-none-eabi/10.3.1/../../../../arm-none-eabi/lib/thumb/v7e-m+fp/hard\libc_nano.a(lib_a-nano-vfprintf_float.o)
                0x0800296c                __exponent
 .text._printf_float
                0x080029e8      0x46c c:/gcc-arm-none-eabi/bin/../lib/gcc/arm-none-eabi/10.3.1/../../../../arm-none-eabi/lib/thumb/v7e-m+fp/hard\libc_nano.a(lib_a-nano-vfprintf_float.o)
                0x080029e8                _printf_float
 .text._printf_common
                0x08002e54       0xda c:/gcc-arm-none-eabi/bin/../lib/gcc/arm-none-eabi/10.3.1/../../../../arm-none-eabi/lib/thumb/v7e-m+fp/hard\libc_nano.a(lib_a-nano-vfprintf_i.o)
                0x08002e54                _printf_common
 *fill*         0x08002f2e        0x2 
 .text._printf_i
                0x08002f30      0x24c c:/gcc-arm-none-eabi/bin/../lib/gcc/arm-none-eabi/10.3.1/../../../../arm-none-eabi/lib/thumb/v7e-m+fp/hard\libc_nano.a(lib_a-nano-vfprintf_i.o)
                0x08002f30                _printf_i
 .text.quorem   0x0800317c      0x116 c:/gcc-arm-none-eabi/bin/../lib/gcc/arm-none-eabi/10.3.1/../../../../arm-none-eabi/lib/thumb/v7e-m+fp/hard\libc_nano.a(lib_a-dtoa.o)
 *fill*         0x08003292        0x6 
 .text._dtoa_r  0x08003298      0xbdc c:/gcc-arm-none-eabi/bin/../lib/gcc/arm-none-eabi/10.3.1/../../../../arm-none-eabi/lib/thumb/v7e-m+fp/hard\libc_nano.a(lib_a-dtoa.o)
                0x08003298                _dtoa_r
 .text._localeconv_r
                0x08003e74        0x8 c:/gcc-arm-none-eabi/bin/../lib/gcc/arm-none-eabi/10.3.1/../../../../arm-none-eabi/lib/thumb/v7e-m+fp/hard\libc_nano.a(lib_a-localeconv.o)
                0x08003e74                _localeconv_r
 .text.malloc   0x08003e7c       0x10 c:/gcc-arm-none-eabi/bin/../lib/gcc/arm-none-eabi/10.3.1/../../../../arm-none-eabi/lib/thumb/v7e-m+fp/hard\libc_nano.a(lib_a-malloc.o)
                0x08003e7c                malloc
 .text.memcpy   0x08003e8c       0x1c c:/gcc-arm-none-eabi/bin/../lib/gcc/arm-none-eabi/10.3.1/../../../../arm-none-eabi/lib/thumb/v7e-m+fp/hard\libc_nano.a(lib_a-memcpy-stub.o)
                0x08003e8c                memcpy
 .text._Balloc  0x08003ea8       0x80 c:/gcc-arm-none-eabi/bin/../lib/gcc/arm-none-eabi/10.3.1/../../../../arm-none-eabi/lib/thumb/v7e-m+fp/hard\libc_nano.a(lib_a-mprec.o)
                0x08003ea8                _Balloc
 .text._Bfree   0x08003f28       0x44 c:/gcc-arm-none-eabi/bin/../lib/gcc/arm-none-eabi/10.3.1/../../../../arm-none-eabi/lib/thumb/v7e-m+fp/hard\libc_nano.a(lib_a-mprec.o)
                0x08003f28                _Bfree
 .text.__multadd
                0x08003f6c       0x8c c:/gcc-arm-none-eabi/bin/../lib/gcc/arm-none-eabi/10.3.1/../../../../arm-none-eabi/lib/thumb/v7e-m+fp/hard\libc_nano.a(lib_a-mprec.o)
                0x08003f6c                __multadd
 .text.__hi0bits
                0x08003ff8       0x40 c:/gcc-arm-none-eabi/bin/../lib/gcc/arm-none-eabi/10.3.1/../../../../arm-none-eabi/lib/thumb/v7e-m+fp/hard\libc_nano.a(lib_a-mprec.o)
                0x08003ff8                __hi0bits
 .text.__lo0bits
                0x08004038       0x5e c:/gcc-arm-none-eabi/bin/../lib/gcc/arm-none-eabi/10.3.1/../../../../arm-none-eabi/lib/thumb/v7e-m+fp/hard\libc_nano.a(lib_a-mprec.o)
                0x08004038                __lo0bits
 *fill*         0x08004096        0x2 
 .text.__i2b    0x08004098       0x2c c:/gcc-arm-none-eabi/bin/../lib/gcc/arm-none-eabi/10.3.1/../../../../arm-none-eabi/lib/thumb/v7e-m+fp/hard\libc_nano.a(lib_a-mprec.o)
                0x08004098                __i2b
 .text.__multiply
                0x080040c4      0x154 c:/gcc-arm-none-eabi/bin/../lib/gcc/arm-none-eabi/10.3.1/../../../../arm-none-eabi/lib/thumb/v7e-m+fp/hard\libc_nano.a(lib_a-mprec.o)
                0x080040c4                __multiply
 .text.__pow5mult
                0x08004218       0xb4 c:/gcc-arm-none-eabi/bin/../lib/gcc/arm-none-eabi/10.3.1/../../../../arm-none-eabi/lib/thumb/v7e-m+fp/hard\libc_nano.a(lib_a-mprec.o)
                0x08004218                __pow5mult
 .text.__lshift
                0x080042cc       0xe0 c:/gcc-arm-none-eabi/bin/../lib/gcc/arm-none-eabi/10.3.1/../../../../arm-none-eabi/lib/thumb/v7e-m+fp/hard\libc_nano.a(lib_a-mprec.o)
                0x080042cc                __lshift
 .text.__mcmp   0x080043ac       0x38 c:/gcc-arm-none-eabi/bin/../lib/gcc/arm-none-eabi/10.3.1/../../../../arm-none-eabi/lib/thumb/v7e-m+fp/hard\libc_nano.a(lib_a-mprec.o)
                0x080043ac                __mcmp
 .text.__mdiff  0x080043e4      0x114 c:/gcc-arm-none-eabi/bin/../lib/gcc/arm-none-eabi/10.3.1/../../../../arm-none-eabi/lib/thumb/v7e-m+fp/hard\libc_nano.a(lib_a-mprec.o)
                0x080043e4                __mdiff
 .text.__d2b    0x080044f8       0xb8 c:/gcc-arm-none-eabi/bin/../lib/gcc/arm-none-eabi/10.3.1/../../../../arm-none-eabi/lib/thumb/v7e-m+fp/hard\libc_nano.a(lib_a-mprec.o)
                0x080044f8                __d2b
 .text._calloc_r
                0x080045b0       0x2c c:/gcc-arm-none-eabi/bin/../lib/gcc/arm-none-eabi/10.3.1/../../../../arm-none-eabi/lib/thumb/v7e-m+fp/hard\libc_nano.a(lib_a-nano-callocr.o)
                0x080045b0                _calloc_r
 .text._free_r  0x080045dc       0x98 c:/gcc-arm-none-eabi/bin/../lib/gcc/arm-none-eabi/10.3.1/../../../../arm-none-eabi/lib/thumb/v7e-m+fp/hard\libc_nano.a(lib_a-nano-freer.o)
                0x080045dc                _free_r
 .text.sbrk_aligned
                0x08004674       0x40 c:/gcc-arm-none-eabi/bin/../lib/gcc/arm-none-eabi/10.3.1/../../../../arm-none-eabi/lib/thumb/v7e-m+fp/hard\libc_nano.a(lib_a-nano-mallocr.o)
 .text._malloc_r
                0x080046b4       0xe8 c:/gcc-arm-none-eabi/bin/../lib/gcc/arm-none-eabi/10.3.1/../../../../arm-none-eabi/lib/thumb/v7e-m+fp/hard\libc_nano.a(lib_a-nano-mallocr.o)
                0x080046b4                _malloc_r
 .text._sbrk_r  0x0800479c       0x20 c:/gcc-arm-none-eabi/bin/../lib/gcc/arm-none-eabi/10.3.1/../../../../arm-none-eabi/lib/thumb/v7e-m+fp/hard\libc_nano.a(lib_a-sbrkr.o)
                0x0800479c                _sbrk_r
 .text.__assert_func
                0x080047bc       0x3c c:/gcc-arm-none-eabi/bin/../lib/gcc/arm-none-eabi/10.3.1/../../../../arm-none-eabi/lib/thumb/v7e-m+fp/hard\libc_nano.a(lib_a-assert.o)
                0x080047bc                __assert_func
 .text.fprintf  0x080047f8       0x24 c:/gcc-arm-none-eabi/bin/../lib/gcc/arm-none-eabi/10.3.1/../../../../arm-none-eabi/lib/thumb/v7e-m+fp/hard\libc_nano.a(lib_a-fprintf.o)
                0x080047f8                fiprintf
                0x080047f8                fprintf
 .text.__ascii_mbtowc
                0x0800481c       0x24 c:/gcc-arm-none-eabi/bin/../lib/gcc/arm-none-eabi/10.3.1/../../../../arm-none-eabi/lib/thumb/v7e-m+fp/hard\libc_nano.a(lib_a-mbtowc_r.o)
                0x0800481c                __ascii_mbtowc
 .text.__malloc_lock
                0x08004840        0xc c:/gcc-arm-none-eabi/bin/../lib/gcc/arm-none-eabi/10.3.1/../../../../arm-none-eabi/lib/thumb/v7e-m+fp/hard\libc_nano.a(lib_a-mlock.o)
                0x08004840                __malloc_lock
 .text.__malloc_unlock
                0x0800484c        0xc c:/gcc-arm-none-eabi/bin/../lib/gcc/arm-none-eabi/10.3.1/../../../../arm-none-eabi/lib/thumb/v7e-m+fp/hard\libc_nano.a(lib_a-mlock.o)
                0x0800484c                __malloc_unlock
 .text.__sfputc_r
                0x08004858       0x2e c:/gcc-arm-none-eabi/bin/../lib/gcc/arm-none-eabi/10.3.1/../../../../arm-none-eabi/lib/thumb/v7e-m+fp/hard\libc_nano.a(lib_a-nano-vfprintf.o)
 .text.__sfputs_r
                0x08004886       0x24 c:/gcc-arm-none-eabi/bin/../lib/gcc/arm-none-eabi/10.3.1/../../../../arm-none-eabi/lib/thumb/v7e-m+fp/hard\libc_nano.a(lib_a-nano-vfprintf.o)
                0x08004886                __sfputs_r
 *fill*         0x080048aa        0x2 
 .text._vfprintf_r
                0x080048ac      0x260 c:/gcc-arm-none-eabi/bin/../lib/gcc/arm-none-eabi/10.3.1/../../../../arm-none-eabi/lib/thumb/v7e-m+fp/hard\libc_nano.a(lib_a-nano-vfprintf.o)
                0x080048ac                _vfprintf_r
                0x080048ac                _vfiprintf_r
 .text.__swbuf_r
                0x08004b0c       0xa4 c:/gcc-arm-none-eabi/bin/../lib/gcc/arm-none-eabi/10.3.1/../../../../arm-none-eabi/lib/thumb/v7e-m+fp/hard\libc_nano.a(lib_a-wbuf.o)
                0x08004b0c                __swbuf_r
 .text.__ascii_wctomb
                0x08004bb0       0x1a c:/gcc-arm-none-eabi/bin/../lib/gcc/arm-none-eabi/10.3.1/../../../../arm-none-eabi/lib/thumb/v7e-m+fp/hard\libc_nano.a(lib_a-wctomb_r.o)
                0x08004bb0                __ascii_wctomb
 *fill*         0x08004bca        0x2 
 .text.__swsetup_r
                0x08004bcc       0xdc c:/gcc-arm-none-eabi/bin/../lib/gcc/arm-none-eabi/10.3.1/../../../../arm-none-eabi/lib/thumb/v7e-m+fp/hard\libc_nano.a(lib_a-wsetup.o)
                0x08004bcc                __swsetup_r
 .text.abort    0x08004ca8        0xe c:/gcc-arm-none-eabi/bin/../lib/gcc/arm-none-eabi/10.3.1/../../../../arm-none-eabi/lib/thumb/v7e-m+fp/hard\libc_nano.a(lib_a-abort.o)
                0x08004ca8                abort
 *fill*         0x08004cb6        0x2 
 .text.__sflush_r
                0x08004cb8      0x10c c:/gcc-arm-none-eabi/bin/../lib/gcc/arm-none-eabi/10.3.1/../../../../arm-none-eabi/lib/thumb/v7e-m+fp/hard\libc_nano.a(lib_a-fflush.o)
                0x08004cb8                __sflush_r
 .text._fflush_r
                0x08004dc4       0x78 c:/gcc-arm-none-eabi/bin/../lib/gcc/arm-none-eabi/10.3.1/../../../../arm-none-eabi/lib/thumb/v7e-m+fp/hard\libc_nano.a(lib_a-fflush.o)
                0x08004dc4                _fflush_r
 .text.std      0x08004e3c       0x48 c:/gcc-arm-none-eabi/bin/../lib/gcc/arm-none-eabi/10.3.1/../../../../arm-none-eabi/lib/thumb/v7e-m+fp/hard\libc_nano.a(lib_a-findfp.o)
 .text._cleanup_r
                0x08004e84        0xc c:/gcc-arm-none-eabi/bin/../lib/gcc/arm-none-eabi/10.3.1/../../../../arm-none-eabi/lib/thumb/v7e-m+fp/hard\libc_nano.a(lib_a-findfp.o)
                0x08004e84                _cleanup_r
 .text.__sfmoreglue
                0x08004e90       0x2c c:/gcc-arm-none-eabi/bin/../lib/gcc/arm-none-eabi/10.3.1/../../../../arm-none-eabi/lib/thumb/v7e-m+fp/hard\libc_nano.a(lib_a-findfp.o)
                0x08004e90                __sfmoreglue
 .text.__sfp_lock_acquire
                0x08004ebc        0xc c:/gcc-arm-none-eabi/bin/../lib/gcc/arm-none-eabi/10.3.1/../../../../arm-none-eabi/lib/thumb/v7e-m+fp/hard\libc_nano.a(lib_a-findfp.o)
                0x08004ebc                __sfp_lock_acquire
 .text.__sfp_lock_release
                0x08004ec8        0xc c:/gcc-arm-none-eabi/bin/../lib/gcc/arm-none-eabi/10.3.1/../../../../arm-none-eabi/lib/thumb/v7e-m+fp/hard\libc_nano.a(lib_a-findfp.o)
                0x08004ec8                __sfp_lock_release
 .text.__sinit_lock_acquire
                0x08004ed4        0xc c:/gcc-arm-none-eabi/bin/../lib/gcc/arm-none-eabi/10.3.1/../../../../arm-none-eabi/lib/thumb/v7e-m+fp/hard\libc_nano.a(lib_a-findfp.o)
                0x08004ed4                __sinit_lock_acquire
 .text.__sinit_lock_release
                0x08004ee0        0xc c:/gcc-arm-none-eabi/bin/../lib/gcc/arm-none-eabi/10.3.1/../../../../arm-none-eabi/lib/thumb/v7e-m+fp/hard\libc_nano.a(lib_a-findfp.o)
                0x08004ee0                __sinit_lock_release
 .text.__sinit  0x08004eec       0x70 c:/gcc-arm-none-eabi/bin/../lib/gcc/arm-none-eabi/10.3.1/../../../../arm-none-eabi/lib/thumb/v7e-m+fp/hard\libc_nano.a(lib_a-findfp.o)
                0x08004eec                __sinit
 .text.__sfp    0x08004f5c       0x8c c:/gcc-arm-none-eabi/bin/../lib/gcc/arm-none-eabi/10.3.1/../../../../arm-none-eabi/lib/thumb/v7e-m+fp/hard\libc_nano.a(lib_a-findfp.o)
                0x08004f5c                __sfp
 .text._fwalk_reent
                0x08004fe8       0x3e c:/gcc-arm-none-eabi/bin/../lib/gcc/arm-none-eabi/10.3.1/../../../../arm-none-eabi/lib/thumb/v7e-m+fp/hard\libc_nano.a(lib_a-fwalk.o)
                0x08004fe8                _fwalk_reent
 .text.__retarget_lock_init_recursive
                0x08005026        0x2 c:/gcc-arm-none-eabi/bin/../lib/gcc/arm-none-eabi/10.3.1/../../../../arm-none-eabi/lib/thumb/v7e-m+fp/hard\libc_nano.a(lib_a-lock.o)
                0x08005026                __retarget_lock_init_recursive
 .text.__retarget_lock_acquire_recursive
                0x08005028        0x2 c:/gcc-arm-none-eabi/bin/../lib/gcc/arm-none-eabi/10.3.1/../../../../arm-none-eabi/lib/thumb/v7e-m+fp/hard\libc_nano.a(lib_a-lock.o)
                0x08005028                __retarget_lock_acquire_recursive
 .text.__retarget_lock_release_recursive
                0x0800502a        0x2 c:/gcc-arm-none-eabi/bin/../lib/gcc/arm-none-eabi/10.3.1/../../../../arm-none-eabi/lib/thumb/v7e-m+fp/hard\libc_nano.a(lib_a-lock.o)
                0x0800502a                __retarget_lock_release_recursive
 .text.__swhatbuf_r
                0x0800502c       0x4a c:/gcc-arm-none-eabi/bin/../lib/gcc/arm-none-eabi/10.3.1/../../../../arm-none-eabi/lib/thumb/v7e-m+fp/hard\libc_nano.a(lib_a-makebuf.o)
                0x0800502c                __swhatbuf_r
 *fill*         0x08005076        0x2 
 .text.__smakebuf_r
                0x08005078       0x80 c:/gcc-arm-none-eabi/bin/../lib/gcc/arm-none-eabi/10.3.1/../../../../arm-none-eabi/lib/thumb/v7e-m+fp/hard\libc_nano.a(lib_a-makebuf.o)
                0x08005078                __smakebuf_r
 .text._raise_r
                0x080050f8       0x50 c:/gcc-arm-none-eabi/bin/../lib/gcc/arm-none-eabi/10.3.1/../../../../arm-none-eabi/lib/thumb/v7e-m+fp/hard\libc_nano.a(lib_a-signal.o)
                0x080050f8                _raise_r
 .text.raise    0x08005148       0x10 c:/gcc-arm-none-eabi/bin/../lib/gcc/arm-none-eabi/10.3.1/../../../../arm-none-eabi/lib/thumb/v7e-m+fp/hard\libc_nano.a(lib_a-signal.o)
                0x08005148                raise
 .text._kill_r  0x08005158       0x24 c:/gcc-arm-none-eabi/bin/../lib/gcc/arm-none-eabi/10.3.1/../../../../arm-none-eabi/lib/thumb/v7e-m+fp/hard\libc_nano.a(lib_a-signalr.o)
                0x08005158                _kill_r
 .text._getpid_r
                0x0800517c        0x4 c:/gcc-arm-none-eabi/bin/../lib/gcc/arm-none-eabi/10.3.1/../../../../arm-none-eabi/lib/thumb/v7e-m+fp/hard\libc_nano.a(lib_a-signalr.o)
                0x0800517c                _getpid_r
 .text.__sread  0x08005180       0x22 c:/gcc-arm-none-eabi/bin/../lib/gcc/arm-none-eabi/10.3.1/../../../../arm-none-eabi/lib/thumb/v7e-m+fp/hard\libc_nano.a(lib_a-stdio.o)
                0x08005180                __sread
 .text.__swrite
                0x080051a2       0x38 c:/gcc-arm-none-eabi/bin/../lib/gcc/arm-none-eabi/10.3.1/../../../../arm-none-eabi/lib/thumb/v7e-m+fp/hard\libc_nano.a(lib_a-stdio.o)
                0x080051a2                __swrite
 .text.__sseek  0x080051da       0x24 c:/gcc-arm-none-eabi/bin/../lib/gcc/arm-none-eabi/10.3.1/../../../../arm-none-eabi/lib/thumb/v7e-m+fp/hard\libc_nano.a(lib_a-stdio.o)
                0x080051da                __sseek
 .text.__sclose
                0x080051fe        0x8 c:/gcc-arm-none-eabi/bin/../lib/gcc/arm-none-eabi/10.3.1/../../../../arm-none-eabi/lib/thumb/v7e-m+fp/hard\libc_nano.a(lib_a-stdio.o)
                0x080051fe                __sclose
 *fill*         0x08005206        0x2 
 .text._write_r
                0x08005208       0x24 c:/gcc-arm-none-eabi/bin/../lib/gcc/arm-none-eabi/10.3.1/../../../../arm-none-eabi/lib/thumb/v7e-m+fp/hard\libc_nano.a(lib_a-writer.o)
                0x08005208                _write_r
 .text._close_r
                0x0800522c       0x20 c:/gcc-arm-none-eabi/bin/../lib/gcc/arm-none-eabi/10.3.1/../../../../arm-none-eabi/lib/thumb/v7e-m+fp/hard\libc_nano.a(lib_a-closer.o)
                0x0800522c                _close_r
 .text._fstat_r
                0x0800524c       0x24 c:/gcc-arm-none-eabi/bin/../lib/gcc/arm-none-eabi/10.3.1/../../../../arm-none-eabi/lib/thumb/v7e-m+fp/hard\libc_nano.a(lib_a-fstatr.o)
                0x0800524c                _fstat_r
 .text._isatty_r
                0x08005270       0x20 c:/gcc-arm-none-eabi/bin/../lib/gcc/arm-none-eabi/10.3.1/../../../../arm-none-eabi/lib/thumb/v7e-m+fp/hard\libc_nano.a(lib_a-isattyr.o)
                0x08005270                _isatty_r
 .text._lseek_r
                0x08005290       0x24 c:/gcc-arm-none-eabi/bin/../lib/gcc/arm-none-eabi/10.3.1/../../../../arm-none-eabi/lib/thumb/v7e-m+fp/hard\libc_nano.a(lib_a-lseekr.o)
                0x08005290                _lseek_r
 .text._read_r  0x080052b4       0x24 c:/gcc-arm-none-eabi/bin/../lib/gcc/arm-none-eabi/10.3.1/../../../../arm-none-eabi/lib/thumb/v7e-m+fp/hard\libc_nano.a(lib_a-readr.o)
                0x080052b4                _read_r
 .text._close   0x080052d8       0x10 c:/gcc-arm-none-eabi/bin/../lib/gcc/arm-none-eabi/10.3.1/../../../../arm-none-eabi/lib/thumb/v7e-m+fp/hard\libnosys.a(close.o)
                0x080052d8                _close
 .text._fstat   0x080052e8       0x10 c:/gcc-arm-none-eabi/bin/../lib/gcc/arm-none-eabi/10.3.1/../../../../arm-none-eabi/lib/thumb/v7e-m+fp/hard\libnosys.a(fstat.o)
                0x080052e8                _fstat
 .text._getpid  0x080052f8       0x10 c:/gcc-arm-none-eabi/bin/../lib/gcc/arm-none-eabi/10.3.1/../../../../arm-none-eabi/lib/thumb/v7e-m+fp/hard\libnosys.a(getpid.o)
                0x080052f8                _getpid
 .text._isatty  0x08005308       0x10 c:/gcc-arm-none-eabi/bin/../lib/gcc/arm-none-eabi/10.3.1/../../../../arm-none-eabi/lib/thumb/v7e-m+fp/hard\libnosys.a(isatty.o)
                0x08005308                _isatty
 .text._kill    0x08005318       0x10 c:/gcc-arm-none-eabi/bin/../lib/gcc/arm-none-eabi/10.3.1/../../../../arm-none-eabi/lib/thumb/v7e-m+fp/hard\libnosys.a(kill.o)
                0x08005318                _kill
 .text._lseek   0x08005328       0x10 c:/gcc-arm-none-eabi/bin/../lib/gcc/arm-none-eabi/10.3.1/../../../../arm-none-eabi/lib/thumb/v7e-m+fp/hard\libnosys.a(lseek.o)
                0x08005328                _lseek
 .text._read    0x08005338       0x10 c:/gcc-arm-none-eabi/bin/../lib/gcc/arm-none-eabi/10.3.1/../../../../arm-none-eabi/lib/thumb/v7e-m+fp/hard\libnosys.a(read.o)
                0x08005338                _read
 .text._sbrk    0x08005348       0x1c c:/gcc-arm-none-eabi/bin/../lib/gcc/arm-none-eabi/10.3.1/../../../../arm-none-eabi/lib/thumb/v7e-m+fp/hard\libnosys.a(sbrk.o)
                0x08005348                _sbrk
 .text._write   0x08005364       0x10 c:/gcc-arm-none-eabi/bin/../lib/gcc/arm-none-eabi/10.3.1/../../../../arm-none-eabi/lib/thumb/v7e-m+fp/hard\libnosys.a(write.o)
                0x08005364                _write
 .text._exit    0x08005374        0x4 c:/gcc-arm-none-eabi/bin/../lib/gcc/arm-none-eabi/10.3.1/../../../../arm-none-eabi/lib/thumb/v7e-m+fp/hard\libnosys.a(_exit.o)
                0x08005374                _exit
 .text.prvCreateTask
                0x08005378       0x78 FreeRTOS-Kernel/libfreertos_kernel.a(tasks.c.obj)
 .text.xTaskCreate
                0x080053f0       0x46 FreeRTOS-Kernel/libfreertos_kernel.a(tasks.c.obj)
                0x080053f0                xTaskCreate
 .text.prvInitialiseNewTask
                0x08005436      0x11c FreeRTOS-Kernel/libfreertos_kernel.a(tasks.c.obj)
 *fill*         0x08005552        0x2 
 .text.prvAddNewTaskToReadyList
                0x08005554      0x130 FreeRTOS-Kernel/libfreertos_kernel.a(tasks.c.obj)
 .text.vTaskDelay
                0x08005684       0x68 FreeRTOS-Kernel/libfreertos_kernel.a(tasks.c.obj)
                0x08005684                vTaskDelay
 .text.prvCreateIdleTasks
                0x080056ec       0x94 FreeRTOS-Kernel/libfreertos_kernel.a(tasks.c.obj)
 .text.vTaskStartScheduler
                0x08005780       0x7c FreeRTOS-Kernel/libfreertos_kernel.a(tasks.c.obj)
                0x08005780                vTaskStartScheduler
 .text.vTaskSuspendAll
                0x080057fc       0x1c FreeRTOS-Kernel/libfreertos_kernel.a(tasks.c.obj)
                0x080057fc                vTaskSuspendAll
 .text.xTaskResumeAll
                0x08005818      0x210 FreeRTOS-Kernel/libfreertos_kernel.a(tasks.c.obj)
                0x08005818                xTaskResumeAll
 .text.xTaskIncrementTick
                0x08005a28      0x230 FreeRTOS-Kernel/libfreertos_kernel.a(tasks.c.obj)
                0x08005a28                xTaskIncrementTick
 .text.vTaskSwitchContext
                0x08005c58       0xb8 FreeRTOS-Kernel/libfreertos_kernel.a(tasks.c.obj)
                0x08005c58                vTaskSwitchContext
 .text.prvIdleTask
                0x08005d10       0x30 FreeRTOS-Kernel/libfreertos_kernel.a(tasks.c.obj)
 .text.prvInitialiseTaskLists
                0x08005d40       0x80 FreeRTOS-Kernel/libfreertos_kernel.a(tasks.c.obj)
 .text.prvCheckTasksWaitingTermination
                0x08005dc0       0x5c FreeRTOS-Kernel/libfreertos_kernel.a(tasks.c.obj)
 .text.prvDeleteTCB
                0x08005e1c       0x20 FreeRTOS-Kernel/libfreertos_kernel.a(tasks.c.obj)
 .text.prvResetNextTaskUnblockTime
                0x08005e3c       0x38 FreeRTOS-Kernel/libfreertos_kernel.a(tasks.c.obj)
 .text.prvAddCurrentTaskToDelayedList
                0x08005e74      0x104 FreeRTOS-Kernel/libfreertos_kernel.a(tasks.c.obj)
 .text.pvPortMalloc
                0x08005f78      0x258 FreeRTOS-Kernel/libfreertos_kernel.a(heap_4.c.obj)
                0x08005f78                pvPortMalloc
 .text.vPortFree
                0x080061d0       0xf0 FreeRTOS-Kernel/libfreertos_kernel.a(heap_4.c.obj)
                0x080061d0                vPortFree
 .text.prvHeapInit
                0x080062c0       0xb4 FreeRTOS-Kernel/libfreertos_kernel.a(heap_4.c.obj)
 .text.prvInsertBlockIntoFreeList
                0x08006374       0xf4 FreeRTOS-Kernel/libfreertos_kernel.a(heap_4.c.obj)
 .text.pxPortInitialiseStack
                0x08006468       0x68 FreeRTOS-Kernel/libfreertos_kernel.a(port.c.obj)
                0x08006468                pxPortInitialiseStack
 .text.prvTaskExitError
                0x080064d0       0x58 FreeRTOS-Kernel/libfreertos_kernel.a(port.c.obj)
 *fill*         0x08006528        0x8 
 .text.SVC_Handler
                0x08006530       0x28 FreeRTOS-Kernel/libfreertos_kernel.a(port.c.obj)
                0x08006530                SVC_Handler
 .text.prvPortStartFirstTask
                0x08006558       0x2c FreeRTOS-Kernel/libfreertos_kernel.a(port.c.obj)
 .text.xPortStartScheduler
                0x08006584      0x1d4 FreeRTOS-Kernel/libfreertos_kernel.a(port.c.obj)
                0x08006584                xPortStartScheduler
 .text.vPortEnterCritical
                0x08006758       0x60 FreeRTOS-Kernel/libfreertos_kernel.a(port.c.obj)
                0x08006758                vPortEnterCritical
 .text.vPortExitCritical
                0x080067b8       0x54 FreeRTOS-Kernel/libfreertos_kernel.a(port.c.obj)
                0x080067b8                vPortExitCritical
 *fill*         0x0800680c        0x4 
 .text.PendSV_Handler
                0x08006810       0x68 FreeRTOS-Kernel/libfreertos_kernel.a(port.c.obj)
                0x08006810                PendSV_Handler
 .text.SysTick_Handler
                0x08006878       0x44 FreeRTOS-Kernel/libfreertos_kernel.a(port.c.obj)
                0x08006878                SysTick_Handler
 .text.vPortSetupTimerInterrupt
                0x080068bc       0x48 FreeRTOS-Kernel/libfreertos_kernel.a(port.c.obj)
                0x080068bc                vPortSetupTimerInterrupt
 .text.vPortEnableVFP
                0x08006904       0x18 FreeRTOS-Kernel/libfreertos_kernel.a(port.c.obj)
 .text.vListInitialise
                0x0800691c       0x40 FreeRTOS-Kernel/libfreertos_kernel.a(list.c.obj)
                0x0800691c                vListInitialise
 .text.vListInitialiseItem
                0x0800695c       0x1a FreeRTOS-Kernel/libfreertos_kernel.a(list.c.obj)
                0x0800695c                vListInitialiseItem
 .text.vListInsert
                0x08006976       0x72 FreeRTOS-Kernel/libfreertos_kernel.a(list.c.obj)
                0x08006976                vListInsert
 .text.uxListRemove
                0x080069e8       0x54 FreeRTOS-Kernel/libfreertos_kernel.a(list.c.obj)
                0x080069e8                uxListRemove
 *(.glue_7)
 .glue_7        0x08006a3c        0x0 linker stubs
 *(.glue_7t)
 .glue_7t       0x08006a3c        0x0 linker stubs
 *(.eh_frame)
 .eh_frame      0x08006a3c        0x0 c:/gcc-arm-none-eabi/bin/../lib/gcc/arm-none-eabi/10.3.1/thumb/v7e-m+fp/hard/crtbegin.o
 *(.init)
 .init          0x08006a3c        0x4 c:/gcc-arm-none-eabi/bin/../lib/gcc/arm-none-eabi/10.3.1/thumb/v7e-m+fp/hard/crti.o
                0x08006a3c                _init
 .init          0x08006a40        0x8 c:/gcc-arm-none-eabi/bin/../lib/gcc/arm-none-eabi/10.3.1/thumb/v7e-m+fp/hard/crtn.o
 *(.fini)
 .fini          0x08006a48        0x4 c:/gcc-arm-none-eabi/bin/../lib/gcc/arm-none-eabi/10.3.1/thumb/v7e-m+fp/hard/crti.o
                0x08006a48                _fini
 .fini          0x08006a4c        0x8 c:/gcc-arm-none-eabi/bin/../lib/gcc/arm-none-eabi/10.3.1/thumb/v7e-m+fp/hard/crtn.o
                0x08006a54                . = ALIGN (0x4)
                0x08006a54                _etext = .

.vfp11_veneer   0x08006a54        0x0
 .vfp11_veneer  0x08006a54        0x0 linker stubs

.v4_bx          0x08006a54        0x0
 .v4_bx         0x08006a54        0x0 linker stubs

.iplt           0x08006a54        0x0
 .iplt          0x08006a54        0x0 c:/gcc-arm-none-eabi/bin/../lib/gcc/arm-none-eabi/10.3.1/thumb/v7e-m+fp/hard/crtbegin.o

.rodata         0x08006a58      0x454
                0x08006a58                . = ALIGN (0x4)
 *(.rodata)
 .rodata        0x08006a58       0x14 CMakeFiles/FreeRTOS_demo.elf.dir/User/Src/user_tasks.c.obj
 .rodata        0x08006a6c        0x5 FreeRTOS-Kernel/libfreertos_kernel.a(tasks.c.obj)
 *(.rodata*)
 *fill*         0x08006a71        0x3 
 .rodata.AHBPrescTable
                0x08006a74       0x10 CMakeFiles/FreeRTOS_demo.elf.dir/Core/Src/system_stm32f4xx.c.obj
                0x08006a74                AHBPrescTable
 .rodata.APBPrescTable
                0x08006a84        0x8 CMakeFiles/FreeRTOS_demo.elf.dir/Core/Src/system_stm32f4xx.c.obj
                0x08006a84                APBPrescTable
 .rodata._global_impure_ptr
                0x08006a8c        0x4 c:/gcc-arm-none-eabi/bin/../lib/gcc/arm-none-eabi/10.3.1/../../../../arm-none-eabi/lib/thumb/v7e-m+fp/hard\libc_nano.a(lib_a-impure.o)
                0x08006a8c                _global_impure_ptr
 .rodata._printf_float.str1.1
                0x08006a90       0x12 c:/gcc-arm-none-eabi/bin/../lib/gcc/arm-none-eabi/10.3.1/../../../../arm-none-eabi/lib/thumb/v7e-m+fp/hard\libc_nano.a(lib_a-nano-vfprintf_float.o)
 .rodata._printf_i.str1.1
                0x08006aa2       0x22 c:/gcc-arm-none-eabi/bin/../lib/gcc/arm-none-eabi/10.3.1/../../../../arm-none-eabi/lib/thumb/v7e-m+fp/hard\libc_nano.a(lib_a-nano-vfprintf_i.o)
 .rodata._dtoa_r.str1.1
                0x08006ac4       0xb3 c:/gcc-arm-none-eabi/bin/../lib/gcc/arm-none-eabi/10.3.1/../../../../arm-none-eabi/lib/thumb/v7e-m+fp/hard\libc_nano.a(lib_a-dtoa.o)
                                 0xb5 (size before relaxing)
 .rodata._Balloc.str1.1
                0x08006b77       0x7f c:/gcc-arm-none-eabi/bin/../lib/gcc/arm-none-eabi/10.3.1/../../../../arm-none-eabi/lib/thumb/v7e-m+fp/hard\libc_nano.a(lib_a-mprec.o)
                                 0x96 (size before relaxing)
 .rodata.__multadd.str1.1
                0x08006bf6       0x11 c:/gcc-arm-none-eabi/bin/../lib/gcc/arm-none-eabi/10.3.1/../../../../arm-none-eabi/lib/thumb/v7e-m+fp/hard\libc_nano.a(lib_a-mprec.o)
 *fill*         0x08006bf6        0x2 
 .rodata.__mprec_bigtens
                0x08006bf8       0x28 c:/gcc-arm-none-eabi/bin/../lib/gcc/arm-none-eabi/10.3.1/../../../../arm-none-eabi/lib/thumb/v7e-m+fp/hard\libc_nano.a(lib_a-mprec.o)
                0x08006bf8                __mprec_bigtens
 .rodata.__mprec_tens
                0x08006c20       0xc8 c:/gcc-arm-none-eabi/bin/../lib/gcc/arm-none-eabi/10.3.1/../../../../arm-none-eabi/lib/thumb/v7e-m+fp/hard\libc_nano.a(lib_a-mprec.o)
                0x08006c20                __mprec_tens
 .rodata.p05.0  0x08006ce8        0xc c:/gcc-arm-none-eabi/bin/../lib/gcc/arm-none-eabi/10.3.1/../../../../arm-none-eabi/lib/thumb/v7e-m+fp/hard\libc_nano.a(lib_a-mprec.o)
 .rodata.__assert_func.str1.1
                0x08006cf4       0x3c c:/gcc-arm-none-eabi/bin/../lib/gcc/arm-none-eabi/10.3.1/../../../../arm-none-eabi/lib/thumb/v7e-m+fp/hard\libc_nano.a(lib_a-assert.o)
                                 0x3d (size before relaxing)
 .rodata._setlocale_r.str1.1
                0x08006d30        0x8 c:/gcc-arm-none-eabi/bin/../lib/gcc/arm-none-eabi/10.3.1/../../../../arm-none-eabi/lib/thumb/v7e-m+fp/hard\libc_nano.a(lib_a-locale.o)
                                  0x9 (size before relaxing)
 .rodata.str1.1
                0x08006d38        0x2 c:/gcc-arm-none-eabi/bin/../lib/gcc/arm-none-eabi/10.3.1/../../../../arm-none-eabi/lib/thumb/v7e-m+fp/hard\libc_nano.a(lib_a-locale.o)
 .rodata._vfprintf_r.str1.1
                0x08006d3a       0x11 c:/gcc-arm-none-eabi/bin/../lib/gcc/arm-none-eabi/10.3.1/../../../../arm-none-eabi/lib/thumb/v7e-m+fp/hard\libc_nano.a(lib_a-nano-vfprintf.o)
 .rodata._ctype_
                0x08006d4b      0x101 c:/gcc-arm-none-eabi/bin/../lib/gcc/arm-none-eabi/10.3.1/../../../../arm-none-eabi/lib/thumb/v7e-m+fp/hard\libc_nano.a(lib_a-ctype_.o)
                0x08006d4b                _ctype_
 .rodata.__sf_fake_stderr
                0x08006e4c       0x20 c:/gcc-arm-none-eabi/bin/../lib/gcc/arm-none-eabi/10.3.1/../../../../arm-none-eabi/lib/thumb/v7e-m+fp/hard\libc_nano.a(lib_a-findfp.o)
                0x08006e4c                __sf_fake_stderr
 .rodata.__sf_fake_stdin
                0x08006e6c       0x20 c:/gcc-arm-none-eabi/bin/../lib/gcc/arm-none-eabi/10.3.1/../../../../arm-none-eabi/lib/thumb/v7e-m+fp/hard\libc_nano.a(lib_a-findfp.o)
                0x08006e6c                __sf_fake_stdin
 .rodata.__sf_fake_stdout
                0x08006e8c       0x20 c:/gcc-arm-none-eabi/bin/../lib/gcc/arm-none-eabi/10.3.1/../../../../arm-none-eabi/lib/thumb/v7e-m+fp/hard\libc_nano.a(lib_a-findfp.o)
                0x08006e8c                __sf_fake_stdout
                0x08006eac                . = ALIGN (0x4)

.ARM.extab
 *(.ARM.extab* .gnu.linkonce.armextab.*)

.ARM            0x08006eac        0x8
                0x08006eac                __exidx_start = .
 *(.ARM.exidx*)
 .ARM.exidx     0x08006eac        0x8 c:/gcc-arm-none-eabi/bin/../lib/gcc/arm-none-eabi/10.3.1/thumb/v7e-m+fp/hard\libgcc.a(_udivmoddi4.o)
                0x08006eb4                __exidx_end = .

.rel.dyn        0x08006eb4        0x0
 .rel.iplt      0x08006eb4        0x0 c:/gcc-arm-none-eabi/bin/../lib/gcc/arm-none-eabi/10.3.1/thumb/v7e-m+fp/hard/crtbegin.o

.preinit_array  0x08006eb4        0x0
                0x08006eb4                PROVIDE (__preinit_array_start = .)
 *(.preinit_array*)
                0x08006eb4                PROVIDE (__preinit_array_end = .)

.init_array     0x08006eb4        0x4
                0x08006eb4                PROVIDE (__init_array_start = .)
 *(SORT_BY_NAME(.init_array.*))
 *(.init_array*)
 .init_array    0x08006eb4        0x4 c:/gcc-arm-none-eabi/bin/../lib/gcc/arm-none-eabi/10.3.1/thumb/v7e-m+fp/hard/crtbegin.o
                0x08006eb8                PROVIDE (__init_array_end = .)

.fini_array     0x08006eb8        0x4
                [!provide]                PROVIDE (__fini_array_start = .)
 *(SORT_BY_NAME(.fini_array.*))
 *(.fini_array*)
 .fini_array    0x08006eb8        0x4 c:/gcc-arm-none-eabi/bin/../lib/gcc/arm-none-eabi/10.3.1/thumb/v7e-m+fp/hard/crtbegin.o
                [!provide]                PROVIDE (__fini_array_end = .)
                0x08006ebc                _sidata = LOADADDR (.data)

.data           0x20000000      0x1e4 load address 0x08006ebc
                0x20000000                . = ALIGN (0x4)
                0x20000000                _sdata = .
 *(.data)
 *(.data*)
 .data.uwTickPrio
                0x20000000        0x4 CMakeFiles/FreeRTOS_demo.elf.dir/Drivers/STM32F4xx_HAL_Driver/Src/stm32f4xx_hal.c.obj
                0x20000000                uwTickPrio
 .data.uwTickFreq
                0x20000004        0x1 CMakeFiles/FreeRTOS_demo.elf.dir/Drivers/STM32F4xx_HAL_Driver/Src/stm32f4xx_hal.c.obj
                0x20000004                uwTickFreq
 *fill*         0x20000005        0x3 
 .data.SystemCoreClock
                0x20000008        0x4 CMakeFiles/FreeRTOS_demo.elf.dir/Core/Src/system_stm32f4xx.c.obj
                0x20000008                SystemCoreClock
 .data._impure_ptr
                0x2000000c        0x4 c:/gcc-arm-none-eabi/bin/../lib/gcc/arm-none-eabi/10.3.1/../../../../arm-none-eabi/lib/thumb/v7e-m+fp/hard\libc_nano.a(lib_a-impure.o)
                0x2000000c                _impure_ptr
 .data.impure_data
                0x20000010       0x60 c:/gcc-arm-none-eabi/bin/../lib/gcc/arm-none-eabi/10.3.1/../../../../arm-none-eabi/lib/thumb/v7e-m+fp/hard\libc_nano.a(lib_a-impure.o)
 .data.__global_locale
                0x20000070      0x16c c:/gcc-arm-none-eabi/bin/../lib/gcc/arm-none-eabi/10.3.1/../../../../arm-none-eabi/lib/thumb/v7e-m+fp/hard\libc_nano.a(lib_a-locale.o)
                0x20000070                __global_locale
 .data.uxTopUsedPriority
                0x200001dc        0x4 FreeRTOS-Kernel/libfreertos_kernel.a(tasks.c.obj)
 .data.uxCriticalNesting
                0x200001e0        0x4 FreeRTOS-Kernel/libfreertos_kernel.a(port.c.obj)
                0x200001e4                . = ALIGN (0x4)
                0x200001e4                _edata = .
                0x080070a0                _siccmram = LOADADDR (.ccmram)

.igot.plt       0x200001e4        0x0 load address 0x080070a0
 .igot.plt      0x200001e4        0x0 c:/gcc-arm-none-eabi/bin/../lib/gcc/arm-none-eabi/10.3.1/thumb/v7e-m+fp/hard/crtbegin.o

.ccmram         0x10000000        0x0 load address 0x080070a0
                0x10000000                . = ALIGN (0x4)
                0x10000000                _sccmram = .
 *(.ccmram)
 *(.ccmram*)
                0x10000000                . = ALIGN (0x4)
                0x10000000                _eccmram = .
                0x10000000                . = ALIGN (0x4)

.bss            0x200001e4     0x3dd4
                0x200001e4                _sbss = .
                0x200001e4                __bss_start__ = _sbss
 *(.bss)
 .bss           0x200001e4       0x1c c:/gcc-arm-none-eabi/bin/../lib/gcc/arm-none-eabi/10.3.1/thumb/v7e-m+fp/hard/crtbegin.o
 *(.bss*)
 .bss.htim1     0x20000200       0x48 CMakeFiles/FreeRTOS_demo.elf.dir/Core/Src/stm32f4xx_hal_timebase_tim.c.obj
                0x20000200                htim1
 .bss.uwTick    0x20000248        0x4 CMakeFiles/FreeRTOS_demo.elf.dir/Drivers/STM32F4xx_HAL_Driver/Src/stm32f4xx_hal.c.obj
                0x20000248                uwTick
 .bss.TaskHighHandle
                0x2000024c        0x4 CMakeFiles/FreeRTOS_demo.elf.dir/User/Src/user_tasks.c.obj
                0x2000024c                TaskHighHandle
 .bss.TaskLowHandle
                0x20000250        0x4 CMakeFiles/FreeRTOS_demo.elf.dir/User/Src/user_tasks.c.obj
                0x20000250                TaskLowHandle
 .bss.__malloc_free_list
                0x20000254        0x4 c:/gcc-arm-none-eabi/bin/../lib/gcc/arm-none-eabi/10.3.1/../../../../arm-none-eabi/lib/thumb/v7e-m+fp/hard\libc_nano.a(lib_a-nano-mallocr.o)
                0x20000254                __malloc_free_list
 .bss.__malloc_sbrk_start
                0x20000258        0x4 c:/gcc-arm-none-eabi/bin/../lib/gcc/arm-none-eabi/10.3.1/../../../../arm-none-eabi/lib/thumb/v7e-m+fp/hard\libc_nano.a(lib_a-nano-mallocr.o)
                0x20000258                __malloc_sbrk_start
 .bss.errno     0x2000025c        0x4 c:/gcc-arm-none-eabi/bin/../lib/gcc/arm-none-eabi/10.3.1/../../../../arm-none-eabi/lib/thumb/v7e-m+fp/hard\libc_nano.a(lib_a-reent.o)
                0x2000025c                errno
 .bss.__lock___malloc_recursive_mutex
                0x20000260        0x1 c:/gcc-arm-none-eabi/bin/../lib/gcc/arm-none-eabi/10.3.1/../../../../arm-none-eabi/lib/thumb/v7e-m+fp/hard\libc_nano.a(lib_a-lock.o)
                0x20000260                __lock___malloc_recursive_mutex
 .bss.__lock___sfp_recursive_mutex
                0x20000261        0x1 c:/gcc-arm-none-eabi/bin/../lib/gcc/arm-none-eabi/10.3.1/../../../../arm-none-eabi/lib/thumb/v7e-m+fp/hard\libc_nano.a(lib_a-lock.o)
                0x20000261                __lock___sfp_recursive_mutex
 .bss.__lock___sinit_recursive_mutex
                0x20000262        0x1 c:/gcc-arm-none-eabi/bin/../lib/gcc/arm-none-eabi/10.3.1/../../../../arm-none-eabi/lib/thumb/v7e-m+fp/hard\libc_nano.a(lib_a-lock.o)
                0x20000262                __lock___sinit_recursive_mutex
 *fill*         0x20000263        0x1 
 .bss.heap_end.0
                0x20000264        0x4 c:/gcc-arm-none-eabi/bin/../lib/gcc/arm-none-eabi/10.3.1/../../../../arm-none-eabi/lib/thumb/v7e-m+fp/hard\libnosys.a(sbrk.o)
 .bss.pxCurrentTCB
                0x20000268        0x4 FreeRTOS-Kernel/libfreertos_kernel.a(tasks.c.obj)
                0x20000268                pxCurrentTCB
 .bss.pxReadyTasksLists
                0x2000026c       0x8c FreeRTOS-Kernel/libfreertos_kernel.a(tasks.c.obj)
 .bss.xDelayedTaskList1
                0x200002f8       0x14 FreeRTOS-Kernel/libfreertos_kernel.a(tasks.c.obj)
 .bss.xDelayedTaskList2
                0x2000030c       0x14 FreeRTOS-Kernel/libfreertos_kernel.a(tasks.c.obj)
 .bss.pxDelayedTaskList
                0x20000320        0x4 FreeRTOS-Kernel/libfreertos_kernel.a(tasks.c.obj)
 .bss.pxOverflowDelayedTaskList
                0x20000324        0x4 FreeRTOS-Kernel/libfreertos_kernel.a(tasks.c.obj)
 .bss.xPendingReadyList
                0x20000328       0x14 FreeRTOS-Kernel/libfreertos_kernel.a(tasks.c.obj)
 .bss.xTasksWaitingTermination
                0x2000033c       0x14 FreeRTOS-Kernel/libfreertos_kernel.a(tasks.c.obj)
 .bss.uxDeletedTasksWaitingCleanUp
                0x20000350        0x4 FreeRTOS-Kernel/libfreertos_kernel.a(tasks.c.obj)
 .bss.xSuspendedTaskList
                0x20000354       0x14 FreeRTOS-Kernel/libfreertos_kernel.a(tasks.c.obj)
 .bss.uxCurrentNumberOfTasks
                0x20000368        0x4 FreeRTOS-Kernel/libfreertos_kernel.a(tasks.c.obj)
 .bss.xTickCount
                0x2000036c        0x4 FreeRTOS-Kernel/libfreertos_kernel.a(tasks.c.obj)
 .bss.uxTopReadyPriority
                0x20000370        0x4 FreeRTOS-Kernel/libfreertos_kernel.a(tasks.c.obj)
 .bss.xSchedulerRunning
                0x20000374        0x4 FreeRTOS-Kernel/libfreertos_kernel.a(tasks.c.obj)
 .bss.xPendedTicks
                0x20000378        0x4 FreeRTOS-Kernel/libfreertos_kernel.a(tasks.c.obj)
 .bss.xYieldPendings
                0x2000037c        0x4 FreeRTOS-Kernel/libfreertos_kernel.a(tasks.c.obj)
 .bss.xNumOfOverflows
                0x20000380        0x4 FreeRTOS-Kernel/libfreertos_kernel.a(tasks.c.obj)
 .bss.uxTaskNumber
                0x20000384        0x4 FreeRTOS-Kernel/libfreertos_kernel.a(tasks.c.obj)
 .bss.xNextTaskUnblockTime
                0x20000388        0x4 FreeRTOS-Kernel/libfreertos_kernel.a(tasks.c.obj)
 .bss.xIdleTaskHandles
                0x2000038c        0x4 FreeRTOS-Kernel/libfreertos_kernel.a(tasks.c.obj)
 .bss.uxSchedulerSuspended
                0x20000390        0x4 FreeRTOS-Kernel/libfreertos_kernel.a(tasks.c.obj)
 .bss.ucHeap    0x20000394     0x3c00 FreeRTOS-Kernel/libfreertos_kernel.a(heap_4.c.obj)
 .bss.xStart    0x20003f94        0x8 FreeRTOS-Kernel/libfreertos_kernel.a(heap_4.c.obj)
 .bss.pxEnd     0x20003f9c        0x4 FreeRTOS-Kernel/libfreertos_kernel.a(heap_4.c.obj)
 .bss.xFreeBytesRemaining
                0x20003fa0        0x4 FreeRTOS-Kernel/libfreertos_kernel.a(heap_4.c.obj)
 .bss.xMinimumEverFreeBytesRemaining
                0x20003fa4        0x4 FreeRTOS-Kernel/libfreertos_kernel.a(heap_4.c.obj)
 .bss.xNumberOfSuccessfulAllocations
                0x20003fa8        0x4 FreeRTOS-Kernel/libfreertos_kernel.a(heap_4.c.obj)
 .bss.xNumberOfSuccessfulFrees
                0x20003fac        0x4 FreeRTOS-Kernel/libfreertos_kernel.a(heap_4.c.obj)
 .bss.ucMaxSysCallPriority
                0x20003fb0        0x1 FreeRTOS-Kernel/libfreertos_kernel.a(port.c.obj)
 *fill*         0x20003fb1        0x3 
 .bss.ulMaxPRIGROUPValue
                0x20003fb4        0x4 FreeRTOS-Kernel/libfreertos_kernel.a(port.c.obj)
 *(COMMON)
                0x20003fb8                . = ALIGN (0x4)
                0x20003fb8                _ebss = .
                0x20003fb8                __bss_end__ = _ebss

._user_heap_stack
                0x20003fb8      0x600
                0x20003fb8                . = ALIGN (0x8)
                0x20003fb8                PROVIDE (end = .)
                [!provide]                PROVIDE (_end = .)
                0x200041b8                . = (. + _Min_Heap_Size)
 *fill*         0x20003fb8      0x200 
                0x200045b8                . = (. + _Min_Stack_Size)
 *fill*         0x200041b8      0x400 
                0x200045b8                . = ALIGN (0x8)

/DISCARD/
 libc.a(*)
 libm.a(*)
 libgcc.a(*)

.ARM.attributes
                0x00000000       0x30
 *(.ARM.attributes)
 .ARM.attributes
                0x00000000       0x1e c:/gcc-arm-none-eabi/bin/../lib/gcc/arm-none-eabi/10.3.1/thumb/v7e-m+fp/hard/crti.o
 .ARM.attributes
                0x0000001e       0x34 c:/gcc-arm-none-eabi/bin/../lib/gcc/arm-none-eabi/10.3.1/thumb/v7e-m+fp/hard/crtbegin.o
 .ARM.attributes
                0x00000052       0x34 CMakeFiles/FreeRTOS_demo.elf.dir/Core/Src/main.c.obj
 .ARM.attributes
                0x00000086       0x34 CMakeFiles/FreeRTOS_demo.elf.dir/Core/Src/gpio.c.obj
 .ARM.attributes
                0x000000ba       0x34 CMakeFiles/FreeRTOS_demo.elf.dir/Core/Src/stm32f4xx_it.c.obj
 .ARM.attributes
                0x000000ee       0x34 CMakeFiles/FreeRTOS_demo.elf.dir/Core/Src/stm32f4xx_hal_msp.c.obj
 .ARM.attributes
                0x00000122       0x34 CMakeFiles/FreeRTOS_demo.elf.dir/Core/Src/stm32f4xx_hal_timebase_tim.c.obj
 .ARM.attributes
                0x00000156       0x34 CMakeFiles/FreeRTOS_demo.elf.dir/Drivers/STM32F4xx_HAL_Driver/Src/stm32f4xx_hal_tim.c.obj
 .ARM.attributes
                0x0000018a       0x34 CMakeFiles/FreeRTOS_demo.elf.dir/Drivers/STM32F4xx_HAL_Driver/Src/stm32f4xx_hal_tim_ex.c.obj
 .ARM.attributes
                0x000001be       0x34 CMakeFiles/FreeRTOS_demo.elf.dir/Drivers/STM32F4xx_HAL_Driver/Src/stm32f4xx_hal_rcc.c.obj
 .ARM.attributes
                0x000001f2       0x34 CMakeFiles/FreeRTOS_demo.elf.dir/Drivers/STM32F4xx_HAL_Driver/Src/stm32f4xx_hal_gpio.c.obj
 .ARM.attributes
                0x00000226       0x34 CMakeFiles/FreeRTOS_demo.elf.dir/Drivers/STM32F4xx_HAL_Driver/Src/stm32f4xx_hal_pwr_ex.c.obj
 .ARM.attributes
                0x0000025a       0x34 CMakeFiles/FreeRTOS_demo.elf.dir/Drivers/STM32F4xx_HAL_Driver/Src/stm32f4xx_hal_cortex.c.obj
 .ARM.attributes
                0x0000028e       0x34 CMakeFiles/FreeRTOS_demo.elf.dir/Drivers/STM32F4xx_HAL_Driver/Src/stm32f4xx_hal.c.obj
 .ARM.attributes
                0x000002c2       0x34 CMakeFiles/FreeRTOS_demo.elf.dir/Core/Src/system_stm32f4xx.c.obj
 .ARM.attributes
                0x000002f6       0x34 CMakeFiles/FreeRTOS_demo.elf.dir/User/Src/user_tasks.c.obj
 .ARM.attributes
                0x0000032a       0x21 CMakeFiles/FreeRTOS_demo.elf.dir/startup_stm32f427xx.s.obj
 .ARM.attributes
                0x0000034b       0x34 c:/gcc-arm-none-eabi/bin/../lib/gcc/arm-none-eabi/10.3.1/../../../../arm-none-eabi/lib/thumb/v7e-m+fp/hard\libc_nano.a(lib_a-impure.o)
 .ARM.attributes
                0x0000037f       0x34 c:/gcc-arm-none-eabi/bin/../lib/gcc/arm-none-eabi/10.3.1/../../../../arm-none-eabi/lib/thumb/v7e-m+fp/hard\libc_nano.a(lib_a-init.o)
 .ARM.attributes
                0x000003b3       0x34 c:/gcc-arm-none-eabi/bin/../lib/gcc/arm-none-eabi/10.3.1/../../../../arm-none-eabi/lib/thumb/v7e-m+fp/hard\libc_nano.a(lib_a-memset.o)
 .ARM.attributes
                0x000003e7       0x34 c:/gcc-arm-none-eabi/bin/../lib/gcc/arm-none-eabi/10.3.1/../../../../arm-none-eabi/lib/thumb/v7e-m+fp/hard\libc_nano.a(lib_a-nano-vfprintf_float.o)
 .ARM.attributes
                0x0000041b       0x34 c:/gcc-arm-none-eabi/bin/../lib/gcc/arm-none-eabi/10.3.1/../../../../arm-none-eabi/lib/thumb/v7e-m+fp/hard\libc_nano.a(lib_a-nano-vfprintf_i.o)
 .ARM.attributes
                0x0000044f       0x17 c:/gcc-arm-none-eabi/bin/../lib/gcc/arm-none-eabi/10.3.1/../../../../arm-none-eabi/lib/thumb/v7e-m+fp/hard\libc_nano.a(lib_a-strlen.o)
 .ARM.attributes
                0x00000466       0x34 c:/gcc-arm-none-eabi/bin/../lib/gcc/arm-none-eabi/10.3.1/../../../../arm-none-eabi/lib/thumb/v7e-m+fp/hard\libc_nano.a(lib_a-dtoa.o)
 .ARM.attributes
                0x0000049a       0x34 c:/gcc-arm-none-eabi/bin/../lib/gcc/arm-none-eabi/10.3.1/../../../../arm-none-eabi/lib/thumb/v7e-m+fp/hard\libc_nano.a(lib_a-localeconv.o)
 .ARM.attributes
                0x000004ce       0x34 c:/gcc-arm-none-eabi/bin/../lib/gcc/arm-none-eabi/10.3.1/../../../../arm-none-eabi/lib/thumb/v7e-m+fp/hard\libc_nano.a(lib_a-malloc.o)
 .ARM.attributes
                0x00000502       0x1c c:/gcc-arm-none-eabi/bin/../lib/gcc/arm-none-eabi/10.3.1/../../../../arm-none-eabi/lib/thumb/v7e-m+fp/hard\libc_nano.a(lib_a-memchr.o)
 .ARM.attributes
                0x0000051e       0x34 c:/gcc-arm-none-eabi/bin/../lib/gcc/arm-none-eabi/10.3.1/../../../../arm-none-eabi/lib/thumb/v7e-m+fp/hard\libc_nano.a(lib_a-memcpy-stub.o)
 .ARM.attributes
                0x00000552       0x34 c:/gcc-arm-none-eabi/bin/../lib/gcc/arm-none-eabi/10.3.1/../../../../arm-none-eabi/lib/thumb/v7e-m+fp/hard\libc_nano.a(lib_a-mprec.o)
 .ARM.attributes
                0x00000586       0x34 c:/gcc-arm-none-eabi/bin/../lib/gcc/arm-none-eabi/10.3.1/../../../../arm-none-eabi/lib/thumb/v7e-m+fp/hard\libc_nano.a(lib_a-nano-callocr.o)
 .ARM.attributes
                0x000005ba       0x34 c:/gcc-arm-none-eabi/bin/../lib/gcc/arm-none-eabi/10.3.1/../../../../arm-none-eabi/lib/thumb/v7e-m+fp/hard\libc_nano.a(lib_a-nano-freer.o)
 .ARM.attributes
                0x000005ee       0x34 c:/gcc-arm-none-eabi/bin/../lib/gcc/arm-none-eabi/10.3.1/../../../../arm-none-eabi/lib/thumb/v7e-m+fp/hard\libc_nano.a(lib_a-nano-mallocr.o)
 .ARM.attributes
                0x00000622       0x34 c:/gcc-arm-none-eabi/bin/../lib/gcc/arm-none-eabi/10.3.1/../../../../arm-none-eabi/lib/thumb/v7e-m+fp/hard\libc_nano.a(lib_a-sbrkr.o)
 .ARM.attributes
                0x00000656       0x34 c:/gcc-arm-none-eabi/bin/../lib/gcc/arm-none-eabi/10.3.1/../../../../arm-none-eabi/lib/thumb/v7e-m+fp/hard\libc_nano.a(lib_a-assert.o)
 .ARM.attributes
                0x0000068a       0x34 c:/gcc-arm-none-eabi/bin/../lib/gcc/arm-none-eabi/10.3.1/../../../../arm-none-eabi/lib/thumb/v7e-m+fp/hard\libc_nano.a(lib_a-fprintf.o)
 .ARM.attributes
                0x000006be       0x34 c:/gcc-arm-none-eabi/bin/../lib/gcc/arm-none-eabi/10.3.1/../../../../arm-none-eabi/lib/thumb/v7e-m+fp/hard\libc_nano.a(lib_a-locale.o)
 .ARM.attributes
                0x000006f2       0x34 c:/gcc-arm-none-eabi/bin/../lib/gcc/arm-none-eabi/10.3.1/../../../../arm-none-eabi/lib/thumb/v7e-m+fp/hard\libc_nano.a(lib_a-mbtowc_r.o)
 .ARM.attributes
                0x00000726       0x34 c:/gcc-arm-none-eabi/bin/../lib/gcc/arm-none-eabi/10.3.1/../../../../arm-none-eabi/lib/thumb/v7e-m+fp/hard\libc_nano.a(lib_a-mlock.o)
 .ARM.attributes
                0x0000075a       0x34 c:/gcc-arm-none-eabi/bin/../lib/gcc/arm-none-eabi/10.3.1/../../../../arm-none-eabi/lib/thumb/v7e-m+fp/hard\libc_nano.a(lib_a-nano-vfprintf.o)
 .ARM.attributes
                0x0000078e       0x34 c:/gcc-arm-none-eabi/bin/../lib/gcc/arm-none-eabi/10.3.1/../../../../arm-none-eabi/lib/thumb/v7e-m+fp/hard\libc_nano.a(lib_a-reent.o)
 .ARM.attributes
                0x000007c2       0x34 c:/gcc-arm-none-eabi/bin/../lib/gcc/arm-none-eabi/10.3.1/../../../../arm-none-eabi/lib/thumb/v7e-m+fp/hard\libc_nano.a(lib_a-wbuf.o)
 .ARM.attributes
                0x000007f6       0x34 c:/gcc-arm-none-eabi/bin/../lib/gcc/arm-none-eabi/10.3.1/../../../../arm-none-eabi/lib/thumb/v7e-m+fp/hard\libc_nano.a(lib_a-wctomb_r.o)
 .ARM.attributes
                0x0000082a       0x34 c:/gcc-arm-none-eabi/bin/../lib/gcc/arm-none-eabi/10.3.1/../../../../arm-none-eabi/lib/thumb/v7e-m+fp/hard\libc_nano.a(lib_a-wsetup.o)
 .ARM.attributes
                0x0000085e       0x34 c:/gcc-arm-none-eabi/bin/../lib/gcc/arm-none-eabi/10.3.1/../../../../arm-none-eabi/lib/thumb/v7e-m+fp/hard\libc_nano.a(lib_a-abort.o)
 .ARM.attributes
                0x00000892       0x34 c:/gcc-arm-none-eabi/bin/../lib/gcc/arm-none-eabi/10.3.1/../../../../arm-none-eabi/lib/thumb/v7e-m+fp/hard\libc_nano.a(lib_a-ctype_.o)
 .ARM.attributes
                0x000008c6       0x34 c:/gcc-arm-none-eabi/bin/../lib/gcc/arm-none-eabi/10.3.1/../../../../arm-none-eabi/lib/thumb/v7e-m+fp/hard\libc_nano.a(lib_a-fflush.o)
 .ARM.attributes
                0x000008fa       0x34 c:/gcc-arm-none-eabi/bin/../lib/gcc/arm-none-eabi/10.3.1/../../../../arm-none-eabi/lib/thumb/v7e-m+fp/hard\libc_nano.a(lib_a-findfp.o)
 .ARM.attributes
                0x0000092e       0x34 c:/gcc-arm-none-eabi/bin/../lib/gcc/arm-none-eabi/10.3.1/../../../../arm-none-eabi/lib/thumb/v7e-m+fp/hard\libc_nano.a(lib_a-fwalk.o)
 .ARM.attributes
                0x00000962       0x34 c:/gcc-arm-none-eabi/bin/../lib/gcc/arm-none-eabi/10.3.1/../../../../arm-none-eabi/lib/thumb/v7e-m+fp/hard\libc_nano.a(lib_a-lock.o)
 .ARM.attributes
                0x00000996       0x34 c:/gcc-arm-none-eabi/bin/../lib/gcc/arm-none-eabi/10.3.1/../../../../arm-none-eabi/lib/thumb/v7e-m+fp/hard\libc_nano.a(lib_a-makebuf.o)
 .ARM.attributes
                0x000009ca       0x34 c:/gcc-arm-none-eabi/bin/../lib/gcc/arm-none-eabi/10.3.1/../../../../arm-none-eabi/lib/thumb/v7e-m+fp/hard\libc_nano.a(lib_a-signal.o)
 .ARM.attributes
                0x000009fe       0x34 c:/gcc-arm-none-eabi/bin/../lib/gcc/arm-none-eabi/10.3.1/../../../../arm-none-eabi/lib/thumb/v7e-m+fp/hard\libc_nano.a(lib_a-signalr.o)
 .ARM.attributes
                0x00000a32       0x34 c:/gcc-arm-none-eabi/bin/../lib/gcc/arm-none-eabi/10.3.1/../../../../arm-none-eabi/lib/thumb/v7e-m+fp/hard\libc_nano.a(lib_a-stdio.o)
 .ARM.attributes
                0x00000a66       0x34 c:/gcc-arm-none-eabi/bin/../lib/gcc/arm-none-eabi/10.3.1/../../../../arm-none-eabi/lib/thumb/v7e-m+fp/hard\libc_nano.a(lib_a-writer.o)
 .ARM.attributes
                0x00000a9a       0x34 c:/gcc-arm-none-eabi/bin/../lib/gcc/arm-none-eabi/10.3.1/../../../../arm-none-eabi/lib/thumb/v7e-m+fp/hard\libc_nano.a(lib_a-closer.o)
 .ARM.attributes
                0x00000ace       0x34 c:/gcc-arm-none-eabi/bin/../lib/gcc/arm-none-eabi/10.3.1/../../../../arm-none-eabi/lib/thumb/v7e-m+fp/hard\libc_nano.a(lib_a-fstatr.o)
 .ARM.attributes
                0x00000b02       0x34 c:/gcc-arm-none-eabi/bin/../lib/gcc/arm-none-eabi/10.3.1/../../../../arm-none-eabi/lib/thumb/v7e-m+fp/hard\libc_nano.a(lib_a-isattyr.o)
 .ARM.attributes
                0x00000b36       0x34 c:/gcc-arm-none-eabi/bin/../lib/gcc/arm-none-eabi/10.3.1/../../../../arm-none-eabi/lib/thumb/v7e-m+fp/hard\libc_nano.a(lib_a-lseekr.o)
 .ARM.attributes
                0x00000b6a       0x34 c:/gcc-arm-none-eabi/bin/../lib/gcc/arm-none-eabi/10.3.1/../../../../arm-none-eabi/lib/thumb/v7e-m+fp/hard\libc_nano.a(lib_a-readr.o)
 .ARM.attributes
                0x00000b9e       0x34 c:/gcc-arm-none-eabi/bin/../lib/gcc/arm-none-eabi/10.3.1/../../../../arm-none-eabi/lib/thumb/v7e-m+fp/hard\libnosys.a(close.o)
 .ARM.attributes
                0x00000bd2       0x34 c:/gcc-arm-none-eabi/bin/../lib/gcc/arm-none-eabi/10.3.1/../../../../arm-none-eabi/lib/thumb/v7e-m+fp/hard\libnosys.a(fstat.o)
 .ARM.attributes
                0x00000c06       0x34 c:/gcc-arm-none-eabi/bin/../lib/gcc/arm-none-eabi/10.3.1/../../../../arm-none-eabi/lib/thumb/v7e-m+fp/hard\libnosys.a(getpid.o)
 .ARM.attributes
                0x00000c3a       0x34 c:/gcc-arm-none-eabi/bin/../lib/gcc/arm-none-eabi/10.3.1/../../../../arm-none-eabi/lib/thumb/v7e-m+fp/hard\libnosys.a(isatty.o)
 .ARM.attributes
                0x00000c6e       0x34 c:/gcc-arm-none-eabi/bin/../lib/gcc/arm-none-eabi/10.3.1/../../../../arm-none-eabi/lib/thumb/v7e-m+fp/hard\libnosys.a(kill.o)
 .ARM.attributes
                0x00000ca2       0x34 c:/gcc-arm-none-eabi/bin/../lib/gcc/arm-none-eabi/10.3.1/../../../../arm-none-eabi/lib/thumb/v7e-m+fp/hard\libnosys.a(lseek.o)
 .ARM.attributes
                0x00000cd6       0x34 c:/gcc-arm-none-eabi/bin/../lib/gcc/arm-none-eabi/10.3.1/../../../../arm-none-eabi/lib/thumb/v7e-m+fp/hard\libnosys.a(read.o)
 .ARM.attributes
                0x00000d0a       0x34 c:/gcc-arm-none-eabi/bin/../lib/gcc/arm-none-eabi/10.3.1/../../../../arm-none-eabi/lib/thumb/v7e-m+fp/hard\libnosys.a(sbrk.o)
 .ARM.attributes
                0x00000d3e       0x34 c:/gcc-arm-none-eabi/bin/../lib/gcc/arm-none-eabi/10.3.1/../../../../arm-none-eabi/lib/thumb/v7e-m+fp/hard\libnosys.a(write.o)
 .ARM.attributes
                0x00000d72       0x34 c:/gcc-arm-none-eabi/bin/../lib/gcc/arm-none-eabi/10.3.1/../../../../arm-none-eabi/lib/thumb/v7e-m+fp/hard\libnosys.a(_exit.o)
 .ARM.attributes
                0x00000da6       0x34 FreeRTOS-Kernel/libfreertos_kernel.a(tasks.c.obj)
 .ARM.attributes
                0x00000dda       0x34 FreeRTOS-Kernel/libfreertos_kernel.a(heap_4.c.obj)
 .ARM.attributes
                0x00000e0e       0x34 FreeRTOS-Kernel/libfreertos_kernel.a(port.c.obj)
 .ARM.attributes
                0x00000e42       0x34 FreeRTOS-Kernel/libfreertos_kernel.a(list.c.obj)
 .ARM.attributes
                0x00000e76       0x1e c:/gcc-arm-none-eabi/bin/../lib/gcc/arm-none-eabi/10.3.1/thumb/v7e-m+fp/hard\libgcc.a(_arm_addsubdf3.o)
 .ARM.attributes
                0x00000e94       0x1e c:/gcc-arm-none-eabi/bin/../lib/gcc/arm-none-eabi/10.3.1/thumb/v7e-m+fp/hard\libgcc.a(_arm_muldivdf3.o)
 .ARM.attributes
                0x00000eb2       0x1e c:/gcc-arm-none-eabi/bin/../lib/gcc/arm-none-eabi/10.3.1/thumb/v7e-m+fp/hard\libgcc.a(_arm_cmpdf2.o)
 .ARM.attributes
                0x00000ed0       0x1e c:/gcc-arm-none-eabi/bin/../lib/gcc/arm-none-eabi/10.3.1/thumb/v7e-m+fp/hard\libgcc.a(_arm_unorddf2.o)
 .ARM.attributes
                0x00000eee       0x1e c:/gcc-arm-none-eabi/bin/../lib/gcc/arm-none-eabi/10.3.1/thumb/v7e-m+fp/hard\libgcc.a(_arm_fixdfsi.o)
 .ARM.attributes
                0x00000f0c       0x1e c:/gcc-arm-none-eabi/bin/../lib/gcc/arm-none-eabi/10.3.1/thumb/v7e-m+fp/hard\libgcc.a(_aeabi_uldivmod.o)
 .ARM.attributes
                0x00000f2a       0x34 c:/gcc-arm-none-eabi/bin/../lib/gcc/arm-none-eabi/10.3.1/thumb/v7e-m+fp/hard\libgcc.a(_udivmoddi4.o)
 .ARM.attributes
                0x00000f5e       0x1e c:/gcc-arm-none-eabi/bin/../lib/gcc/arm-none-eabi/10.3.1/thumb/v7e-m+fp/hard\libgcc.a(_dvmd_tls.o)
 .ARM.attributes
                0x00000f7c       0x1e c:/gcc-arm-none-eabi/bin/../lib/gcc/arm-none-eabi/10.3.1/thumb/v7e-m+fp/hard/crtn.o
OUTPUT(FreeRTOS_demo.elf elf32-littlearm)
LOAD linker stubs
LOAD c:/gcc-arm-none-eabi/bin/../lib/gcc/arm-none-eabi/10.3.1/../../../../arm-none-eabi/lib/thumb/v7e-m+fp/hard\libc.a
LOAD c:/gcc-arm-none-eabi/bin/../lib/gcc/arm-none-eabi/10.3.1/../../../../arm-none-eabi/lib/thumb/v7e-m+fp/hard\libm.a
LOAD c:/gcc-arm-none-eabi/bin/../lib/gcc/arm-none-eabi/10.3.1/thumb/v7e-m+fp/hard\libgcc.a

.debug_info     0x00000000     0xcfda
 .debug_info    0x00000000      0xab6 CMakeFiles/FreeRTOS_demo.elf.dir/Core/Src/main.c.obj
 .debug_info    0x00000ab6      0x421 CMakeFiles/FreeRTOS_demo.elf.dir/Core/Src/gpio.c.obj
 .debug_info    0x00000ed7      0x6db CMakeFiles/FreeRTOS_demo.elf.dir/Core/Src/stm32f4xx_it.c.obj
 .debug_info    0x000015b2      0x2c0 CMakeFiles/FreeRTOS_demo.elf.dir/Core/Src/stm32f4xx_hal_msp.c.obj
 .debug_info    0x00001872      0xbdd CMakeFiles/FreeRTOS_demo.elf.dir/Core/Src/stm32f4xx_hal_timebase_tim.c.obj
 .debug_info    0x0000244f     0x2b31 CMakeFiles/FreeRTOS_demo.elf.dir/Drivers/STM32F4xx_HAL_Driver/Src/stm32f4xx_hal_tim.c.obj
 .debug_info    0x00004f80     0x14b2 CMakeFiles/FreeRTOS_demo.elf.dir/Drivers/STM32F4xx_HAL_Driver/Src/stm32f4xx_hal_tim_ex.c.obj
 .debug_info    0x00006432      0x939 CMakeFiles/FreeRTOS_demo.elf.dir/Drivers/STM32F4xx_HAL_Driver/Src/stm32f4xx_hal_rcc.c.obj
 .debug_info    0x00006d6b      0x782 CMakeFiles/FreeRTOS_demo.elf.dir/Drivers/STM32F4xx_HAL_Driver/Src/stm32f4xx_hal_gpio.c.obj
 .debug_info    0x000074ed      0x6d6 CMakeFiles/FreeRTOS_demo.elf.dir/Drivers/STM32F4xx_HAL_Driver/Src/stm32f4xx_hal_pwr_ex.c.obj
 .debug_info    0x00007bc3      0xe41 CMakeFiles/FreeRTOS_demo.elf.dir/Drivers/STM32F4xx_HAL_Driver/Src/stm32f4xx_hal_cortex.c.obj
 .debug_info    0x00008a04      0x991 CMakeFiles/FreeRTOS_demo.elf.dir/Drivers/STM32F4xx_HAL_Driver/Src/stm32f4xx_hal.c.obj
 .debug_info    0x00009395      0x53b CMakeFiles/FreeRTOS_demo.elf.dir/Core/Src/system_stm32f4xx.c.obj
 .debug_info    0x000098d0      0x21c CMakeFiles/FreeRTOS_demo.elf.dir/User/Src/user_tasks.c.obj
 .debug_info    0x00009aec       0x22 CMakeFiles/FreeRTOS_demo.elf.dir/startup_stm32f427xx.s.obj
 .debug_info    0x00009b0e     0x26bb FreeRTOS-Kernel/libfreertos_kernel.a(tasks.c.obj)
 .debug_info    0x0000c1c9      0x5bb FreeRTOS-Kernel/libfreertos_kernel.a(heap_4.c.obj)
 .debug_info    0x0000c784      0x595 FreeRTOS-Kernel/libfreertos_kernel.a(port.c.obj)
 .debug_info    0x0000cd19      0x2c1 FreeRTOS-Kernel/libfreertos_kernel.a(list.c.obj)

.debug_abbrev   0x00000000     0x1ffd
 .debug_abbrev  0x00000000      0x1cf CMakeFiles/FreeRTOS_demo.elf.dir/Core/Src/main.c.obj
 .debug_abbrev  0x000001cf      0x11e CMakeFiles/FreeRTOS_demo.elf.dir/Core/Src/gpio.c.obj
 .debug_abbrev  0x000002ed      0x159 CMakeFiles/FreeRTOS_demo.elf.dir/Core/Src/stm32f4xx_it.c.obj
 .debug_abbrev  0x00000446       0xd1 CMakeFiles/FreeRTOS_demo.elf.dir/Core/Src/stm32f4xx_hal_msp.c.obj
 .debug_abbrev  0x00000517      0x1a2 CMakeFiles/FreeRTOS_demo.elf.dir/Core/Src/stm32f4xx_hal_timebase_tim.c.obj
 .debug_abbrev  0x000006b9      0x22e CMakeFiles/FreeRTOS_demo.elf.dir/Drivers/STM32F4xx_HAL_Driver/Src/stm32f4xx_hal_tim.c.obj
 .debug_abbrev  0x000008e7      0x236 CMakeFiles/FreeRTOS_demo.elf.dir/Drivers/STM32F4xx_HAL_Driver/Src/stm32f4xx_hal_tim_ex.c.obj
 .debug_abbrev  0x00000b1d      0x25f CMakeFiles/FreeRTOS_demo.elf.dir/Drivers/STM32F4xx_HAL_Driver/Src/stm32f4xx_hal_rcc.c.obj
 .debug_abbrev  0x00000d7c      0x1c1 CMakeFiles/FreeRTOS_demo.elf.dir/Drivers/STM32F4xx_HAL_Driver/Src/stm32f4xx_hal_gpio.c.obj
 .debug_abbrev  0x00000f3d      0x1b1 CMakeFiles/FreeRTOS_demo.elf.dir/Drivers/STM32F4xx_HAL_Driver/Src/stm32f4xx_hal_pwr_ex.c.obj
 .debug_abbrev  0x000010ee      0x313 CMakeFiles/FreeRTOS_demo.elf.dir/Drivers/STM32F4xx_HAL_Driver/Src/stm32f4xx_hal_cortex.c.obj
 .debug_abbrev  0x00001401      0x1d7 CMakeFiles/FreeRTOS_demo.elf.dir/Drivers/STM32F4xx_HAL_Driver/Src/stm32f4xx_hal.c.obj
 .debug_abbrev  0x000015d8      0x113 CMakeFiles/FreeRTOS_demo.elf.dir/Core/Src/system_stm32f4xx.c.obj
 .debug_abbrev  0x000016eb      0x11f CMakeFiles/FreeRTOS_demo.elf.dir/User/Src/user_tasks.c.obj
 .debug_abbrev  0x0000180a       0x12 CMakeFiles/FreeRTOS_demo.elf.dir/startup_stm32f427xx.s.obj
 .debug_abbrev  0x0000181c      0x2ec FreeRTOS-Kernel/libfreertos_kernel.a(tasks.c.obj)
 .debug_abbrev  0x00001b08      0x1f2 FreeRTOS-Kernel/libfreertos_kernel.a(heap_4.c.obj)
 .debug_abbrev  0x00001cfa      0x21b FreeRTOS-Kernel/libfreertos_kernel.a(port.c.obj)
 .debug_abbrev  0x00001f15       0xe8 FreeRTOS-Kernel/libfreertos_kernel.a(list.c.obj)

.debug_aranges  0x00000000      0xd48
 .debug_aranges
                0x00000000       0x38 CMakeFiles/FreeRTOS_demo.elf.dir/Core/Src/main.c.obj
 .debug_aranges
                0x00000038       0x20 CMakeFiles/FreeRTOS_demo.elf.dir/Core/Src/gpio.c.obj
 .debug_aranges
                0x00000058       0x50 CMakeFiles/FreeRTOS_demo.elf.dir/Core/Src/stm32f4xx_it.c.obj
 .debug_aranges
                0x000000a8       0x20 CMakeFiles/FreeRTOS_demo.elf.dir/Core/Src/stm32f4xx_hal_msp.c.obj
 .debug_aranges
                0x000000c8       0x30 CMakeFiles/FreeRTOS_demo.elf.dir/Core/Src/stm32f4xx_hal_timebase_tim.c.obj
 .debug_aranges
                0x000000f8      0x3d0 CMakeFiles/FreeRTOS_demo.elf.dir/Drivers/STM32F4xx_HAL_Driver/Src/stm32f4xx_hal_tim.c.obj
 .debug_aranges
                0x000004c8      0x168 CMakeFiles/FreeRTOS_demo.elf.dir/Drivers/STM32F4xx_HAL_Driver/Src/stm32f4xx_hal_tim_ex.c.obj
 .debug_aranges
                0x00000630       0x88 CMakeFiles/FreeRTOS_demo.elf.dir/Drivers/STM32F4xx_HAL_Driver/Src/stm32f4xx_hal_rcc.c.obj
 .debug_aranges
                0x000006b8       0x58 CMakeFiles/FreeRTOS_demo.elf.dir/Drivers/STM32F4xx_HAL_Driver/Src/stm32f4xx_hal_gpio.c.obj
 .debug_aranges
                0x00000710       0x60 CMakeFiles/FreeRTOS_demo.elf.dir/Drivers/STM32F4xx_HAL_Driver/Src/stm32f4xx_hal_pwr_ex.c.obj
 .debug_aranges
                0x00000770      0x118 CMakeFiles/FreeRTOS_demo.elf.dir/Drivers/STM32F4xx_HAL_Driver/Src/stm32f4xx_hal_cortex.c.obj
 .debug_aranges
                0x00000888      0x100 CMakeFiles/FreeRTOS_demo.elf.dir/Drivers/STM32F4xx_HAL_Driver/Src/stm32f4xx_hal.c.obj
 .debug_aranges
                0x00000988       0x28 CMakeFiles/FreeRTOS_demo.elf.dir/Core/Src/system_stm32f4xx.c.obj
 .debug_aranges
                0x000009b0       0x30 CMakeFiles/FreeRTOS_demo.elf.dir/User/Src/user_tasks.c.obj
 .debug_aranges
                0x000009e0       0x28 CMakeFiles/FreeRTOS_demo.elf.dir/startup_stm32f427xx.s.obj
 .debug_aranges
                0x00000a08      0x218 FreeRTOS-Kernel/libfreertos_kernel.a(tasks.c.obj)
 .debug_aranges
                0x00000c20       0x68 FreeRTOS-Kernel/libfreertos_kernel.a(heap_4.c.obj)
 .debug_aranges
                0x00000c88       0x80 FreeRTOS-Kernel/libfreertos_kernel.a(port.c.obj)
 .debug_aranges
                0x00000d08       0x40 FreeRTOS-Kernel/libfreertos_kernel.a(list.c.obj)

.debug_ranges   0x00000000      0xc40
 .debug_ranges  0x00000000       0x28 CMakeFiles/FreeRTOS_demo.elf.dir/Core/Src/main.c.obj
 .debug_ranges  0x00000028       0x10 CMakeFiles/FreeRTOS_demo.elf.dir/Core/Src/gpio.c.obj
 .debug_ranges  0x00000038       0x40 CMakeFiles/FreeRTOS_demo.elf.dir/Core/Src/stm32f4xx_it.c.obj
 .debug_ranges  0x00000078       0x10 CMakeFiles/FreeRTOS_demo.elf.dir/Core/Src/stm32f4xx_hal_msp.c.obj
 .debug_ranges  0x00000088       0x20 CMakeFiles/FreeRTOS_demo.elf.dir/Core/Src/stm32f4xx_hal_timebase_tim.c.obj
 .debug_ranges  0x000000a8      0x3c0 CMakeFiles/FreeRTOS_demo.elf.dir/Drivers/STM32F4xx_HAL_Driver/Src/stm32f4xx_hal_tim.c.obj
 .debug_ranges  0x00000468      0x158 CMakeFiles/FreeRTOS_demo.elf.dir/Drivers/STM32F4xx_HAL_Driver/Src/stm32f4xx_hal_tim_ex.c.obj
 .debug_ranges  0x000005c0       0x78 CMakeFiles/FreeRTOS_demo.elf.dir/Drivers/STM32F4xx_HAL_Driver/Src/stm32f4xx_hal_rcc.c.obj
 .debug_ranges  0x00000638       0x48 CMakeFiles/FreeRTOS_demo.elf.dir/Drivers/STM32F4xx_HAL_Driver/Src/stm32f4xx_hal_gpio.c.obj
 .debug_ranges  0x00000680       0x50 CMakeFiles/FreeRTOS_demo.elf.dir/Drivers/STM32F4xx_HAL_Driver/Src/stm32f4xx_hal_pwr_ex.c.obj
 .debug_ranges  0x000006d0      0x108 CMakeFiles/FreeRTOS_demo.elf.dir/Drivers/STM32F4xx_HAL_Driver/Src/stm32f4xx_hal_cortex.c.obj
 .debug_ranges  0x000007d8       0xf0 CMakeFiles/FreeRTOS_demo.elf.dir/Drivers/STM32F4xx_HAL_Driver/Src/stm32f4xx_hal.c.obj
 .debug_ranges  0x000008c8       0x18 CMakeFiles/FreeRTOS_demo.elf.dir/Core/Src/system_stm32f4xx.c.obj
 .debug_ranges  0x000008e0       0x20 CMakeFiles/FreeRTOS_demo.elf.dir/User/Src/user_tasks.c.obj
 .debug_ranges  0x00000900       0x20 CMakeFiles/FreeRTOS_demo.elf.dir/startup_stm32f427xx.s.obj
 .debug_ranges  0x00000920      0x228 FreeRTOS-Kernel/libfreertos_kernel.a(tasks.c.obj)
 .debug_ranges  0x00000b48       0x58 FreeRTOS-Kernel/libfreertos_kernel.a(heap_4.c.obj)
 .debug_ranges  0x00000ba0       0x70 FreeRTOS-Kernel/libfreertos_kernel.a(port.c.obj)
 .debug_ranges  0x00000c10       0x30 FreeRTOS-Kernel/libfreertos_kernel.a(list.c.obj)

.debug_line     0x00000000     0xa645
 .debug_line    0x00000000      0x358 CMakeFiles/FreeRTOS_demo.elf.dir/Core/Src/main.c.obj
 .debug_line    0x00000358      0x213 CMakeFiles/FreeRTOS_demo.elf.dir/Core/Src/gpio.c.obj
 .debug_line    0x0000056b      0x2b8 CMakeFiles/FreeRTOS_demo.elf.dir/Core/Src/stm32f4xx_it.c.obj
 .debug_line    0x00000823      0x18b CMakeFiles/FreeRTOS_demo.elf.dir/Core/Src/stm32f4xx_hal_msp.c.obj
 .debug_line    0x000009ae      0x2d0 CMakeFiles/FreeRTOS_demo.elf.dir/Core/Src/stm32f4xx_hal_timebase_tim.c.obj
 .debug_line    0x00000c7e     0x3222 CMakeFiles/FreeRTOS_demo.elf.dir/Drivers/STM32F4xx_HAL_Driver/Src/stm32f4xx_hal_tim.c.obj
 .debug_line    0x00003ea0     0x1545 CMakeFiles/FreeRTOS_demo.elf.dir/Drivers/STM32F4xx_HAL_Driver/Src/stm32f4xx_hal_tim_ex.c.obj
 .debug_line    0x000053e5      0x8ec CMakeFiles/FreeRTOS_demo.elf.dir/Drivers/STM32F4xx_HAL_Driver/Src/stm32f4xx_hal_rcc.c.obj
 .debug_line    0x00005cd1      0x6b4 CMakeFiles/FreeRTOS_demo.elf.dir/Drivers/STM32F4xx_HAL_Driver/Src/stm32f4xx_hal_gpio.c.obj
 .debug_line    0x00006385      0x48f CMakeFiles/FreeRTOS_demo.elf.dir/Drivers/STM32F4xx_HAL_Driver/Src/stm32f4xx_hal_pwr_ex.c.obj
 .debug_line    0x00006814      0x821 CMakeFiles/FreeRTOS_demo.elf.dir/Drivers/STM32F4xx_HAL_Driver/Src/stm32f4xx_hal_cortex.c.obj
 .debug_line    0x00007035      0x5bf CMakeFiles/FreeRTOS_demo.elf.dir/Drivers/STM32F4xx_HAL_Driver/Src/stm32f4xx_hal.c.obj
 .debug_line    0x000075f4      0x28d CMakeFiles/FreeRTOS_demo.elf.dir/Core/Src/system_stm32f4xx.c.obj
 .debug_line    0x00007881      0x305 CMakeFiles/FreeRTOS_demo.elf.dir/User/Src/user_tasks.c.obj
 .debug_line    0x00007b86       0xb2 CMakeFiles/FreeRTOS_demo.elf.dir/startup_stm32f427xx.s.obj
 .debug_line    0x00007c38     0x1b46 FreeRTOS-Kernel/libfreertos_kernel.a(tasks.c.obj)
 .debug_line    0x0000977e      0x695 FreeRTOS-Kernel/libfreertos_kernel.a(heap_4.c.obj)
 .debug_line    0x00009e13      0x55c FreeRTOS-Kernel/libfreertos_kernel.a(port.c.obj)
 .debug_line    0x0000a36f      0x2d6 FreeRTOS-Kernel/libfreertos_kernel.a(list.c.obj)

.debug_str      0x00000000     0x4c31
 .debug_str     0x00000000      0x904 CMakeFiles/FreeRTOS_demo.elf.dir/Core/Src/main.c.obj
                                0x9b4 (size before relaxing)
 .debug_str     0x00000904       0xe8 CMakeFiles/FreeRTOS_demo.elf.dir/Core/Src/gpio.c.obj
                                0x394 (size before relaxing)
 .debug_str     0x000009ec       0xd8 CMakeFiles/FreeRTOS_demo.elf.dir/Core/Src/stm32f4xx_it.c.obj
                                0x781 (size before relaxing)
 .debug_str     0x00000ac4       0x65 CMakeFiles/FreeRTOS_demo.elf.dir/Core/Src/stm32f4xx_hal_msp.c.obj
                                0x303 (size before relaxing)
 .debug_str     0x00000b29      0x623 CMakeFiles/FreeRTOS_demo.elf.dir/Core/Src/stm32f4xx_hal_timebase_tim.c.obj
                                0xe6b (size before relaxing)
 .debug_str     0x0000114c      0xf04 CMakeFiles/FreeRTOS_demo.elf.dir/Drivers/STM32F4xx_HAL_Driver/Src/stm32f4xx_hal_tim.c.obj
                               0x169b (size before relaxing)
 .debug_str     0x00002050      0x5fe CMakeFiles/FreeRTOS_demo.elf.dir/Drivers/STM32F4xx_HAL_Driver/Src/stm32f4xx_hal_tim_ex.c.obj
                                0xe4c (size before relaxing)
 .debug_str     0x0000264e      0x252 CMakeFiles/FreeRTOS_demo.elf.dir/Drivers/STM32F4xx_HAL_Driver/Src/stm32f4xx_hal_rcc.c.obj
                                0x716 (size before relaxing)
 .debug_str     0x000028a0      0x191 CMakeFiles/FreeRTOS_demo.elf.dir/Drivers/STM32F4xx_HAL_Driver/Src/stm32f4xx_hal_gpio.c.obj
                                0x528 (size before relaxing)
 .debug_str     0x00002a31      0x1e5 CMakeFiles/FreeRTOS_demo.elf.dir/Drivers/STM32F4xx_HAL_Driver/Src/stm32f4xx_hal_pwr_ex.c.obj
                                0x507 (size before relaxing)
 .debug_str     0x00002c16      0x4f2 CMakeFiles/FreeRTOS_demo.elf.dir/Drivers/STM32F4xx_HAL_Driver/Src/stm32f4xx_hal_cortex.c.obj
                                0xcae (size before relaxing)
 .debug_str     0x00003108      0x30b CMakeFiles/FreeRTOS_demo.elf.dir/Drivers/STM32F4xx_HAL_Driver/Src/stm32f4xx_hal.c.obj
                                0xbe5 (size before relaxing)
 .debug_str     0x00003413       0x83 CMakeFiles/FreeRTOS_demo.elf.dir/Core/Src/system_stm32f4xx.c.obj
                                0x3bd (size before relaxing)
 .debug_str     0x00003496       0xd3 CMakeFiles/FreeRTOS_demo.elf.dir/User/Src/user_tasks.c.obj
                                0x2c2 (size before relaxing)
 .debug_str     0x00003569       0x60 CMakeFiles/FreeRTOS_demo.elf.dir/startup_stm32f427xx.s.obj