Archive member included to satisfy reference by file (symbol)

c:/gcc-arm-none-eabi/bin/../lib/gcc/arm-none-eabi/10.3.1/../../../../arm-none-eabi/lib/thumb/v7e-m+fp/hard\libc_nano.a(lib_a-exit.o)
                              c:/gcc-arm-none-eabi/bin/../lib/gcc/arm-none-eabi/10.3.1/../../../../arm-none-eabi/lib/thumb/v7e-m+fp/hard/crt0.o (exit)
c:/gcc-arm-none-eabi/bin/../lib/gcc/arm-none-eabi/10.3.1/../../../../arm-none-eabi/lib/thumb/v7e-m+fp/hard\libc_nano.a(lib_a-impure.o)
                              c:/gcc-arm-none-eabi/bin/../lib/gcc/arm-none-eabi/10.3.1/../../../../arm-none-eabi/lib/thumb/v7e-m+fp/hard\libc_nano.a(lib_a-exit.o) (_global_impure_ptr)
c:/gcc-arm-none-eabi/bin/../lib/gcc/arm-none-eabi/10.3.1/../../../../arm-none-eabi/lib/thumb/v7e-m+fp/hard\libc_nano.a(lib_a-init.o)
                              c:/gcc-arm-none-eabi/bin/../lib/gcc/arm-none-eabi/10.3.1/../../../../arm-none-eabi/lib/thumb/v7e-m+fp/hard/crt0.o (__libc_init_array)
c:/gcc-arm-none-eabi/bin/../lib/gcc/arm-none-eabi/10.3.1/../../../../arm-none-eabi/lib/thumb/v7e-m+fp/hard\libc_nano.a(lib_a-memset.o)
                              c:/gcc-arm-none-eabi/bin/../lib/gcc/arm-none-eabi/10.3.1/../../../../arm-none-eabi/lib/thumb/v7e-m+fp/hard/crt0.o (memset)
c:/gcc-arm-none-eabi/bin/../lib/gcc/arm-none-eabi/10.3.1/../../../../arm-none-eabi/lib/thumb/v7e-m+fp/hard\libc_nano.a(lib_a-nano-vfprintf_float.o)
                              (_printf_float)
c:/gcc-arm-none-eabi/bin/../lib/gcc/arm-none-eabi/10.3.1/../../../../arm-none-eabi/lib/thumb/v7e-m+fp/hard\libc_nano.a(lib_a-nano-vfprintf_i.o)
                              c:/gcc-arm-none-eabi/bin/../lib/gcc/arm-none-eabi/10.3.1/../../../../arm-none-eabi/lib/thumb/v7e-m+fp/hard\libc_nano.a(lib_a-nano-vfprintf_float.o) (_printf_common)
c:/gcc-arm-none-eabi/bin/../lib/gcc/arm-none-eabi/10.3.1/../../../../arm-none-eabi/lib/thumb/v7e-m+fp/hard\libc_nano.a(lib_a-strlen.o)
                              c:/gcc-arm-none-eabi/bin/../lib/gcc/arm-none-eabi/10.3.1/../../../../arm-none-eabi/lib/thumb/v7e-m+fp/hard\libc_nano.a(lib_a-nano-vfprintf_float.o) (strlen)
c:/gcc-arm-none-eabi/bin/../lib/gcc/arm-none-eabi/10.3.1/../../../../arm-none-eabi/lib/thumb/v7e-m+fp/hard\libc_nano.a(lib_a-dtoa.o)
                              c:/gcc-arm-none-eabi/bin/../lib/gcc/arm-none-eabi/10.3.1/../../../../arm-none-eabi/lib/thumb/v7e-m+fp/hard\libc_nano.a(lib_a-nano-vfprintf_float.o) (_dtoa_r)
c:/gcc-arm-none-eabi/bin/../lib/gcc/arm-none-eabi/10.3.1/../../../../arm-none-eabi/lib/thumb/v7e-m+fp/hard\libc_nano.a(lib_a-localeconv.o)
                              c:/gcc-arm-none-eabi/bin/../lib/gcc/arm-none-eabi/10.3.1/../../../../arm-none-eabi/lib/thumb/v7e-m+fp/hard\libc_nano.a(lib_a-nano-vfprintf_float.o) (_localeconv_r)
c:/gcc-arm-none-eabi/bin/../lib/gcc/arm-none-eabi/10.3.1/../../../../arm-none-eabi/lib/thumb/v7e-m+fp/hard\libc_nano.a(lib_a-malloc.o)
                              c:/gcc-arm-none-eabi/bin/../lib/gcc/arm-none-eabi/10.3.1/../../../../arm-none-eabi/lib/thumb/v7e-m+fp/hard\libc_nano.a(lib_a-dtoa.o) (malloc)
c:/gcc-arm-none-eabi/bin/../lib/gcc/arm-none-eabi/10.3.1/../../../../arm-none-eabi/lib/thumb/v7e-m+fp/hard\libc_nano.a(lib_a-memchr.o)
                              c:/gcc-arm-none-eabi/bin/../lib/gcc/arm-none-eabi/10.3.1/../../../../arm-none-eabi/lib/thumb/v7e-m+fp/hard\libc_nano.a(lib_a-nano-vfprintf_i.o) (memchr)
c:/gcc-arm-none-eabi/bin/../lib/gcc/arm-none-eabi/10.3.1/../../../../arm-none-eabi/lib/thumb/v7e-m+fp/hard\libc_nano.a(lib_a-memcpy-stub.o)
                              c:/gcc-arm-none-eabi/bin/../lib/gcc/arm-none-eabi/10.3.1/../../../../arm-none-eabi/lib/thumb/v7e-m+fp/hard\libc_nano.a(lib_a-dtoa.o) (memcpy)
c:/gcc-arm-none-eabi/bin/../lib/gcc/arm-none-eabi/10.3.1/../../../../arm-none-eabi/lib/thumb/v7e-m+fp/hard\libc_nano.a(lib_a-mprec.o)
                              c:/gcc-arm-none-eabi/bin/../lib/gcc/arm-none-eabi/10.3.1/../../../../arm-none-eabi/lib/thumb/v7e-m+fp/hard\libc_nano.a(lib_a-dtoa.o) (_Balloc)
c:/gcc-arm-none-eabi/bin/../lib/gcc/arm-none-eabi/10.3.1/../../../../arm-none-eabi/lib/thumb/v7e-m+fp/hard\libc_nano.a(lib_a-nano-callocr.o)
                              c:/gcc-arm-none-eabi/bin/../lib/gcc/arm-none-eabi/10.3.1/../../../../arm-none-eabi/lib/thumb/v7e-m+fp/hard\libc_nano.a(lib_a-mprec.o) (_calloc_r)
c:/gcc-arm-none-eabi/bin/../lib/gcc/arm-none-eabi/10.3.1/../../../../arm-none-eabi/lib/thumb/v7e-m+fp/hard\libc_nano.a(lib_a-nano-freer.o)
                              c:/gcc-arm-none-eabi/bin/../lib/gcc/arm-none-eabi/10.3.1/../../../../arm-none-eabi/lib/thumb/v7e-m+fp/hard\libc_nano.a(lib_a-malloc.o) (_free_r)
c:/gcc-arm-none-eabi/bin/../lib/gcc/arm-none-eabi/10.3.1/../../../../arm-none-eabi/lib/thumb/v7e-m+fp/hard\libc_nano.a(lib_a-nano-mallocr.o)
                              c:/gcc-arm-none-eabi/bin/../lib/gcc/arm-none-eabi/10.3.1/../../../../arm-none-eabi/lib/thumb/v7e-m+fp/hard\libc_nano.a(lib_a-malloc.o) (_malloc_r)
[...]
Memory Configuration

Name             Origin             Length             Attributes
RAM              0x20000000         0x00030000         xrw
CCMRAM           0x10000000         0x00010000         xrw
FLASH            0x08000000         0x00200000         xr
*default*        0x00000000         0xffffffff

Linker script and memory map

LOAD c:/gcc-arm-none-eabi/bin/../lib/gcc/arm-none-eabi/10.3.1/thumb/v7e-m+fp/hard/crti.o
LOAD c:/gcc-arm-none-eabi/bin/../lib/gcc/arm-none-eabi/10.3.1/thumb/v7e-m+fp/hard/crtbegin.o
LOAD c:/gcc-arm-none-eabi/bin/../lib/gcc/arm-none-eabi/10.3.1/../../../../arm-none-eabi/lib/thumb/v7e-m+fp/hard/crt0.o
LOAD CMakeFiles/FreeRTOS_demo.elf.dir/Core/Src/main.c.obj
LOAD CMakeFiles/FreeRTOS_demo.elf.dir/Core/Src/gpio.c.obj
LOAD CMakeFiles/FreeRTOS_demo.elf.dir/Core/Src/stm32f4xx_it.c.obj
LOAD CMakeFiles/FreeRTOS_demo.elf.dir/Core/Src/stm32f4xx_hal_msp.c.obj
LOAD CMakeFiles/FreeRTOS_demo.elf.dir/Core/Src/stm32f4xx_hal_timebase_tim.c.obj
LOAD CMakeFiles/FreeRTOS_demo.elf.dir/Drivers/STM32F4xx_HAL_Driver/Src/stm32f4xx_hal_tim.c.obj
LOAD CMakeFiles/FreeRTOS_demo.elf.dir/Drivers/STM32F4xx_HAL_Driver/Src/stm32f4xx_hal_tim_ex.c.obj
LOAD CMakeFiles/FreeRTOS_demo.elf.dir/Drivers/STM32F4xx_HAL_Driver/Src/stm32f4xx_hal_rcc.c.obj
LOAD CMakeFiles/FreeRTOS_demo.elf.dir/Drivers/STM32F4xx_HAL_Driver/Src/stm32f4xx_hal_rcc_ex.c.obj
LOAD CMakeFiles/FreeRTOS_demo.elf.dir/Drivers/STM32F4xx_HAL_Driver/Src/stm32f4xx_hal_flash.c.obj
LOAD CMakeFiles/FreeRTOS_demo.elf.dir/Drivers/STM32F4xx_HAL_Driver/Src/stm32f4xx_hal_flash_ex.c.obj
LOAD CMakeFiles/FreeRTOS_demo.elf.dir/Drivers/STM32F4xx_HAL_Driver/Src/stm32f4xx_hal_flash_ramfunc.c.obj
LOAD CMakeFiles/FreeRTOS_demo.elf.dir/Drivers/STM32F4xx_HAL_Driver/Src/stm32f4xx_hal_gpio.c.obj
LOAD CMakeFiles/FreeRTOS_demo.elf.dir/Drivers/STM32F4xx_HAL_Driver/Src/stm32f4xx_hal_dma_ex.c.obj
LOAD CMakeFiles/FreeRTOS_demo.elf.dir/Drivers/STM32F4xx_HAL_Driver/Src/stm32f4xx_hal_dma.c.obj
LOAD CMakeFiles/FreeRTOS_demo.elf.dir/Drivers/STM32F4xx_HAL_Driver/Src/stm32f4xx_hal_pwr.c.obj
LOAD CMakeFiles/FreeRTOS_demo.elf.dir/Drivers/STM32F4xx_HAL_Driver/Src/stm32f4xx_hal_pwr_ex.c.obj
LOAD CMakeFiles/FreeRTOS_demo.elf.dir/Drivers/STM32F4xx_HAL_Driver/Src/stm32f4xx_hal_cortex.c.obj
LOAD CMakeFiles/FreeRTOS_demo.elf.dir/Drivers/STM32F4xx_HAL_Driver/Src/stm32f4xx_hal.c.obj
LOAD CMakeFiles/FreeRTOS_demo.elf.dir/Drivers/STM32F4xx_HAL_Driver/Src/stm32f4xx_hal_exti.c.obj
LOAD CMakeFiles/FreeRTOS_demo.elf.dir/Core/Src/system_stm32f4xx.c.obj
LOAD CMakeFiles/FreeRTOS_demo.elf.dir/Core/Src/tim.c.obj
LOAD CMakeFiles/FreeRTOS_demo.elf.dir/User/Src/user_tasks.c.obj
LOAD CMakeFiles/FreeRTOS_demo.elf.dir/startup_stm32f427xx.s.obj
LOAD c:/gcc-arm-none-eabi/bin/../lib/gcc/arm-none-eabi/10.3.1/../../../../arm-none-eabi/lib/thumb/v7e-m+fp/hard\libc_nano.a
LOAD c:/gcc-arm-none-eabi/bin/../lib/gcc/arm-none-eabi/10.3.1/../../../../arm-none-eabi/lib/thumb/v7e-m+fp/hard\libm.a
LOAD c:/gcc-arm-none-eabi/bin/../lib/gcc/arm-none-eabi/10.3.1/../../../../arm-none-eabi/lib/thumb/v7e-m+fp/hard\libnosys.a
LOAD FreeRTOS-Kernel/libfreertos_kernel.a
LOAD c:/gcc-arm-none-eabi/bin/../lib/gcc/arm-none-eabi/10.3.1/../../../../arm-none-eabi/lib/thumb/v7e-m+fp/hard\libc_nano.a
LOAD c:/gcc-arm-none-eabi/bin/../lib/gcc/arm-none-eabi/10.3.1/../../../../arm-none-eabi/lib/thumb/v7e-m+fp/hard\libm.a
LOAD c:/gcc-arm-none-eabi/bin/../lib/gcc/arm-none-eabi/10.3.1/../../../../arm-none-eabi/lib/thumb/v7e-m+fp/hard\libnosys.a
START GROUP
LOAD c:/gcc-arm-none-eabi/bin/../lib/gcc/arm-none-eabi/10.3.1/thumb/v7e-m+fp/hard\libgcc.a
LOAD c:/gcc-arm-none-eabi/bin/../lib/gcc/arm-none-eabi/10.3.1/../../../../arm-none-eabi/lib/thumb/v7e-m+fp/hard\libg_nano.a
LOAD c:/gcc-arm-none-eabi/bin/../lib/gcc/arm-none-eabi/10.3.1/../../../../arm-none-eabi/lib/thumb/v7e-m+fp/hard\libc_nano.a
END GROUP
START GROUP
LOAD c:/gcc-arm-none-eabi/bin/../lib/gcc/arm-none-eabi/10.3.1/thumb/v7e-m+fp/hard\libgcc.a
LOAD c:/gcc-arm-none-eabi/bin/../lib/gcc/arm-none-eabi/10.3.1/../../../../arm-none-eabi/lib/thumb/v7e-m+fp/hard\libc_nano.a
LOAD c:/gcc-arm-none-eabi/bin/../lib/gcc/arm-none-eabi/10.3.1/../../../../arm-none-eabi/lib/thumb/v7e-m+fp/hard\libnosys.a
END GROUP
START GROUP
LOAD c:/gcc-arm-none-eabi/bin/../lib/gcc/arm-none-eabi/10.3.1/thumb/v7e-m+fp/hard\libgcc.a
LOAD c:/gcc-arm-none-eabi/bin/../lib/gcc/arm-none-eabi/10.3.1/../../../../arm-none-eabi/lib/thumb/v7e-m+fp/hard\libc_nano.a
LOAD c:/gcc-arm-none-eabi/bin/../lib/gcc/arm-none-eabi/10.3.1/../../../../arm-none-eabi/lib/thumb/v7e-m+fp/hard\libnosys.a
END GROUP
LOAD c:/gcc-arm-none-eabi/bin/../lib/gcc/arm-none-eabi/10.3.1/thumb/v7e-m+fp/hard/crtend.o
LOAD c:/gcc-arm-none-eabi/bin/../lib/gcc/arm-none-eabi/10.3.1/thumb/v7e-m+fp/hard/crtn.o
                0x20030000                _estack = (ORIGIN (RAM) + LENGTH (RAM))
                0x00000200                _Min_Heap_Size = 0x200
                0x00000400                _Min_Stack_Size = 0x400

.isr_vector     0x08000000      0x1ac
                0x08000000                . = ALIGN (0x4)
 *(.isr_vector)
 .isr_vector    0x08000000      0x1ac CMakeFiles/FreeRTOS_demo.elf.dir/startup_stm32f427xx.s.obj
                0x08000000                g_pfnVectors
                0x080001ac                . = ALIGN (0x4)

.text           0x080001b0     0x8244
                0x080001b0                . = ALIGN (0x4)
 *(.text)
 .text          0x080001b0       0x40 c:/gcc-arm-none-eabi/bin/../lib/gcc/arm-none-eabi/10.3.1/thumb/v7e-m+fp/hard/crtbegin.o
 .text          0x080001f0       0x10 c:/gcc-arm-none-eabi/bin/../lib/gcc/arm-none-eabi/10.3.1/../../../../arm-none-eabi/lib/thumb/v7e-m+fp/hard\libc_nano.a(lib_a-strlen.o)
                0x080001f0                strlen
 .text          0x08000200       0xa0 c:/gcc-arm-none-eabi/bin/../lib/gcc/arm-none-eabi/10.3.1/../../../../arm-none-eabi/lib/thumb/v7e-m+fp/hard\libc_nano.a(lib_a-memchr.o)
                0x08000200                memchr
 .text          0x080002a0      0x378 c:/gcc-arm-none-eabi/bin/../lib/gcc/arm-none-eabi/10.3.1/thumb/v7e-m+fp/hard\libgcc.a(_arm_addsubdf3.o)
                0x080002a0                __aeabi_drsub
                0x080002a8                __aeabi_dsub
                0x080002a8                __subdf3
                0x080002ac                __aeabi_dadd
                0x080002ac                __adddf3
                0x08000524                __floatunsidf
                0x08000524                __aeabi_ui2d
                0x08000544                __floatsidf
                0x08000544                __aeabi_i2d
                0x08000568                __aeabi_f2d
                0x08000568                __extendsfdf2
                0x080005ac                __floatundidf
                0x080005ac                __aeabi_ul2d
                0x080005bc                __floatdidf
                0x080005bc                __aeabi_l2d
 .text          0x08000618      0x424 c:/gcc-arm-none-eabi/bin/../lib/gcc/arm-none-eabi/10.3.1/thumb/v7e-m+fp/hard\libgcc.a(_arm_muldivdf3.o)
                0x08000618                __aeabi_dmul
                0x08000618                __muldf3
                0x0800086c                __divdf3
                0x0800086c                __aeabi_ddiv
 .text          0x08000a3c      0x110 c:/gcc-arm-none-eabi/bin/../lib/gcc/arm-none-eabi/10.3.1/thumb/v7e-m+fp/hard\libgcc.a(_arm_cmpdf2.o)
                0x08000a3c                __gtdf2
                0x08000a3c                __gedf2
                0x08000a44                __ltdf2
                0x08000a44                __ledf2
                0x08000a4c                __nedf2
                0x08000a4c                __eqdf2
                0x08000a4c                __cmpdf2
                0x08000ac8                __aeabi_cdrcmple
                0x08000ad8                __aeabi_cdcmpeq
                0x08000ad8                __aeabi_cdcmple
                0x08000ae8                __aeabi_dcmpeq
                0x08000afc                __aeabi_dcmplt
                0x08000b10                __aeabi_dcmple
                0x08000b24                __aeabi_dcmpge
                0x08000b38                __aeabi_dcmpgt
 .text          0x08000b4c       0x2c c:/gcc-arm-none-eabi/bin/../lib/gcc/arm-none-eabi/10.3.1/thumb/v7e-m+fp/hard\libgcc.a(_arm_unorddf2.o)
                0x08000b4c                __unorddf2
                0x08000b4c                __aeabi_dcmpun
 .text          0x08000b78       0x50 c:/gcc-arm-none-eabi/bin/../lib/gcc/arm-none-eabi/10.3.1/thumb/v7e-m+fp/hard\libgcc.a(_arm_fixdfsi.o)
                0x08000b78                __aeabi_d2iz
                0x08000b78                __fixdfsi
 .text          0x08000bc8       0x30 c:/gcc-arm-none-eabi/bin/../lib/gcc/arm-none-eabi/10.3.1/thumb/v7e-m+fp/hard\libgcc.a(_aeabi_uldivmod.o)
                0x08000bc8                __aeabi_uldivmod
 .text          0x08000bf8      0x2d0 c:/gcc-arm-none-eabi/bin/../lib/gcc/arm-none-eabi/10.3.1/thumb/v7e-m+fp/hard\libgcc.a(_udivmoddi4.o)
                0x08000bf8                __udivmoddi4
 .text          0x08000ec8        0x4 c:/gcc-arm-none-eabi/bin/../lib/gcc/arm-none-eabi/10.3.1/thumb/v7e-m+fp/hard\libgcc.a(_dvmd_tls.o)
                0x08000ec8                __aeabi_idiv0
                0x08000ec8                __aeabi_ldiv0
 *(.text*)
 .text.main     0x08000ecc       0x1e CMakeFiles/FreeRTOS_demo.elf.dir/Core/Src/main.c.obj
                0x08000ecc                main
 *fill*         0x08000eea        0x2 
 .text.SystemClock_Config
                0x08000eec       0xe0 CMakeFiles/FreeRTOS_demo.elf.dir/Core/Src/main.c.obj
                0x08000eec                SystemClock_Config
 .text.HAL_TIM_PeriodElapsedCallback
                0x08000fcc       0x1e CMakeFiles/FreeRTOS_demo.elf.dir/Core/Src/main.c.obj
                0x08000fcc                HAL_TIM_PeriodElapsedCallback
 .text.Error_Handler
                0x08000fea        0xa CMakeFiles/FreeRTOS_demo.elf.dir/Core/Src/main.c.obj
                0x08000fea                Error_Handler
 .text.MX_GPIO_Init
                0x08000ff4       0xe0 CMakeFiles/FreeRTOS_demo.elf.dir/Core/Src/gpio.c.obj
                0x08000ff4                MX_GPIO_Init
 .text.NMI_Handler
                0x080010d4        0x6 CMakeFiles/FreeRTOS_demo.elf.dir/Core/Src/stm32f4xx_it.c.obj
                0x080010d4                NMI_Handler
 .text.HardFault_Handler
                0x080010da        0x6 CMakeFiles/FreeRTOS_demo.elf.dir/Core/Src/stm32f4xx_it.c.obj
                0x080010da                HardFault_Handler
 .text.MemManage_Handler
                0x080010e0        0x6 CMakeFiles/FreeRTOS_demo.elf.dir/Core/Src/stm32f4xx_it.c.obj
                0x080010e0                MemManage_Handler
 .text.BusFault_Handler
                0x080010e6        0x6 CMakeFiles/FreeRTOS_demo.elf.dir/Core/Src/stm32f4xx_it.c.obj
                0x080010e6                BusFault_Handler
 .text.UsageFault_Handler
                0x080010ec        0x6 CMakeFiles/FreeRTOS_demo.elf.dir/Core/Src/stm32f4xx_it.c.obj
                0x080010ec                UsageFault_Handler
 .text.DebugMon_Handler
                0x080010f2        0xe CMakeFiles/FreeRTOS_demo.elf.dir/Core/Src/stm32f4xx_it.c.obj
                0x080010f2                DebugMon_Handler
 .text.TIM2_IRQHandler
                0x08001100       0x14 CMakeFiles/FreeRTOS_demo.elf.dir/Core/Src/stm32f4xx_it.c.obj
                0x08001100                TIM2_IRQHandler
 .text.HAL_MspInit
                0x08001114       0x50 CMakeFiles/FreeRTOS_demo.elf.dir/Core/Src/stm32f4xx_hal_msp.c.obj
                0x08001114                HAL_MspInit
 .text.HAL_InitTick
                0x08001164       0xf8 CMakeFiles/FreeRTOS_demo.elf.dir/Core/Src/stm32f4xx_hal_timebase_tim.c.obj
                0x08001164                HAL_InitTick
 .text.HAL_TIM_Base_Init
                0x0800125c       0x9e CMakeFiles/FreeRTOS_demo.elf.dir/Drivers/STM32F4xx_HAL_Driver/Src/stm32f4xx_hal_tim.c.obj
                0x0800125c                HAL_TIM_Base_Init
 *fill*         0x080012fa        0x2 
 .text.HAL_TIM_Base_Start_IT
                0x080012fc       0xe0 CMakeFiles/FreeRTOS_demo.elf.dir/Drivers/STM32F4xx_HAL_Driver/Src/stm32f4xx_hal_tim.c.obj
                0x080012fc                HAL_TIM_Base_Start_IT
 .text.HAL_TIM_PWM_Init
                0x080013dc       0x9e CMakeFiles/FreeRTOS_demo.elf.dir/Drivers/STM32F4xx_HAL_Driver/Src/stm32f4xx_hal_tim.c.obj
                0x080013dc                HAL_TIM_PWM_Init
 *fill*         0x0800147a        0x2 
 .text.HAL_TIM_PWM_Start
                0x0800147c      0x190 CMakeFiles/FreeRTOS_demo.elf.dir/Drivers/STM32F4xx_HAL_Driver/Src/stm32f4xx_hal_tim.c.obj
                0x0800147c                HAL_TIM_PWM_Start
 .text.HAL_TIM_IRQHandler
                0x0800160c      0x210 CMakeFiles/FreeRTOS_demo.elf.dir/Drivers/STM32F4xx_HAL_Driver/Src/stm32f4xx_hal_tim.c.obj
                0x0800160c                HAL_TIM_IRQHandler
 .text.HAL_TIM_PWM_ConfigChannel
                0x0800181c      0x184 CMakeFiles/FreeRTOS_demo.elf.dir/Drivers/STM32F4xx_HAL_Driver/Src/stm32f4xx_hal_tim.c.obj
                0x0800181c                HAL_TIM_PWM_ConfigChannel
 .text.HAL_TIM_ConfigClockSource
                0x080019a0      0x18e CMakeFiles/FreeRTOS_demo.elf.dir/Drivers/STM32F4xx_HAL_Driver/Src/stm32f4xx_hal_tim.c.obj
                0x080019a0                HAL_TIM_ConfigClockSource
 .text.HAL_TIM_OC_DelayElapsedCallback
                0x08001b2e       0x14 CMakeFiles/FreeRTOS_demo.elf.dir/Drivers/STM32F4xx_HAL_Driver/Src/stm32f4xx_hal_tim.c.obj
                0x08001b2e                HAL_TIM_OC_DelayElapsedCallback
 .text.HAL_TIM_IC_CaptureCallback
                0x08001b42       0x14 CMakeFiles/FreeRTOS_demo.elf.dir/Drivers/STM32F4xx_HAL_Driver/Src/stm32f4xx_hal_tim.c.obj
                0x08001b42                HAL_TIM_IC_CaptureCallback
 .text.HAL_TIM_PWM_PulseFinishedCallback
                0x08001b56       0x14 CMakeFiles/FreeRTOS_demo.elf.dir/Drivers/STM32F4xx_HAL_Driver/Src/stm32f4xx_hal_tim.c.obj
                0x08001b56                HAL_TIM_PWM_PulseFinishedCallback
 .text.HAL_TIM_TriggerCallback
                0x08001b6a       0x14 CMakeFiles/FreeRTOS_demo.elf.dir/Drivers/STM32F4xx_HAL_Driver/Src/stm32f4xx_hal_tim.c.obj
                0x08001b6a                HAL_TIM_TriggerCallback
 *fill*         0x08001b7e        0x2 
 .text.TIM_Base_SetConfig
                0x08001b80      0x140 CMakeFiles/FreeRTOS_demo.elf.dir/Drivers/STM32F4xx_HAL_Driver/Src/stm32f4xx_hal_tim.c.obj
                0x08001b80                TIM_Base_SetConfig
 .text.TIM_OC1_SetConfig
                0x08001cc0       0xe0 CMakeFiles/FreeRTOS_demo.elf.dir/Drivers/STM32F4xx_HAL_Driver/Src/stm32f4xx_hal_tim.c.obj
 .text.TIM_OC2_SetConfig
                0x08001da0       0xec CMakeFiles/FreeRTOS_demo.elf.dir/Drivers/STM32F4xx_HAL_Driver/Src/stm32f4xx_hal_tim.c.obj
                0x08001da0                TIM_OC2_SetConfig
 .text.TIM_OC3_SetConfig
                0x08001e8c       0xe8 CMakeFiles/FreeRTOS_demo.elf.dir/Drivers/STM32F4xx_HAL_Driver/Src/stm32f4xx_hal_tim.c.obj
 .text.TIM_OC4_SetConfig
                0x08001f74       0xac CMakeFiles/FreeRTOS_demo.elf.dir/Drivers/STM32F4xx_HAL_Driver/Src/stm32f4xx_hal_tim.c.obj
 .text.TIM_TI1_ConfigInputStage
                0x08002020       0x5e CMakeFiles/FreeRTOS_demo.elf.dir/Drivers/STM32F4xx_HAL_Driver/Src/stm32f4xx_hal_tim.c.obj
 .text.TIM_TI2_ConfigInputStage
                0x0800207e       0x60 CMakeFiles/FreeRTOS_demo.elf.dir/Drivers/STM32F4xx_HAL_Driver/Src/stm32f4xx_hal_tim.c.obj
 .text.TIM_ITRx_SetConfig
                0x080020de       0x36 CMakeFiles/FreeRTOS_demo.elf.dir/Drivers/STM32F4xx_HAL_Driver/Src/stm32f4xx_hal_tim.c.obj
 .text.TIM_ETR_SetConfig
                0x08002114       0x40 CMakeFiles/FreeRTOS_demo.elf.dir/Drivers/STM32F4xx_HAL_Driver/Src/stm32f4xx_hal_tim.c.obj
                0x08002114                TIM_ETR_SetConfig
 .text.TIM_CCxChannelCmd
                0x08002154       0x4a CMakeFiles/FreeRTOS_demo.elf.dir/Drivers/STM32F4xx_HAL_Driver/Src/stm32f4xx_hal_tim.c.obj
                0x08002154                TIM_CCxChannelCmd
 *fill*         0x0800219e        0x2 
 .text.HAL_TIMEx_MasterConfigSynchronization
                0x080021a0       0xf8 CMakeFiles/FreeRTOS_demo.elf.dir/Drivers/STM32F4xx_HAL_Driver/Src/stm32f4xx_hal_tim_ex.c.obj
                0x080021a0                HAL_TIMEx_MasterConfigSynchronization
 .text.HAL_TIMEx_ConfigBreakDeadTime
                0x08002298       0xa4 CMakeFiles/FreeRTOS_demo.elf.dir/Drivers/STM32F4xx_HAL_Driver/Src/stm32f4xx_hal_tim_ex.c.obj
                0x08002298                HAL_TIMEx_ConfigBreakDeadTime
 .text.HAL_TIMEx_CommutCallback
                0x0800233c       0x14 CMakeFiles/FreeRTOS_demo.elf.dir/Drivers/STM32F4xx_HAL_Driver/Src/stm32f4xx_hal_tim_ex.c.obj
                0x0800233c                HAL_TIMEx_CommutCallback
 .text.HAL_TIMEx_BreakCallback
                0x08002350       0x14 CMakeFiles/FreeRTOS_demo.elf.dir/Drivers/STM32F4xx_HAL_Driver/Src/stm32f4xx_hal_tim_ex.c.obj
                0x08002350                HAL_TIMEx_BreakCallback
 .text.HAL_RCC_OscConfig
                0x08002364      0x4f0 CMakeFiles/FreeRTOS_demo.elf.dir/Drivers/STM32F4xx_HAL_Driver/Src/stm32f4xx_hal_rcc.c.obj
                0x08002364                HAL_RCC_OscConfig
 .text.HAL_RCC_ClockConfig
                0x08002854      0x1cc CMakeFiles/FreeRTOS_demo.elf.dir/Drivers/STM32F4xx_HAL_Driver/Src/stm32f4xx_hal_rcc.c.obj
                0x08002854                HAL_RCC_ClockConfig
 .text.HAL_RCC_GetSysClockFreq
                0x08002a20      0x18c CMakeFiles/FreeRTOS_demo.elf.dir/Drivers/STM32F4xx_HAL_Driver/Src/stm32f4xx_hal_rcc.c.obj
                0x08002a20                HAL_RCC_GetSysClockFreq
 .text.HAL_RCC_GetHCLKFreq
                0x08002bac       0x18 CMakeFiles/FreeRTOS_demo.elf.dir/Drivers/STM32F4xx_HAL_Driver/Src/stm32f4xx_hal_rcc.c.obj
                0x08002bac                HAL_RCC_GetHCLKFreq
 .text.HAL_RCC_GetPCLK1Freq
                0x08002bc4       0x28 CMakeFiles/FreeRTOS_demo.elf.dir/Drivers/STM32F4xx_HAL_Driver/Src/stm32f4xx_hal_rcc.c.obj
                0x08002bc4                HAL_RCC_GetPCLK1Freq
 .text.HAL_RCC_GetClockConfig
                0x08002bec       0x64 CMakeFiles/FreeRTOS_demo.elf.dir/Drivers/STM32F4xx_HAL_Driver/Src/stm32f4xx_hal_rcc.c.obj
                0x08002bec                HAL_RCC_GetClockConfig
 .text.HAL_GPIO_Init
                0x08002c50      0x358 CMakeFiles/FreeRTOS_demo.elf.dir/Drivers/STM32F4xx_HAL_Driver/Src/stm32f4xx_hal_gpio.c.obj
                0x08002c50                HAL_GPIO_Init
 .text.HAL_GPIO_WritePin
                0x08002fa8       0x32 CMakeFiles/FreeRTOS_demo.elf.dir/Drivers/STM32F4xx_HAL_Driver/Src/stm32f4xx_hal_gpio.c.obj
                0x08002fa8                HAL_GPIO_WritePin
 *fill*         0x08002fda        0x2 
 .text.HAL_PWREx_EnableOverDrive
                0x08002fdc       0xa0 CMakeFiles/FreeRTOS_demo.elf.dir/Drivers/STM32F4xx_HAL_Driver/Src/stm32f4xx_hal_pwr_ex.c.obj
                0x08002fdc                HAL_PWREx_EnableOverDrive
 .text.__NVIC_SetPriorityGrouping
                0x0800307c       0x48 CMakeFiles/FreeRTOS_demo.elf.dir/Drivers/STM32F4xx_HAL_Driver/Src/stm32f4xx_hal_cortex.c.obj
 .text.__NVIC_GetPriorityGrouping
                0x080030c4       0x1c CMakeFiles/FreeRTOS_demo.elf.dir/Drivers/STM32F4xx_HAL_Driver/Src/stm32f4xx_hal_cortex.c.obj
 .text.__NVIC_EnableIRQ
                0x080030e0       0x3c CMakeFiles/FreeRTOS_demo.elf.dir/Drivers/STM32F4xx_HAL_Driver/Src/stm32f4xx_hal_cortex.c.obj
 .text.__NVIC_SetPriority
                0x0800311c       0x54 CMakeFiles/FreeRTOS_demo.elf.dir/Drivers/STM32F4xx_HAL_Driver/Src/stm32f4xx_hal_cortex.c.obj
 .text.NVIC_EncodePriority
                0x08003170       0x66 CMakeFiles/FreeRTOS_demo.elf.dir/Drivers/STM32F4xx_HAL_Driver/Src/stm32f4xx_hal_cortex.c.obj
 .text.HAL_NVIC_SetPriorityGrouping
                0x080031d6       0x16 CMakeFiles/FreeRTOS_demo.elf.dir/Drivers/STM32F4xx_HAL_Driver/Src/stm32f4xx_hal_cortex.c.obj
                0x080031d6                HAL_NVIC_SetPriorityGrouping
 .text.HAL_NVIC_SetPriority
                0x080031ec       0x38 CMakeFiles/FreeRTOS_demo.elf.dir/Drivers/STM32F4xx_HAL_Driver/Src/stm32f4xx_hal_cortex.c.obj
                0x080031ec                HAL_NVIC_SetPriority
 .text.HAL_NVIC_EnableIRQ
                0x08003224       0x1c CMakeFiles/FreeRTOS_demo.elf.dir/Drivers/STM32F4xx_HAL_Driver/Src/stm32f4xx_hal_cortex.c.obj
                0x08003224                HAL_NVIC_EnableIRQ
 .text.HAL_Init
                0x08003240       0x44 CMakeFiles/FreeRTOS_demo.elf.dir/Drivers/STM32F4xx_HAL_Driver/Src/stm32f4xx_hal.c.obj
                0x08003240                HAL_Init
 .text.HAL_IncTick
                0x08003284       0x28 CMakeFiles/FreeRTOS_demo.elf.dir/Drivers/STM32F4xx_HAL_Driver/Src/stm32f4xx_hal.c.obj
                0x08003284                HAL_IncTick
 .text.HAL_GetTick
                0x080032ac       0x18 CMakeFiles/FreeRTOS_demo.elf.dir/Drivers/STM32F4xx_HAL_Driver/Src/stm32f4xx_hal.c.obj
                0x080032ac                HAL_GetTick
 .text.SystemInit
                0x080032c4       0x24 CMakeFiles/FreeRTOS_demo.elf.dir/Core/Src/system_stm32f4xx.c.obj
                0x080032c4                SystemInit
 .text.MX_TIM1_Init
                0x080032e8      0x140 CMakeFiles/FreeRTOS_demo.elf.dir/Core/Src/tim.c.obj
                0x080032e8                MX_TIM1_Init
 .text.MX_TIM5_Init
                0x08003428       0xb4 CMakeFiles/FreeRTOS_demo.elf.dir/Core/Src/tim.c.obj
                0x08003428                MX_TIM5_Init
 .text.HAL_TIM_Base_MspInit
                0x080034dc       0x44 CMakeFiles/FreeRTOS_demo.elf.dir/Core/Src/tim.c.obj
                0x080034dc                HAL_TIM_Base_MspInit
 .text.HAL_TIM_PWM_MspInit
                0x08003520       0x44 CMakeFiles/FreeRTOS_demo.elf.dir/Core/Src/tim.c.obj
                0x08003520                HAL_TIM_PWM_MspInit
 .text.HAL_TIM_MspPostInit
                0x08003564       0xc4 CMakeFiles/FreeRTOS_demo.elf.dir/Core/Src/tim.c.obj
                0x08003564                HAL_TIM_MspPostInit
 .text.User_FREERTOS_Init
                0x08003628       0x60 CMakeFiles/FreeRTOS_demo.elf.dir/User/Src/user_tasks.c.obj
                0x08003628                User_FREERTOS_Init
 .text.StartTaskHigh
                0x08003688       0x24 CMakeFiles/FreeRTOS_demo.elf.dir/User/Src/user_tasks.c.obj
 .text.StartTaskLow
                0x080036ac       0x54 CMakeFiles/FreeRTOS_demo.elf.dir/User/Src/user_tasks.c.obj
 .text.Reset_Handler
                0x08003700       0x50 CMakeFiles/FreeRTOS_demo.elf.dir/startup_stm32f427xx.s.obj
                0x08003700                Reset_Handler
 .text.Default_Handler
                0x08003750        0x2 CMakeFiles/FreeRTOS_demo.elf.dir/startup_stm32f427xx.s.obj
                0x08003750                RTC_Alarm_IRQHandler
                0x08003750                HASH_RNG_IRQHandler
                0x08003750                EXTI2_IRQHandler
                0x08003750                TIM8_CC_IRQHandler
                0x08003750                UART8_IRQHandler
                0x08003750                SPI4_IRQHandler
                0x08003750                TIM1_CC_IRQHandler
                0x08003750                DMA2_Stream5_IRQHandler
                0x08003750                DMA1_Stream5_IRQHandler
                0x08003750                PVD_IRQHandler
                0x08003750                SDIO_IRQHandler
                0x08003750                TAMP_STAMP_IRQHandler
                0x08003750                CAN2_RX1_IRQHandler
                0x08003750                EXTI3_IRQHandler
                0x08003750                TIM8_TRG_COM_TIM14_IRQHandler
                0x08003750                TIM1_UP_TIM10_IRQHandler
                0x08003750                TIM8_UP_TIM13_IRQHandler
                0x08003750                I2C3_ER_IRQHandler
                0x08003750                EXTI0_IRQHandler
                0x08003750                I2C2_EV_IRQHandler
                0x08003750                DMA1_Stream2_IRQHandler
                0x08003750                CAN1_RX0_IRQHandler
                0x08003750                FPU_IRQHandler
                0x08003750                OTG_HS_WKUP_IRQHandler
                0x08003750                CAN2_SCE_IRQHandler
                0x08003750                DMA2_Stream2_IRQHandler
                0x08003750                SPI1_IRQHandler
                0x08003750                TIM6_DAC_IRQHandler
                0x08003750                TIM1_BRK_TIM9_IRQHandler
                0x08003750                DCMI_IRQHandler
                0x08003750                CAN2_RX0_IRQHandler
                0x08003750                DMA2_Stream3_IRQHandler
                0x08003750                USART6_IRQHandler
                0x08003750                USART3_IRQHandler
                0x08003750                CAN1_RX1_IRQHandler
                0x08003750                UART5_IRQHandler
                0x08003750                DMA2_Stream0_IRQHandler
                0x08003750                TIM4_IRQHandler
                0x08003750                I2C1_EV_IRQHandler
                0x08003750                DMA1_Stream6_IRQHandler
                0x08003750                DMA1_Stream1_IRQHandler
                0x08003750                UART4_IRQHandler
                0x08003750                TIM3_IRQHandler
                0x08003750                RCC_IRQHandler
                0x08003750                TIM8_BRK_TIM12_IRQHandler
                0x08003750                Default_Handler
                0x08003750                EXTI15_10_IRQHandler
                0x08003750                ADC_IRQHandler
                0x08003750                DMA1_Stream7_IRQHandler
                0x08003750                SPI5_IRQHandler
                0x08003750                TIM7_IRQHandler
                0x08003750                CAN2_TX_IRQHandler
                0x08003750                TIM5_IRQHandler
                0x08003750                DMA2_Stream7_IRQHandler
                0x08003750                I2C3_EV_IRQHandler
                0x08003750                EXTI9_5_IRQHandler
                0x08003750                RTC_WKUP_IRQHandler
                0x08003750                ETH_WKUP_IRQHandler
                0x08003750                SPI2_IRQHandler
                0x08003750                OTG_HS_EP1_IN_IRQHandler
                0x08003750                DMA1_Stream0_IRQHandler
                0x08003750                CAN1_TX_IRQHandler
                0x08003750                EXTI4_IRQHandler
                0x08003750                ETH_IRQHandler
                0x08003750                OTG_HS_EP1_OUT_IRQHandler
                0x08003750                WWDG_IRQHandler
                0x08003750                SPI6_IRQHandler
                0x08003750                OTG_FS_WKUP_IRQHandler
                0x08003750                TIM1_TRG_COM_TIM11_IRQHandler
                0x08003750                OTG_HS_IRQHandler
                0x08003750                DMA2D_IRQHandler
                0x08003750                EXTI1_IRQHandler
                0x08003750                UART7_IRQHandler
                0x08003750                USART2_IRQHandler
                0x08003750                I2C2_ER_IRQHandler
                0x08003750                DMA2_Stream1_IRQHandler
                0x08003750                CAN1_SCE_IRQHandler
                0x08003750                FLASH_IRQHandler
                0x08003750                DMA2_Stream4_IRQHandler
                0x08003750                USART1_IRQHandler
                0x08003750                OTG_FS_IRQHandler
                0x08003750                SPI3_IRQHandler
                0x08003750                DMA1_Stream4_IRQHandler
                0x08003750                I2C1_ER_IRQHandler
                0x08003750                FMC_IRQHandler
                0x08003750                DMA2_Stream6_IRQHandler
                0x08003750                SAI1_IRQHandler
                0x08003750                DMA1_Stream3_IRQHandler
 *fill*         0x08003752        0x2 
 .text.__libc_init_array
                0x08003754       0x48 c:/gcc-arm-none-eabi/bin/../lib/gcc/arm-none-eabi/10.3.1/../../../../arm-none-eabi/lib/thumb/v7e-m+fp/hard\libc_nano.a(lib_a-init.o)
                0x08003754                __libc_init_array
 .text.memset   0x0800379c       0x10 c:/gcc-arm-none-eabi/bin/../lib/gcc/arm-none-eabi/10.3.1/../../../../arm-none-eabi/lib/thumb/v7e-m+fp/hard\libc_nano.a(lib_a-memset.o)
                0x0800379c                memset
 .text.__cvt    0x080037ac       0xc4 c:/gcc-arm-none-eabi/bin/../lib/gcc/arm-none-eabi/10.3.1/../../../../arm-none-eabi/lib/thumb/v7e-m+fp/hard\libc_nano.a(lib_a-nano-vfprintf_float.o)
                0x080037ac                __cvt
 .text.__exponent
                0x08003870       0x7c c:/gcc-arm-none-eabi/bin/../lib/gcc/arm-none-eabi/10.3.1/../../../../arm-none-eabi/lib/thumb/v7e-m+fp/hard\libc_nano.a(lib_a-nano-vfprintf_float.o)
                0x08003870                __exponent
 .text._printf_float
                0x080038ec      0x46c c:/gcc-arm-none-eabi/bin/../lib/gcc/arm-none-eabi/10.3.1/../../../../arm-none-eabi/lib/thumb/v7e-m+fp/hard\libc_nano.a(lib_a-nano-vfprintf_float.o)
                0x080038ec                _printf_float
 .text._printf_common
                0x08003d58       0xda c:/gcc-arm-none-eabi/bin/../lib/gcc/arm-none-eabi/10.3.1/../../../../arm-none-eabi/lib/thumb/v7e-m+fp/hard\libc_nano.a(lib_a-nano-vfprintf_i.o)
                0x08003d58                _printf_common
 *fill*         0x08003e32        0x2 
 .text._printf_i
                0x08003e34      0x24c c:/gcc-arm-none-eabi/bin/../lib/gcc/arm-none-eabi/10.3.1/../../../../arm-none-eabi/lib/thumb/v7e-m+fp/hard\libc_nano.a(lib_a-nano-vfprintf_i.o)
                0x08003e34                _printf_i
 .text.quorem   0x08004080      0x116 c:/gcc-arm-none-eabi/bin/../lib/gcc/arm-none-eabi/10.3.1/../../../../arm-none-eabi/lib/thumb/v7e-m+fp/hard\libc_nano.a(lib_a-dtoa.o)
 *fill*         0x08004196        0x2 
 .text._dtoa_r  0x08004198      0xbdc c:/gcc-arm-none-eabi/bin/../lib/gcc/arm-none-eabi/10.3.1/../../../../arm-none-eabi/lib/thumb/v7e-m+fp/hard\libc_nano.a(lib_a-dtoa.o)
                0x08004198                _dtoa_r
 .text._localeconv_r
                0x08004d74        0x8 c:/gcc-arm-none-eabi/bin/../lib/gcc/arm-none-eabi/10.3.1/../../../../arm-none-eabi/lib/thumb/v7e-m+fp/hard\libc_nano.a(lib_a-localeconv.o)
                0x08004d74                _localeconv_r
 .text.malloc   0x08004d7c       0x10 c:/gcc-arm-none-eabi/bin/../lib/gcc/arm-none-eabi/10.3.1/../../../../arm-none-eabi/lib/thumb/v7e-m+fp/hard\libc_nano.a(lib_a-malloc.o)
                0x08004d7c                malloc
 .text.memcpy   0x08004d8c       0x1c c:/gcc-arm-none-eabi/bin/../lib/gcc/arm-none-eabi/10.3.1/../../../../arm-none-eabi/lib/thumb/v7e-m+fp/hard\libc_nano.a(lib_a-memcpy-stub.o)
                0x08004d8c                memcpy
 .text._Balloc  0x08004da8       0x80 c:/gcc-arm-none-eabi/bin/../lib/gcc/arm-none-eabi/10.3.1/../../../../arm-none-eabi/lib/thumb/v7e-m+fp/hard\libc_nano.a(lib_a-mprec.o)
                0x08004da8                _Balloc
 .text._Bfree   0x08004e28       0x44 c:/gcc-arm-none-eabi/bin/../lib/gcc/arm-none-eabi/10.3.1/../../../../arm-none-eabi/lib/thumb/v7e-m+fp/hard\libc_nano.a(lib_a-mprec.o)
                0x08004e28                _Bfree
 .text.__multadd
                0x08004e6c       0x8c c:/gcc-arm-none-eabi/bin/../lib/gcc/arm-none-eabi/10.3.1/../../../../arm-none-eabi/lib/thumb/v7e-m+fp/hard\libc_nano.a(lib_a-mprec.o)
                0x08004e6c                __multadd
 .text.__hi0bits
                0x08004ef8       0x40 c:/gcc-arm-none-eabi/bin/../lib/gcc/arm-none-eabi/10.3.1/../../../../arm-none-eabi/lib/thumb/v7e-m+fp/hard\libc_nano.a(lib_a-mprec.o)
                0x08004ef8                __hi0bits
 .text.__lo0bits
                0x08004f38       0x5e c:/gcc-arm-none-eabi/bin/../lib/gcc/arm-none-eabi/10.3.1/../../../../arm-none-eabi/lib/thumb/v7e-m+fp/hard\libc_nano.a(lib_a-mprec.o)
                0x08004f38                __lo0bits
 *fill*         0x08004f96        0x2 
 .text.__i2b    0x08004f98       0x2c c:/gcc-arm-none-eabi/bin/../lib/gcc/arm-none-eabi/10.3.1/../../../../arm-none-eabi/lib/thumb/v7e-m+fp/hard\libc_nano.a(lib_a-mprec.o)
                0x08004f98                __i2b
 .text.__multiply
                0x08004fc4      0x154 c:/gcc-arm-none-eabi/bin/../lib/gcc/arm-none-eabi/10.3.1/../../../../arm-none-eabi/lib/thumb/v7e-m+fp/hard\libc_nano.a(lib_a-mprec.o)
                0x08004fc4                __multiply
 .text.__pow5mult
                0x08005118       0xb4 c:/gcc-arm-none-eabi/bin/../lib/gcc/arm-none-eabi/10.3.1/../../../../arm-none-eabi/lib/thumb/v7e-m+fp/hard\libc_nano.a(lib_a-mprec.o)
                0x08005118                __pow5mult
 .text.__lshift
                0x080051cc       0xe0 c:/gcc-arm-none-eabi/bin/../lib/gcc/arm-none-eabi/10.3.1/../../../../arm-none-eabi/lib/thumb/v7e-m+fp/hard\libc_nano.a(lib_a-mprec.o)
                0x080051cc                __lshift
 .text.__mcmp   0x080052ac       0x38 c:/gcc-arm-none-eabi/bin/../lib/gcc/arm-none-eabi/10.3.1/../../../../arm-none-eabi/lib/thumb/v7e-m+fp/hard\libc_nano.a(lib_a-mprec.o)
                0x080052ac                __mcmp
 .text.__mdiff  0x080052e4      0x114 c:/gcc-arm-none-eabi/bin/../lib/gcc/arm-none-eabi/10.3.1/../../../../arm-none-eabi/lib/thumb/v7e-m+fp/hard\libc_nano.a(lib_a-mprec.o)
                0x080052e4                __mdiff
 .text.__d2b    0x080053f8       0xb8 c:/gcc-arm-none-eabi/bin/../lib/gcc/arm-none-eabi/10.3.1/../../../../arm-none-eabi/lib/thumb/v7e-m+fp/hard\libc_nano.a(lib_a-mprec.o)
                0x080053f8                __d2b
 .text._calloc_r
                0x080054b0       0x2c c:/gcc-arm-none-eabi/bin/../lib/gcc/arm-none-eabi/10.3.1/../../../../arm-none-eabi/lib/thumb/v7e-m+fp/hard\libc_nano.a(lib_a-nano-callocr.o)
                0x080054b0                _calloc_r
 .text._free_r  0x080054dc       0x98 c:/gcc-arm-none-eabi/bin/../lib/gcc/arm-none-eabi/10.3.1/../../../../arm-none-eabi/lib/thumb/v7e-m+fp/hard\libc_nano.a(lib_a-nano-freer.o)
                0x080054dc                _free_r
 .text.sbrk_aligned
                0x08005574       0x40 c:/gcc-arm-none-eabi/bin/../lib/gcc/arm-none-eabi/10.3.1/../../../../arm-none-eabi/lib/thumb/v7e-m+fp/hard\libc_nano.a(lib_a-nano-mallocr.o)
 .text._malloc_r
                0x080055b4       0xe8 c:/gcc-arm-none-eabi/bin/../lib/gcc/arm-none-eabi/10.3.1/../../../../arm-none-eabi/lib/thumb/v7e-m+fp/hard\libc_nano.a(lib_a-nano-mallocr.o)
                0x080055b4                _malloc_r
 .text._sbrk_r  0x0800569c       0x20 c:/gcc-arm-none-eabi/bin/../lib/gcc/arm-none-eabi/10.3.1/../../../../arm-none-eabi/lib/thumb/v7e-m+fp/hard\libc_nano.a(lib_a-sbrkr.o)
                0x0800569c                _sbrk_r
 .text.__assert_func
                0x080056bc       0x3c c:/gcc-arm-none-eabi/bin/../lib/gcc/arm-none-eabi/10.3.1/../../../../arm-none-eabi/lib/thumb/v7e-m+fp/hard\libc_nano.a(lib_a-assert.o)
                0x080056bc                __assert_func
 .text.fprintf  0x080056f8       0x24 c:/gcc-arm-none-eabi/bin/../lib/gcc/arm-none-eabi/10.3.1/../../../../arm-none-eabi/lib/thumb/v7e-m+fp/hard\libc_nano.a(lib_a-fprintf.o)
                0x080056f8                fiprintf
                0x080056f8                fprintf
 .text.__ascii_mbtowc
                0x0800571c       0x24 c:/gcc-arm-none-eabi/bin/../lib/gcc/arm-none-eabi/10.3.1/../../../../arm-none-eabi/lib/thumb/v7e-m+fp/hard\libc_nano.a(lib_a-mbtowc_r.o)
                0x0800571c                __ascii_mbtowc
 .text.__malloc_lock
                0x08005740        0xc c:/gcc-arm-none-eabi/bin/../lib/gcc/arm-none-eabi/10.3.1/../../../../arm-none-eabi/lib/thumb/v7e-m+fp/hard\libc_nano.a(lib_a-mlock.o)
                0x08005740                __malloc_lock
 .text.__malloc_unlock
                0x0800574c        0xc c:/gcc-arm-none-eabi/bin/../lib/gcc/arm-none-eabi/10.3.1/../../../../arm-none-eabi/lib/thumb/v7e-m+fp/hard\libc_nano.a(lib_a-mlock.o)
                0x0800574c                __malloc_unlock
 .text.__sfputc_r
                0x08005758       0x2e c:/gcc-arm-none-eabi/bin/../lib/gcc/arm-none-eabi/10.3.1/../../../../arm-none-eabi/lib/thumb/v7e-m+fp/hard\libc_nano.a(lib_a-nano-vfprintf.o)
 .text.__sfputs_r
                0x08005786       0x24 c:/gcc-arm-none-eabi/bin/../lib/gcc/arm-none-eabi/10.3.1/../../../../arm-none-eabi/lib/thumb/v7e-m+fp/hard\libc_nano.a(lib_a-nano-vfprintf.o)
                0x08005786                __sfputs_r
 *fill*         0x080057aa        0x2 
 .text._vfprintf_r
                0x080057ac      0x260 c:/gcc-arm-none-eabi/bin/../lib/gcc/arm-none-eabi/10.3.1/../../../../arm-none-eabi/lib/thumb/v7e-m+fp/hard\libc_nano.a(lib_a-nano-vfprintf.o)
                0x080057ac                _vfprintf_r
                0x080057ac                _vfiprintf_r
 .text.__swbuf_r
                0x08005a0c       0xa4 c:/gcc-arm-none-eabi/bin/../lib/gcc/arm-none-eabi/10.3.1/../../../../arm-none-eabi/lib/thumb/v7e-m+fp/hard\libc_nano.a(lib_a-wbuf.o)
                0x08005a0c                __swbuf_r
 .text.__ascii_wctomb
                0x08005ab0       0x1a c:/gcc-arm-none-eabi/bin/../lib/gcc/arm-none-eabi/10.3.1/../../../../arm-none-eabi/lib/thumb/v7e-m+fp/hard\libc_nano.a(lib_a-wctomb_r.o)
                0x08005ab0                __ascii_wctomb
 *fill*         0x08005aca        0x2 
 .text.__swsetup_r
                0x08005acc       0xdc c:/gcc-arm-none-eabi/bin/../lib/gcc/arm-none-eabi/10.3.1/../../../../arm-none-eabi/lib/thumb/v7e-m+fp/hard\libc_nano.a(lib_a-wsetup.o)
                0x08005acc                __swsetup_r
 .text.abort    0x08005ba8        0xe c:/gcc-arm-none-eabi/bin/../lib/gcc/arm-none-eabi/10.3.1/../../../../arm-none-eabi/lib/thumb/v7e-m+fp/hard\libc_nano.a(lib_a-abort.o)
                0x08005ba8                abort
 *fill*         0x08005bb6        0x2 
 .text.__sflush_r
                0x08005bb8      0x10c c:/gcc-arm-none-eabi/bin/../lib/gcc/arm-none-eabi/10.3.1/../../../../arm-none-eabi/lib/thumb/v7e-m+fp/hard\libc_nano.a(lib_a-fflush.o)
                0x08005bb8                __sflush_r
 .text._fflush_r
                0x08005cc4       0x78 c:/gcc-arm-none-eabi/bin/../lib/gcc/arm-none-eabi/10.3.1/../../../../arm-none-eabi/lib/thumb/v7e-m+fp/hard\libc_nano.a(lib_a-fflush.o)
                0x08005cc4                _fflush_r
 .text.std      0x08005d3c       0x48 c:/gcc-arm-none-eabi/bin/../lib/gcc/arm-none-eabi/10.3.1/../../../../arm-none-eabi/lib/thumb/v7e-m+fp/hard\libc_nano.a(lib_a-findfp.o)
 .text._cleanup_r
                0x08005d84        0xc c:/gcc-arm-none-eabi/bin/../lib/gcc/arm-none-eabi/10.3.1/../../../../arm-none-eabi/lib/thumb/v7e-m+fp/hard\libc_nano.a(lib_a-findfp.o)
                0x08005d84                _cleanup_r
 .text.__sfmoreglue
                0x08005d90       0x2c c:/gcc-arm-none-eabi/bin/../lib/gcc/arm-none-eabi/10.3.1/../../../../arm-none-eabi/lib/thumb/v7e-m+fp/hard\libc_nano.a(lib_a-findfp.o)
                0x08005d90                __sfmoreglue
 .text.__sfp_lock_acquire
                0x08005dbc        0xc c:/gcc-arm-none-eabi/bin/../lib/gcc/arm-none-eabi/10.3.1/../../../../arm-none-eabi/lib/thumb/v7e-m+fp/hard\libc_nano.a(lib_a-findfp.o)
                0x08005dbc                __sfp_lock_acquire
 .text.__sfp_lock_release
                0x08005dc8        0xc c:/gcc-arm-none-eabi/bin/../lib/gcc/arm-none-eabi/10.3.1/../../../../arm-none-eabi/lib/thumb/v7e-m+fp/hard\libc_nano.a(lib_a-findfp.o)
                0x08005dc8                __sfp_lock_release
 .text.__sinit_lock_acquire
                0x08005dd4        0xc c:/gcc-arm-none-eabi/bin/../lib/gcc/arm-none-eabi/10.3.1/../../../../arm-none-eabi/lib/thumb/v7e-m+fp/hard\libc_nano.a(lib_a-findfp.o)
                0x08005dd4                __sinit_lock_acquire
 .text.__sinit_lock_release
                0x08005de0        0xc c:/gcc-arm-none-eabi/bin/../lib/gcc/arm-none-eabi/10.3.1/../../../../arm-none-eabi/lib/thumb/v7e-m+fp/hard\libc_nano.a(lib_a-findfp.o)
                0x08005de0                __sinit_lock_release
 .text.__sinit  0x08005dec       0x70 c:/gcc-arm-none-eabi/bin/../lib/gcc/arm-none-eabi/10.3.1/../../../../arm-none-eabi/lib/thumb/v7e-m+fp/hard\libc_nano.a(lib_a-findfp.o)
                0x08005dec                __sinit
 .text.__sfp    0x08005e5c       0x8c c:/gcc-arm-none-eabi/bin/../lib/gcc/arm-none-eabi/10.3.1/../../../../arm-none-eabi/lib/thumb/v7e-m+fp/hard\libc_nano.a(lib_a-findfp.o)
                0x08005e5c                __sfp
 .text._fwalk_reent
                0x08005ee8       0x3e c:/gcc-arm-none-eabi/bin/../lib/gcc/arm-none-eabi/10.3.1/../../../../arm-none-eabi/lib/thumb/v7e-m+fp/hard\libc_nano.a(lib_a-fwalk.o)
                0x08005ee8                _fwalk_reent
 .text.__retarget_lock_init_recursive
                0x08005f26        0x2 c:/gcc-arm-none-eabi/bin/../lib/gcc/arm-none-eabi/10.3.1/../../../../arm-none-eabi/lib/thumb/v7e-m+fp/hard\libc_nano.a(lib_a-lock.o)
                0x08005f26                __retarget_lock_init_recursive
 .text.__retarget_lock_acquire_recursive
                0x08005f28        0x2 c:/gcc-arm-none-eabi/bin/../lib/gcc/arm-none-eabi/10.3.1/../../../../arm-none-eabi/lib/thumb/v7e-m+fp/hard\libc_nano.a(lib_a-lock.o)
                0x08005f28                __retarget_lock_acquire_recursive
 .text.__retarget_lock_release_recursive
                0x08005f2a        0x2 c:/gcc-arm-none-eabi/bin/../lib/gcc/arm-none-eabi/10.3.1/../../../../arm-none-eabi/lib/thumb/v7e-m+fp/hard\libc_nano.a(lib_a-lock.o)
                0x08005f2a                __retarget_lock_release_recursive
 .text.__swhatbuf_r
                0x08005f2c       0x4a c:/gcc-arm-none-eabi/bin/../lib/gcc/arm-none-eabi/10.3.1/../../../../arm-none-eabi/lib/thumb/v7e-m+fp/hard\libc_nano.a(lib_a-makebuf.o)
                0x08005f2c                __swhatbuf_r
 *fill*         0x08005f76        0x2 
 .text.__smakebuf_r
                0x08005f78       0x80 c:/gcc-arm-none-eabi/bin/../lib/gcc/arm-none-eabi/10.3.1/../../../../arm-none-eabi/lib/thumb/v7e-m+fp/hard\libc_nano.a(lib_a-makebuf.o)
                0x08005f78                __smakebuf_r
 .text._raise_r
                0x08005ff8       0x50 c:/gcc-arm-none-eabi/bin/../lib/gcc/arm-none-eabi/10.3.1/../../../../arm-none-eabi/lib/thumb/v7e-m+fp/hard\libc_nano.a(lib_a-signal.o)
                0x08005ff8                _raise_r
 .text.raise    0x08006048       0x10 c:/gcc-arm-none-eabi/bin/../lib/gcc/arm-none-eabi/10.3.1/../../../../arm-none-eabi/lib/thumb/v7e-m+fp/hard\libc_nano.a(lib_a-signal.o)
                0x08006048                raise
 .text._kill_r  0x08006058       0x24 c:/gcc-arm-none-eabi/bin/../lib/gcc/arm-none-eabi/10.3.1/../../../../arm-none-eabi/lib/thumb/v7e-m+fp/hard\libc_nano.a(lib_a-signalr.o)
                0x08006058                _kill_r
 .text._getpid_r
                0x0800607c        0x4 c:/gcc-arm-none-eabi/bin/../lib/gcc/arm-none-eabi/10.3.1/../../../../arm-none-eabi/lib/thumb/v7e-m+fp/hard\libc_nano.a(lib_a-signalr.o)
                0x0800607c                _getpid_r
 .text.__sread  0x08006080       0x22 c:/gcc-arm-none-eabi/bin/../lib/gcc/arm-none-eabi/10.3.1/../../../../arm-none-eabi/lib/thumb/v7e-m+fp/hard\libc_nano.a(lib_a-stdio.o)
                0x08006080                __sread
 .text.__swrite
                0x080060a2       0x38 c:/gcc-arm-none-eabi/bin/../lib/gcc/arm-none-eabi/10.3.1/../../../../arm-none-eabi/lib/thumb/v7e-m+fp/hard\libc_nano.a(lib_a-stdio.o)
                0x080060a2                __swrite
 .text.__sseek  0x080060da       0x24 c:/gcc-arm-none-eabi/bin/../lib/gcc/arm-none-eabi/10.3.1/../../../../arm-none-eabi/lib/thumb/v7e-m+fp/hard\libc_nano.a(lib_a-stdio.o)
                0x080060da                __sseek
 .text.__sclose
                0x080060fe        0x8 c:/gcc-arm-none-eabi/bin/../lib/gcc/arm-none-eabi/10.3.1/../../../../arm-none-eabi/lib/thumb/v7e-m+fp/hard\libc_nano.a(lib_a-stdio.o)
                0x080060fe                __sclose
 *fill*         0x08006106        0x2 
 .text._write_r
                0x08006108       0x24 c:/gcc-arm-none-eabi/bin/../lib/gcc/arm-none-eabi/10.3.1/../../../../arm-none-eabi/lib/thumb/v7e-m+fp/hard\libc_nano.a(lib_a-writer.o)
                0x08006108                _write_r
 .text._close_r
                0x0800612c       0x20 c:/gcc-arm-none-eabi/bin/../lib/gcc/arm-none-eabi/10.3.1/../../../../arm-none-eabi/lib/thumb/v7e-m+fp/hard\libc_nano.a(lib_a-closer.o)
                0x0800612c                _close_r
 .text._fstat_r
                0x0800614c       0x24 c:/gcc-arm-none-eabi/bin/../lib/gcc/arm-none-eabi/10.3.1/../../../../arm-none-eabi/lib/thumb/v7e-m+fp/hard\libc_nano.a(lib_a-fstatr.o)
                0x0800614c                _fstat_r
 .text._isatty_r
                0x08006170       0x20 c:/gcc-arm-none-eabi/bin/../lib/gcc/arm-none-eabi/10.3.1/../../../../arm-none-eabi/lib/thumb/v7e-m+fp/hard\libc_nano.a(lib_a-isattyr.o)
                0x08006170                _isatty_r
 .text._lseek_r
                0x08006190       0x24 c:/gcc-arm-none-eabi/bin/../lib/gcc/arm-none-eabi/10.3.1/../../../../arm-none-eabi/lib/thumb/v7e-m+fp/hard\libc_nano.a(lib_a-lseekr.o)
                0x08006190                _lseek_r
 .text._read_r  0x080061b4       0x24 c:/gcc-arm-none-eabi/bin/../lib/gcc/arm-none-eabi/10.3.1/../../../../arm-none-eabi/lib/thumb/v7e-m+fp/hard\libc_nano.a(lib_a-readr.o)
                0x080061b4                _read_r
 .text._close   0x080061d8       0x10 c:/gcc-arm-none-eabi/bin/../lib/gcc/arm-none-eabi/10.3.1/../../../../arm-none-eabi/lib/thumb/v7e-m+fp/hard\libnosys.a(close.o)
                0x080061d8                _close
 .text._fstat   0x080061e8       0x10 c:/gcc-arm-none-eabi/bin/../lib/gcc/arm-none-eabi/10.3.1/../../../../arm-none-eabi/lib/thumb/v7e-m+fp/hard\libnosys.a(fstat.o)
                0x080061e8                _fstat
 .text._getpid  0x080061f8       0x10 c:/gcc-arm-none-eabi/bin/../lib/gcc/arm-none-eabi/10.3.1/../../../../arm-none-eabi/lib/thumb/v7e-m+fp/hard\libnosys.a(getpid.o)
                0x080061f8                _getpid
 .text._isatty  0x08006208       0x10 c:/gcc-arm-none-eabi/bin/../lib/gcc/arm-none-eabi/10.3.1/../../../../arm-none-eabi/lib/thumb/v7e-m+fp/hard\libnosys.a(isatty.o)
                0x08006208                _isatty
 .text._kill    0x08006218       0x10 c:/gcc-arm-none-eabi/bin/../lib/gcc/arm-none-eabi/10.3.1/../../../../arm-none-eabi/lib/thumb/v7e-m+fp/hard\libnosys.a(kill.o)
                0x08006218                _kill
 .text._lseek   0x08006228       0x10 c:/gcc-arm-none-eabi/bin/../lib/gcc/arm-none-eabi/10.3.1/../../../../arm-none-eabi/lib/thumb/v7e-m+fp/hard\libnosys.a(lseek.o)
                0x08006228                _lseek
 .text._read    0x08006238       0x10 c:/gcc-arm-none-eabi/bin/../lib/gcc/arm-none-eabi/10.3.1/../../../../arm-none-eabi/lib/thumb/v7e-m+fp/hard\libnosys.a(read.o)
                0x08006238                _read
 .text._sbrk    0x08006248       0x1c c:/gcc-arm-none-eabi/bin/../lib/gcc/arm-none-eabi/10.3.1/../../../../arm-none-eabi/lib/thumb/v7e-m+fp/hard\libnosys.a(sbrk.o)
                0x08006248                _sbrk
 .text._write   0x08006264       0x10 c:/gcc-arm-none-eabi/bin/../lib/gcc/arm-none-eabi/10.3.1/../../../../arm-none-eabi/lib/thumb/v7e-m+fp/hard\libnosys.a(write.o)
                0x08006264                _write
 .text._exit    0x08006274        0x4 c:/gcc-arm-none-eabi/bin/../lib/gcc/arm-none-eabi/10.3.1/../../../../arm-none-eabi/lib/thumb/v7e-m+fp/hard\libnosys.a(_exit.o)
                0x08006274                _exit
 .text.xQueueGenericReset
                0x08006278      0x120 FreeRTOS-Kernel/libfreertos_kernel.a(queue.c.obj)
                0x08006278                xQueueGenericReset
 .text.xQueueGenericCreate
                0x08006398       0x9c FreeRTOS-Kernel/libfreertos_kernel.a(queue.c.obj)
                0x08006398                xQueueGenericCreate
 .text.prvInitialiseNewQueue
                0x08006434       0x46 FreeRTOS-Kernel/libfreertos_kernel.a(queue.c.obj)
 .text.prvInitialiseMutex
                0x0800647a       0x34 FreeRTOS-Kernel/libfreertos_kernel.a(queue.c.obj)
 .text.xQueueCreateMutex
                0x080064ae       0x30 FreeRTOS-Kernel/libfreertos_kernel.a(queue.c.obj)
                0x080064ae                xQueueCreateMutex
 *fill*         0x080064de        0x2 
 .text.xQueueGenericSend
                0x080064e0      0x1fc FreeRTOS-Kernel/libfreertos_kernel.a(queue.c.obj)
                0x080064e0                xQueueGenericSend
 .text.prvCopyDataToQueue
                0x080066dc       0xd4 FreeRTOS-Kernel/libfreertos_kernel.a(queue.c.obj)
 .text.prvUnlockQueue
                0x080067b0       0xa4 FreeRTOS-Kernel/libfreertos_kernel.a(queue.c.obj)
 .text.prvIsQueueFull
                0x08006854       0x30 FreeRTOS-Kernel/libfreertos_kernel.a(queue.c.obj)
 .text.prvCreateTask
                0x08006884       0x78 FreeRTOS-Kernel/libfreertos_kernel.a(tasks.c.obj)
 .text.xTaskCreate
                0x080068fc       0x46 FreeRTOS-Kernel/libfreertos_kernel.a(tasks.c.obj)
                0x080068fc                xTaskCreate
 .text.prvInitialiseNewTask
                0x08006942      0x11c FreeRTOS-Kernel/libfreertos_kernel.a(tasks.c.obj)
 *fill*         0x08006a5e        0x2 
 .text.prvAddNewTaskToReadyList
                0x08006a60      0x130 FreeRTOS-Kernel/libfreertos_kernel.a(tasks.c.obj)
 .text.vTaskDelay
                0x08006b90       0x68 FreeRTOS-Kernel/libfreertos_kernel.a(tasks.c.obj)
                0x08006b90                vTaskDelay
 .text.prvCreateIdleTasks
                0x08006bf8       0x94 FreeRTOS-Kernel/libfreertos_kernel.a(tasks.c.obj)
 .text.vTaskStartScheduler
                0x08006c8c       0x7c FreeRTOS-Kernel/libfreertos_kernel.a(tasks.c.obj)
                0x08006c8c                vTaskStartScheduler
 .text.vTaskSuspendAll
                0x08006d08       0x1c FreeRTOS-Kernel/libfreertos_kernel.a(tasks.c.obj)
                0x08006d08                vTaskSuspendAll
 .text.xTaskResumeAll
                0x08006d24      0x210 FreeRTOS-Kernel/libfreertos_kernel.a(tasks.c.obj)
                0x08006d24                xTaskResumeAll
 .text.xTaskIncrementTick
                0x08006f34      0x230 FreeRTOS-Kernel/libfreertos_kernel.a(tasks.c.obj)
                0x08006f34                xTaskIncrementTick
 .text.vTaskSwitchContext
                0x08007164       0xb8 FreeRTOS-Kernel/libfreertos_kernel.a(tasks.c.obj)
                0x08007164                vTaskSwitchContext
 .text.vTaskPlaceOnEventList
                0x0800721c       0x48 FreeRTOS-Kernel/libfreertos_kernel.a(tasks.c.obj)
                0x0800721c                vTaskPlaceOnEventList
 .text.xTaskRemoveFromEventList
                0x08007264      0x1b0 FreeRTOS-Kernel/libfreertos_kernel.a(tasks.c.obj)
                0x08007264                xTaskRemoveFromEventList
 .text.vTaskInternalSetTimeOutState
                0x08007414       0x2c FreeRTOS-Kernel/libfreertos_kernel.a(tasks.c.obj)
                0x08007414                vTaskInternalSetTimeOutState
 .text.xTaskCheckForTimeOut
                0x08007440       0xcc FreeRTOS-Kernel/libfreertos_kernel.a(tasks.c.obj)
                0x08007440                xTaskCheckForTimeOut
 .text.vTaskMissedYield
                0x0800750c       0x18 FreeRTOS-Kernel/libfreertos_kernel.a(tasks.c.obj)
                0x0800750c                vTaskMissedYield
 .text.prvIdleTask
                0x08007524       0x30 FreeRTOS-Kernel/libfreertos_kernel.a(tasks.c.obj)
 .text.prvInitialiseTaskLists
                0x08007554       0x80 FreeRTOS-Kernel/libfreertos_kernel.a(tasks.c.obj)
 .text.prvCheckTasksWaitingTermination
                0x080075d4       0x5c FreeRTOS-Kernel/libfreertos_kernel.a(tasks.c.obj)
 .text.prvDeleteTCB
                0x08007630       0x20 FreeRTOS-Kernel/libfreertos_kernel.a(tasks.c.obj)
 .text.prvResetNextTaskUnblockTime
                0x08007650       0x38 FreeRTOS-Kernel/libfreertos_kernel.a(tasks.c.obj)
 .text.xTaskGetSchedulerState
                0x08007688       0x3c FreeRTOS-Kernel/libfreertos_kernel.a(tasks.c.obj)
                0x08007688                xTaskGetSchedulerState
 .text.xTaskPriorityDisinherit
                0x080076c4      0x14c FreeRTOS-Kernel/libfreertos_kernel.a(tasks.c.obj)
                0x080076c4                xTaskPriorityDisinherit
 .text.prvAddCurrentTaskToDelayedList
                0x08007810      0x104 FreeRTOS-Kernel/libfreertos_kernel.a(tasks.c.obj)
 .text.pvPortMalloc
                0x08007914      0x258 FreeRTOS-Kernel/libfreertos_kernel.a(heap_4.c.obj)
                0x08007914                pvPortMalloc
 .text.vPortFree
                0x08007b6c       0xf0 FreeRTOS-Kernel/libfreertos_kernel.a(heap_4.c.obj)
                0x08007b6c                vPortFree
 .text.prvHeapInit
                0x08007c5c       0xb4 FreeRTOS-Kernel/libfreertos_kernel.a(heap_4.c.obj)
 .text.prvInsertBlockIntoFreeList
                0x08007d10       0xf4 FreeRTOS-Kernel/libfreertos_kernel.a(heap_4.c.obj)
 .text.pxPortInitialiseStack
                0x08007e04       0x68 FreeRTOS-Kernel/libfreertos_kernel.a(port.c.obj)
                0x08007e04                pxPortInitialiseStack
 .text.prvTaskExitError
                0x08007e6c       0x58 FreeRTOS-Kernel/libfreertos_kernel.a(port.c.obj)
 *fill*         0x08007ec4        0xc 
 .text.SVC_Handler
                0x08007ed0       0x28 FreeRTOS-Kernel/libfreertos_kernel.a(port.c.obj)
                0x08007ed0                SVC_Handler
 .text.prvPortStartFirstTask
                0x08007ef8       0x2c FreeRTOS-Kernel/libfreertos_kernel.a(port.c.obj)
 .text.xPortStartScheduler
                0x08007f24      0x1d4 FreeRTOS-Kernel/libfreertos_kernel.a(port.c.obj)
                0x08007f24                xPortStartScheduler
 .text.vPortEnterCritical
                0x080080f8       0x60 FreeRTOS-Kernel/libfreertos_kernel.a(port.c.obj)
                0x080080f8                vPortEnterCritical
 .text.vPortExitCritical
                0x08008158       0x54 FreeRTOS-Kernel/libfreertos_kernel.a(port.c.obj)
                0x08008158                vPortExitCritical
 *fill*         0x080081ac        0x4 
 .text.PendSV_Handler
                0x080081b0       0x68 FreeRTOS-Kernel/libfreertos_kernel.a(port.c.obj)
                0x080081b0                PendSV_Handler
 .text.SysTick_Handler
                0x08008218       0x44 FreeRTOS-Kernel/libfreertos_kernel.a(port.c.obj)
                0x08008218                SysTick_Handler
 .text.vPortSetupTimerInterrupt
                0x0800825c       0x48 FreeRTOS-Kernel/libfreertos_kernel.a(port.c.obj)
                0x0800825c                vPortSetupTimerInterrupt
 .text.vPortEnableVFP
                0x080082a4       0x18 FreeRTOS-Kernel/libfreertos_kernel.a(port.c.obj)
 .text.vListInitialise
                0x080082bc       0x40 FreeRTOS-Kernel/libfreertos_kernel.a(list.c.obj)
                0x080082bc                vListInitialise
 .text.vListInitialiseItem
                0x080082fc       0x1a FreeRTOS-Kernel/libfreertos_kernel.a(list.c.obj)
                0x080082fc                vListInitialiseItem
 .text.vListInsert
                0x08008316       0x72 FreeRTOS-Kernel/libfreertos_kernel.a(list.c.obj)
                0x08008316                vListInsert
 .text.uxListRemove
                0x08008388       0x54 FreeRTOS-Kernel/libfreertos_kernel.a(list.c.obj)
                0x08008388                uxListRemove
 *(.glue_7)
 .glue_7        0x080083dc        0x0 linker stubs
 *(.glue_7t)
 .glue_7t       0x080083dc        0x0 linker stubs
 *(.eh_frame)
 .eh_frame      0x080083dc        0x0 c:/gcc-arm-none-eabi/bin/../lib/gcc/arm-none-eabi/10.3.1/thumb/v7e-m+fp/hard/crtbegin.o
 *(.init)
 .init          0x080083dc        0x4 c:/gcc-arm-none-eabi/bin/../lib/gcc/arm-none-eabi/10.3.1/thumb/v7e-m+fp/hard/crti.o
                0x080083dc                _init
 .init          0x080083e0        0x8 c:/gcc-arm-none-eabi/bin/../lib/gcc/arm-none-eabi/10.3.1/thumb/v7e-m+fp/hard/crtn.o
 *(.fini)
 .fini          0x080083e8        0x4 c:/gcc-arm-none-eabi/bin/../lib/gcc/arm-none-eabi/10.3.1/thumb/v7e-m+fp/hard/crti.o
                0x080083e8                _fini
 .fini          0x080083ec        0x8 c:/gcc-arm-none-eabi/bin/../lib/gcc/arm-none-eabi/10.3.1/thumb/v7e-m+fp/hard/crtn.o
                0x080083f4                . = ALIGN (0x4)
                0x080083f4                _etext = .

.vfp11_veneer   0x080083f4        0x0
 .vfp11_veneer  0x080083f4        0x0 linker stubs

.v4_bx          0x080083f4        0x0
 .v4_bx         0x080083f4        0x0 linker stubs

.iplt           0x080083f4        0x0
 .iplt          0x080083f4        0x0 c:/gcc-arm-none-eabi/bin/../lib/gcc/arm-none-eabi/10.3.1/thumb/v7e-m+fp/hard/crtbegin.o

.rodata         0x080083f8      0x454
                0x080083f8                . = ALIGN (0x4)
 *(.rodata)
 .rodata        0x080083f8       0x14 CMakeFiles/FreeRTOS_demo.elf.dir/User/Src/user_tasks.c.obj
 .rodata        0x0800840c        0x5 FreeRTOS-Kernel/libfreertos_kernel.a(tasks.c.obj)
 *(.rodata*)
 *fill*         0x08008411        0x3 
 .rodata.AHBPrescTable
                0x08008414       0x10 CMakeFiles/FreeRTOS_demo.elf.dir/Core/Src/system_stm32f4xx.c.obj
                0x08008414                AHBPrescTable
 .rodata.APBPrescTable
                0x08008424        0x8 CMakeFiles/FreeRTOS_demo.elf.dir/Core/Src/system_stm32f4xx.c.obj
                0x08008424                APBPrescTable
 .rodata._global_impure_ptr
                0x0800842c        0x4 c:/gcc-arm-none-eabi/bin/../lib/gcc/arm-none-eabi/10.3.1/../../../../arm-none-eabi/lib/thumb/v7e-m+fp/hard\libc_nano.a(lib_a-impure.o)
                0x0800842c                _global_impure_ptr
 .rodata._printf_float.str1.1
                0x08008430       0x12 c:/gcc-arm-none-eabi/bin/../lib/gcc/arm-none-eabi/10.3.1/../../../../arm-none-eabi/lib/thumb/v7e-m+fp/hard\libc_nano.a(lib_a-nano-vfprintf_float.o)
 .rodata._printf_i.str1.1
                0x08008442       0x22 c:/gcc-arm-none-eabi/bin/../lib/gcc/arm-none-eabi/10.3.1/../../../../arm-none-eabi/lib/thumb/v7e-m+fp/hard\libc_nano.a(lib_a-nano-vfprintf_i.o)
 .rodata._dtoa_r.str1.1
                0x08008464       0xb3 c:/gcc-arm-none-eabi/bin/../lib/gcc/arm-none-eabi/10.3.1/../../../../arm-none-eabi/lib/thumb/v7e-m+fp/hard\libc_nano.a(lib_a-dtoa.o)
                                 0xb5 (size before relaxing)
 .rodata._Balloc.str1.1
                0x08008517       0x7f c:/gcc-arm-none-eabi/bin/../lib/gcc/arm-none-eabi/10.3.1/../../../../arm-none-eabi/lib/thumb/v7e-m+fp/hard\libc_nano.a(lib_a-mprec.o)
                                 0x96 (size before relaxing)
 .rodata.__multadd.str1.1
                0x08008596       0x11 c:/gcc-arm-none-eabi/bin/../lib/gcc/arm-none-eabi/10.3.1/../../../../arm-none-eabi/lib/thumb/v7e-m+fp/hard\libc_nano.a(lib_a-mprec.o)
 *fill*         0x08008596        0x2 
 .rodata.__mprec_bigtens
                0x08008598       0x28 c:/gcc-arm-none-eabi/bin/../lib/gcc/arm-none-eabi/10.3.1/../../../../arm-none-eabi/lib/thumb/v7e-m+fp/hard\libc_nano.a(lib_a-mprec.o)
                0x08008598                __mprec_bigtens
 .rodata.__mprec_tens
                0x080085c0       0xc8 c:/gcc-arm-none-eabi/bin/../lib/gcc/arm-none-eabi/10.3.1/../../../../arm-none-eabi/lib/thumb/v7e-m+fp/hard\libc_nano.a(lib_a-mprec.o)
                0x080085c0                __mprec_tens
 .rodata.p05.0  0x08008688        0xc c:/gcc-arm-none-eabi/bin/../lib/gcc/arm-none-eabi/10.3.1/../../../../arm-none-eabi/lib/thumb/v7e-m+fp/hard\libc_nano.a(lib_a-mprec.o)
 .rodata.__assert_func.str1.1
                0x08008694       0x3c c:/gcc-arm-none-eabi/bin/../lib/gcc/arm-none-eabi/10.3.1/../../../../arm-none-eabi/lib/thumb/v7e-m+fp/hard\libc_nano.a(lib_a-assert.o)
                                 0x3d (size before relaxing)
 .rodata._setlocale_r.str1.1
                0x080086d0        0x8 c:/gcc-arm-none-eabi/bin/../lib/gcc/arm-none-eabi/10.3.1/../../../../arm-none-eabi/lib/thumb/v7e-m+fp/hard\libc_nano.a(lib_a-locale.o)
                                  0x9 (size before relaxing)
 .rodata.str1.1
                0x080086d8        0x2 c:/gcc-arm-none-eabi/bin/../lib/gcc/arm-none-eabi/10.3.1/../../../../arm-none-eabi/lib/thumb/v7e-m+fp/hard\libc_nano.a(lib_a-locale.o)
 .rodata._vfprintf_r.str1.1
                0x080086da       0x11 c:/gcc-arm-none-eabi/bin/../lib/gcc/arm-none-eabi/10.3.1/../../../../arm-none-eabi/lib/thumb/v7e-m+fp/hard\libc_nano.a(lib_a-nano-vfprintf.o)
 .rodata._ctype_
                0x080086eb      0x101 c:/gcc-arm-none-eabi/bin/../lib/gcc/arm-none-eabi/10.3.1/../../../../arm-none-eabi/lib/thumb/v7e-m+fp/hard\libc_nano.a(lib_a-ctype_.o)
                0x080086eb                _ctype_
 .rodata.__sf_fake_stderr
                0x080087ec       0x20 c:/gcc-arm-none-eabi/bin/../lib/gcc/arm-none-eabi/10.3.1/../../../../arm-none-eabi/lib/thumb/v7e-m+fp/hard\libc_nano.a(lib_a-findfp.o)
                0x080087ec                __sf_fake_stderr
 .rodata.__sf_fake_stdin
                0x0800880c       0x20 c:/gcc-arm-none-eabi/bin/../lib/gcc/arm-none-eabi/10.3.1/../../../../arm-none-eabi/lib/thumb/v7e-m+fp/hard\libc_nano.a(lib_a-findfp.o)
                0x0800880c                __sf_fake_stdin
 .rodata.__sf_fake_stdout
                0x0800882c       0x20 c:/gcc-arm-none-eabi/bin/../lib/gcc/arm-none-eabi/10.3.1/../../../../arm-none-eabi/lib/thumb/v7e-m+fp/hard\libc_nano.a(lib_a-findfp.o)
                0x0800882c                __sf_fake_stdout
                0x0800884c                . = ALIGN (0x4)

.ARM.extab
 *(.ARM.extab* .gnu.linkonce.armextab.*)

.ARM            0x0800884c        0x8
                0x0800884c                __exidx_start = .
 *(.ARM.exidx*)
 .ARM.exidx     0x0800884c        0x8 c:/gcc-arm-none-eabi/bin/../lib/gcc/arm-none-eabi/10.3.1/thumb/v7e-m+fp/hard\libgcc.a(_udivmoddi4.o)
                0x08008854                __exidx_end = .

.rel.dyn        0x08008854        0x0
 .rel.iplt      0x08008854        0x0 c:/gcc-arm-none-eabi/bin/../lib/gcc/arm-none-eabi/10.3.1/thumb/v7e-m+fp/hard/crtbegin.o

.preinit_array  0x08008854        0x0
                0x08008854                PROVIDE (__preinit_array_start = .)
 *(.preinit_array*)
                0x08008854                PROVIDE (__preinit_array_end = .)

.init_array     0x08008854        0x4
                0x08008854                PROVIDE (__init_array_start = .)
 *(SORT_BY_NAME(.init_array.*))
 *(.init_array*)
 .init_array    0x08008854        0x4 c:/gcc-arm-none-eabi/bin/../lib/gcc/arm-none-eabi/10.3.1/thumb/v7e-m+fp/hard/crtbegin.o
                0x08008858                PROVIDE (__init_array_end = .)

.fini_array     0x08008858        0x4
                [!provide]                PROVIDE (__fini_array_start = .)
 *(SORT_BY_NAME(.fini_array.*))
 *(.fini_array*)
 .fini_array    0x08008858        0x4 c:/gcc-arm-none-eabi/bin/../lib/gcc/arm-none-eabi/10.3.1/thumb/v7e-m+fp/hard/crtbegin.o
                [!provide]                PROVIDE (__fini_array_end = .)
                0x0800885c                _sidata = LOADADDR (.data)

.data           0x20000000      0x1e4 load address 0x0800885c
                0x20000000                . = ALIGN (0x4)
                0x20000000                _sdata = .
 *(.data)
 *(.data*)
 .data.uwTickPrio
                0x20000000        0x4 CMakeFiles/FreeRTOS_demo.elf.dir/Drivers/STM32F4xx_HAL_Driver/Src/stm32f4xx_hal.c.obj
                0x20000000                uwTickPrio
 .data.uwTickFreq
                0x20000004        0x1 CMakeFiles/FreeRTOS_demo.elf.dir/Drivers/STM32F4xx_HAL_Driver/Src/stm32f4xx_hal.c.obj
                0x20000004                uwTickFreq
 *fill*         0x20000005        0x3 
 .data.SystemCoreClock
                0x20000008        0x4 CMakeFiles/FreeRTOS_demo.elf.dir/Core/Src/system_stm32f4xx.c.obj
                0x20000008                SystemCoreClock
 .data._impure_ptr
                0x2000000c        0x4 c:/gcc-arm-none-eabi/bin/../lib/gcc/arm-none-eabi/10.3.1/../../../../arm-none-eabi/lib/thumb/v7e-m+fp/hard\libc_nano.a(lib_a-impure.o)
                0x2000000c                _impure_ptr
 .data.impure_data
                0x20000010       0x60 c:/gcc-arm-none-eabi/bin/../lib/gcc/arm-none-eabi/10.3.1/../../../../arm-none-eabi/lib/thumb/v7e-m+fp/hard\libc_nano.a(lib_a-impure.o)
 .data.__global_locale
                0x20000070      0x16c c:/gcc-arm-none-eabi/bin/../lib/gcc/arm-none-eabi/10.3.1/../../../../arm-none-eabi/lib/thumb/v7e-m+fp/hard\libc_nano.a(lib_a-locale.o)
                0x20000070                __global_locale
 .data.uxTopUsedPriority
                0x200001dc        0x4 FreeRTOS-Kernel/libfreertos_kernel.a(tasks.c.obj)
 .data.uxCriticalNesting
                0x200001e0        0x4 FreeRTOS-Kernel/libfreertos_kernel.a(port.c.obj)
                0x200001e4                . = ALIGN (0x4)
                0x200001e4                _edata = .
                0x08008a40                _siccmram = LOADADDR (.ccmram)

.igot.plt       0x200001e4        0x0 load address 0x08008a40
 .igot.plt      0x200001e4        0x0 c:/gcc-arm-none-eabi/bin/../lib/gcc/arm-none-eabi/10.3.1/thumb/v7e-m+fp/hard/crtbegin.o

.ccmram         0x10000000        0x0 load address 0x08008a40
                0x10000000                . = ALIGN (0x4)
                0x10000000                _sccmram = .
 *(.ccmram)
 *(.ccmram*)
                0x10000000                . = ALIGN (0x4)
                0x10000000                _eccmram = .
                0x10000000                . = ALIGN (0x4)

.bss            0x200001e4     0x3e68
                0x200001e4                _sbss = .
                0x200001e4                __bss_start__ = _sbss
 *(.bss)
 .bss           0x200001e4       0x1c c:/gcc-arm-none-eabi/bin/../lib/gcc/arm-none-eabi/10.3.1/thumb/v7e-m+fp/hard/crtbegin.o
 *(.bss*)
 .bss.htim2     0x20000200       0x48 CMakeFiles/FreeRTOS_demo.elf.dir/Core/Src/stm32f4xx_hal_timebase_tim.c.obj
                0x20000200                htim2
 .bss.uwTick    0x20000248        0x4 CMakeFiles/FreeRTOS_demo.elf.dir/Drivers/STM32F4xx_HAL_Driver/Src/stm32f4xx_hal.c.obj
                0x20000248                uwTick
 .bss.htim1     0x2000024c       0x48 CMakeFiles/FreeRTOS_demo.elf.dir/Core/Src/tim.c.obj
                0x2000024c                htim1
 .bss.htim5     0x20000294       0x48 CMakeFiles/FreeRTOS_demo.elf.dir/Core/Src/tim.c.obj
                0x20000294                htim5
 .bss.TaskHighHandle
                0x200002dc        0x4 CMakeFiles/FreeRTOS_demo.elf.dir/User/Src/user_tasks.c.obj
                0x200002dc                TaskHighHandle
 .bss.TaskLowHandle
                0x200002e0        0x4 CMakeFiles/FreeRTOS_demo.elf.dir/User/Src/user_tasks.c.obj
                0x200002e0                TaskLowHandle
 .bss.xMutex    0x200002e4        0x4 CMakeFiles/FreeRTOS_demo.elf.dir/User/Src/user_tasks.c.obj
                0x200002e4                xMutex
 .bss.__malloc_free_list
                0x200002e8        0x4 c:/gcc-arm-none-eabi/bin/../lib/gcc/arm-none-eabi/10.3.1/../../../../arm-none-eabi/lib/thumb/v7e-m+fp/hard\libc_nano.a(lib_a-nano-mallocr.o)
                0x200002e8                __malloc_free_list
 .bss.__malloc_sbrk_start
                0x200002ec        0x4 c:/gcc-arm-none-eabi/bin/../lib/gcc/arm-none-eabi/10.3.1/../../../../arm-none-eabi/lib/thumb/v7e-m+fp/hard\libc_nano.a(lib_a-nano-mallocr.o)
                0x200002ec                __malloc_sbrk_start
 .bss.errno     0x200002f0        0x4 c:/gcc-arm-none-eabi/bin/../lib/gcc/arm-none-eabi/10.3.1/../../../../arm-none-eabi/lib/thumb/v7e-m+fp/hard\libc_nano.a(lib_a-reent.o)
                0x200002f0                errno
 .bss.__lock___malloc_recursive_mutex
                0x200002f4        0x1 c:/gcc-arm-none-eabi/bin/../lib/gcc/arm-none-eabi/10.3.1/../../../../arm-none-eabi/lib/thumb/v7e-m+fp/hard\libc_nano.a(lib_a-lock.o)
                0x200002f4                __lock___malloc_recursive_mutex
 .bss.__lock___sfp_recursive_mutex
                0x200002f5        0x1 c:/gcc-arm-none-eabi/bin/../lib/gcc/arm-none-eabi/10.3.1/../../../../arm-none-eabi/lib/thumb/v7e-m+fp/hard\libc_nano.a(lib_a-lock.o)
                0x200002f5                __lock___sfp_recursive_mutex
 .bss.__lock___sinit_recursive_mutex
                0x200002f6        0x1 c:/gcc-arm-none-eabi/bin/../lib/gcc/arm-none-eabi/10.3.1/../../../../arm-none-eabi/lib/thumb/v7e-m+fp/hard\libc_nano.a(lib_a-lock.o)
                0x200002f6                __lock___sinit_recursive_mutex
 *fill*         0x200002f7        0x1 
 .bss.heap_end.0
                0x200002f8        0x4 c:/gcc-arm-none-eabi/bin/../lib/gcc/arm-none-eabi/10.3.1/../../../../arm-none-eabi/lib/thumb/v7e-m+fp/hard\libnosys.a(sbrk.o)
 .bss.pxCurrentTCB
                0x200002fc        0x4 FreeRTOS-Kernel/libfreertos_kernel.a(tasks.c.obj)
                0x200002fc                pxCurrentTCB
 .bss.pxReadyTasksLists
                0x20000300       0x8c FreeRTOS-Kernel/libfreertos_kernel.a(tasks.c.obj)
 .bss.xDelayedTaskList1
                0x2000038c       0x14 FreeRTOS-Kernel/libfreertos_kernel.a(tasks.c.obj)
 .bss.xDelayedTaskList2
                0x200003a0       0x14 FreeRTOS-Kernel/libfreertos_kernel.a(tasks.c.obj)
 .bss.pxDelayedTaskList
                0x200003b4        0x4 FreeRTOS-Kernel/libfreertos_kernel.a(tasks.c.obj)
 .bss.pxOverflowDelayedTaskList
                0x200003b8        0x4 FreeRTOS-Kernel/libfreertos_kernel.a(tasks.c.obj)
 .bss.xPendingReadyList
                0x200003bc       0x14 FreeRTOS-Kernel/libfreertos_kernel.a(tasks.c.obj)
 .bss.xTasksWaitingTermination
                0x200003d0       0x14 FreeRTOS-Kernel/libfreertos_kernel.a(tasks.c.obj)
 .bss.uxDeletedTasksWaitingCleanUp
                0x200003e4        0x4 FreeRTOS-Kernel/libfreertos_kernel.a(tasks.c.obj)
 .bss.xSuspendedTaskList
                0x200003e8       0x14 FreeRTOS-Kernel/libfreertos_kernel.a(tasks.c.obj)
 .bss.uxCurrentNumberOfTasks
                0x200003fc        0x4 FreeRTOS-Kernel/libfreertos_kernel.a(tasks.c.obj)
 .bss.xTickCount
                0x20000400        0x4 FreeRTOS-Kernel/libfreertos_kernel.a(tasks.c.obj)
 .bss.uxTopReadyPriority
                0x20000404        0x4 FreeRTOS-Kernel/libfreertos_kernel.a(tasks.c.obj)
 .bss.xSchedulerRunning
                0x20000408        0x4 FreeRTOS-Kernel/libfreertos_kernel.a(tasks.c.obj)
 .bss.xPendedTicks
                0x2000040c        0x4 FreeRTOS-Kernel/libfreertos_kernel.a(tasks.c.obj)
 .bss.xYieldPendings
                0x20000410        0x4 FreeRTOS-Kernel/libfreertos_kernel.a(tasks.c.obj)
 .bss.xNumOfOverflows
                0x20000414        0x4 FreeRTOS-Kernel/libfreertos_kernel.a(tasks.c.obj)
 .bss.uxTaskNumber
                0x20000418        0x4 FreeRTOS-Kernel/libfreertos_kernel.a(tasks.c.obj)
 .bss.xNextTaskUnblockTime
                0x2000041c        0x4 FreeRTOS-Kernel/libfreertos_kernel.a(tasks.c.obj)
 .bss.xIdleTaskHandles
                0x20000420        0x4 FreeRTOS-Kernel/libfreertos_kernel.a(tasks.c.obj)
 .bss.uxSchedulerSuspended
                0x20000424        0x4 FreeRTOS-Kernel/libfreertos_kernel.a(tasks.c.obj)
 .bss.ucHeap    0x20000428     0x3c00 FreeRTOS-Kernel/libfreertos_kernel.a(heap_4.c.obj)
 .bss.xStart    0x20004028        0x8 FreeRTOS-Kernel/libfreertos_kernel.a(heap_4.c.obj)
 .bss.pxEnd     0x20004030        0x4 FreeRTOS-Kernel/libfreertos_kernel.a(heap_4.c.obj)
 .bss.xFreeBytesRemaining
                0x20004034        0x4 FreeRTOS-Kernel/libfreertos_kernel.a(heap_4.c.obj)
 .bss.xMinimumEverFreeBytesRemaining
                0x20004038        0x4 FreeRTOS-Kernel/libfreertos_kernel.a(heap_4.c.obj)
 .bss.xNumberOfSuccessfulAllocations
                0x2000403c        0x4 FreeRTOS-Kernel/libfreertos_kernel.a(heap_4.c.obj)
 .bss.xNumberOfSuccessfulFrees
                0x20004040        0x4 FreeRTOS-Kernel/libfreertos_kernel.a(heap_4.c.obj)
 .bss.ucMaxSysCallPriority
                0x20004044        0x1 FreeRTOS-Kernel/libfreertos_kernel.a(port.c.obj)
 *fill*         0x20004045        0x3 
 .bss.ulMaxPRIGROUPValue
                0x20004048        0x4 FreeRTOS-Kernel/libfreertos_kernel.a(port.c.obj)
 *(COMMON)
                0x2000404c                . = ALIGN (0x4)
                0x2000404c                _ebss = .
                0x2000404c                __bss_end__ = _ebss

._user_heap_stack
                0x2000404c      0x604
                0x20004050                . = ALIGN (0x8)
 *fill*         0x2000404c        0x4 
                0x20004050                PROVIDE (end = .)
                [!provide]                PROVIDE (_end = .)
                0x20004250                . = (. + _Min_Heap_Size)
 *fill*         0x20004050      0x200 
                0x20004650                . = (. + _Min_Stack_Size)
 *fill*         0x20004250      0x400 
                0x20004650                . = ALIGN (0x8)

/DISCARD/
 libc.a(*)
 libm.a(*)
 libgcc.a(*)

.ARM.attributes
                0x00000000       0x30
 *(.ARM.attributes)
 .ARM.attributes
                0x00000000       0x1e c:/gcc-arm-none-eabi/bin/../lib/gcc/arm-none-eabi/10.3.1/thumb/v7e-m+fp/hard/crti.o
 .ARM.attributes
                0x0000001e       0x34 c:/gcc-arm-none-eabi/bin/../lib/gcc/arm-none-eabi/10.3.1/thumb/v7e-m+fp/hard/crtbegin.o
 .ARM.attributes
                0x00000052       0x34 CMakeFiles/FreeRTOS_demo.elf.dir/Core/Src/main.c.obj
 .ARM.attributes
                0x00000086       0x34 CMakeFiles/FreeRTOS_demo.elf.dir/Core/Src/gpio.c.obj
 .ARM.attributes
                0x000000ba       0x34 CMakeFiles/FreeRTOS_demo.elf.dir/Core/Src/stm32f4xx_it.c.obj
 .ARM.attributes
                0x000000ee       0x34 CMakeFiles/FreeRTOS_demo.elf.dir/Core/Src/stm32f4xx_hal_msp.c.obj
 .ARM.attributes
                0x00000122       0x34 CMakeFiles/FreeRTOS_demo.elf.dir/Core/Src/stm32f4xx_hal_timebase_tim.c.obj
 .ARM.attributes
                0x00000156       0x34 CMakeFiles/FreeRTOS_demo.elf.dir/Drivers/STM32F4xx_HAL_Driver/Src/stm32f4xx_hal_tim.c.obj
 .ARM.attributes
                0x0000018a       0x34 CMakeFiles/FreeRTOS_demo.elf.dir/Drivers/STM32F4xx_HAL_Driver/Src/stm32f4xx_hal_tim_ex.c.obj
 .ARM.attributes
                0x000001be       0x34 CMakeFiles/FreeRTOS_demo.elf.dir/Drivers/STM32F4xx_HAL_Driver/Src/stm32f4xx_hal_rcc.c.obj
 .ARM.attributes
                0x000001f2       0x34 CMakeFiles/FreeRTOS_demo.elf.dir/Drivers/STM32F4xx_HAL_Driver/Src/stm32f4xx_hal_gpio.c.obj
 .ARM.attributes
                0x00000226       0x34 CMakeFiles/FreeRTOS_demo.elf.dir/Drivers/STM32F4xx_HAL_Driver/Src/stm32f4xx_hal_pwr_ex.c.obj
 .ARM.attributes
                0x0000025a       0x34 CMakeFiles/FreeRTOS_demo.elf.dir/Drivers/STM32F4xx_HAL_Driver/Src/stm32f4xx_hal_cortex.c.obj
 .ARM.attributes
                0x0000028e       0x34 CMakeFiles/FreeRTOS_demo.elf.dir/Drivers/STM32F4xx_HAL_Driver/Src/stm32f4xx_hal.c.obj
 .ARM.attributes
                0x000002c2       0x34 CMakeFiles/FreeRTOS_demo.elf.dir/Core/Src/system_stm32f4xx.c.obj
 .ARM.attributes
                0x000002f6       0x34 CMakeFiles/FreeRTOS_demo.elf.dir/Core/Src/tim.c.obj
 .ARM.attributes
                0x0000032a       0x34 CMakeFiles/FreeRTOS_demo.elf.dir/User/Src/user_tasks.c.obj
 .ARM.attributes
                0x0000035e       0x21 CMakeFiles/FreeRTOS_demo.elf.dir/startup_stm32f427xx.s.obj
 .ARM.attributes
                0x0000037f       0x34 c:/gcc-arm-none-eabi/bin/../lib/gcc/arm-none-eabi/10.3.1/../../../../arm-none-eabi/lib/thumb/v7e-m+fp/hard\libc_nano.a(lib_a-impure.o)
 .ARM.attributes
                0x000003b3       0x34 c:/gcc-arm-none-eabi/bin/../lib/gcc/arm-none-eabi/10.3.1/../../../../arm-none-eabi/lib/thumb/v7e-m+fp/hard\libc_nano.a(lib_a-init.o)
 .ARM.attributes
                0x000003e7       0x34 c:/gcc-arm-none-eabi/bin/../lib/gcc/arm-none-eabi/10.3.1/../../../../arm-none-eabi/lib/thumb/v7e-m+fp/hard\libc_nano.a(lib_a-memset.o)
 .ARM.attributes
                0x0000041b       0x34 c:/gcc-arm-none-eabi/bin/../lib/gcc/arm-none-eabi/10.3.1/../../../../arm-none-eabi/lib/thumb/v7e-m+fp/hard\libc_nano.a(lib_a-nano-vfprintf_float.o)
 .ARM.attributes
                0x0000044f       0x34 c:/gcc-arm-none-eabi/bin/../lib/gcc/arm-none-eabi/10.3.1/../../../../arm-none-eabi/lib/thumb/v7e-m+fp/hard\libc_nano.a(lib_a-nano-vfprintf_i.o)
 .ARM.attributes
                0x00000483       0x17 c:/gcc-arm-none-eabi/bin/../lib/gcc/arm-none-eabi/10.3.1/../../../../arm-none-eabi/lib/thumb/v7e-m+fp/hard\libc_nano.a(lib_a-strlen.o)
 .ARM.attributes
                0x0000049a       0x34 c:/gcc-arm-none-eabi/bin/../lib/gcc/arm-none-eabi/10.3.1/../../../../arm-none-eabi/lib/thumb/v7e-m+fp/hard\libc_nano.a(lib_a-dtoa.o)
 .ARM.attributes
                0x000004ce       0x34 c:/gcc-arm-none-eabi/bin/../lib/gcc/arm-none-eabi/10.3.1/../../../../arm-none-eabi/lib/thumb/v7e-m+fp/hard\libc_nano.a(lib_a-localeconv.o)
 .ARM.attributes
                0x00000502       0x34 c:/gcc-arm-none-eabi/bin/../lib/gcc/arm-none-eabi/10.3.1/../../../../arm-none-eabi/lib/thumb/v7e-m+fp/hard\libc_nano.a(lib_a-malloc.o)
 .ARM.attributes
                0x00000536       0x1c c:/gcc-arm-none-eabi/bin/../lib/gcc/arm-none-eabi/10.3.1/../../../../arm-none-eabi/lib/thumb/v7e-m+fp/hard\libc_nano.a(lib_a-memchr.o)
 .ARM.attributes
                0x00000552       0x34 c:/gcc-arm-none-eabi/bin/../lib/gcc/arm-none-eabi/10.3.1/../../../../arm-none-eabi/lib/thumb/v7e-m+fp/hard\libc_nano.a(lib_a-memcpy-stub.o)
 .ARM.attributes
                0x00000586       0x34 c:/gcc-arm-none-eabi/bin/../lib/gcc/arm-none-eabi/10.3.1/../../../../arm-none-eabi/lib/thumb/v7e-m+fp/hard\libc_nano.a(lib_a-mprec.o)
 .ARM.attributes
                0x000005ba       0x34 c:/gcc-arm-none-eabi/bin/../lib/gcc/arm-none-eabi/10.3.1/../../../../arm-none-eabi/lib/thumb/v7e-m+fp/hard\libc_nano.a(lib_a-nano-callocr.o)
 .ARM.attributes
                0x000005ee       0x34 c:/gcc-arm-none-eabi/bin/../lib/gcc/arm-none-eabi/10.3.1/../../../../arm-none-eabi/lib/thumb/v7e-m+fp/hard\libc_nano.a(lib_a-nano-freer.o)
 .ARM.attributes
                0x00000622       0x34 c:/gcc-arm-none-eabi/bin/../lib/gcc/arm-none-eabi/10.3.1/../../../../arm-none-eabi/lib/thumb/v7e-m+fp/hard\libc_nano.a(lib_a-nano-mallocr.o)
 .ARM.attributes
                0x00000656       0x34 c:/gcc-arm-none-eabi/bin/../lib/gcc/arm-none-eabi/10.3.1/../../../../arm-none-eabi/lib/thumb/v7e-m+fp/hard\libc_nano.a(lib_a-sbrkr.o)
 .ARM.attributes
                0x0000068a       0x34 c:/gcc-arm-none-eabi/bin/../lib/gcc/arm-none-eabi/10.3.1/../../../../arm-none-eabi/lib/thumb/v7e-m+fp/hard\libc_nano.a(lib_a-assert.o)
 .ARM.attributes
                0x000006be       0x34 c:/gcc-arm-none-eabi/bin/../lib/gcc/arm-none-eabi/10.3.1/../../../../arm-none-eabi/lib/thumb/v7e-m+fp/hard\libc_nano.a(lib_a-fprintf.o)
 .ARM.attributes
                0x000006f2       0x34 c:/gcc-arm-none-eabi/bin/../lib/gcc/arm-none-eabi/10.3.1/../../../../arm-none-eabi/lib/thumb/v7e-m+fp/hard\libc_nano.a(lib_a-locale.o)
 .ARM.attributes
                0x00000726       0x34 c:/gcc-arm-none-eabi/bin/../lib/gcc/arm-none-eabi/10.3.1/../../../../arm-none-eabi/lib/thumb/v7e-m+fp/hard\libc_nano.a(lib_a-mbtowc_r.o)
 .ARM.attributes
                0x0000075a       0x34 c:/gcc-arm-none-eabi/bin/../lib/gcc/arm-none-eabi/10.3.1/../../../../arm-none-eabi/lib/thumb/v7e-m+fp/hard\libc_nano.a(lib_a-mlock.o)
 .ARM.attributes
                0x0000078e       0x34 c:/gcc-arm-none-eabi/bin/../lib/gcc/arm-none-eabi/10.3.1/../../../../arm-none-eabi/lib/thumb/v7e-m+fp/hard\libc_nano.a(lib_a-nano-vfprintf.o)
 .ARM.attributes
                0x000007c2       0x34 c:/gcc-arm-none-eabi/bin/../lib/gcc/arm-none-eabi/10.3.1/../../../../arm-none-eabi/lib/thumb/v7e-m+fp/hard\libc_nano.a(lib_a-reent.o)
 .ARM.attributes
                0x000007f6       0x34 c:/gcc-arm-none-eabi/bin/../lib/gcc/arm-none-eabi/10.3.1/../../../../arm-none-eabi/lib/thumb/v7e-m+fp/hard\libc_nano.a(lib_a-wbuf.o)
 .ARM.attributes
                0x0000082a       0x34 c:/gcc-arm-none-eabi/bin/../lib/gcc/arm-none-eabi/10.3.1/../../../../arm-none-eabi/lib/thumb/v7e-m+fp/hard\libc_nano.a(lib_a-wctomb_r.o)
 .ARM.attributes
                0x0000085e       0x34 c:/gcc-arm-none-eabi/bin/../lib/gcc/arm-none-eabi/10.3.1/../../../../arm-none-eabi/lib/thumb/v7e-m+fp/hard\libc_nano.a(lib_a-wsetup.o)
 .ARM.attributes
                0x00000892       0x34 c:/gcc-arm-none-eabi/bin/../lib/gcc/arm-none-eabi/10.3.1/../../../../arm-none-eabi/lib/thumb/v7e-m+fp/hard\libc_nano.a(lib_a-abort.o)
 .ARM.attributes
                0x000008c6       0x34 c:/gcc-arm-none-eabi/bin/../lib/gcc/arm-none-eabi/10.3.1/../../../../arm-none-eabi/lib/thumb/v7e-m+fp/hard\libc_nano.a(lib_a-ctype_.o)
 .ARM.attributes
                0x000008fa       0x34 c:/gcc-arm-none-eabi/bin/../lib/gcc/arm-none-eabi/10.3.1/../../../../arm-none-eabi/lib/thumb/v7e-m+fp/hard\libc_nano.a(lib_a-fflush.o)
 .ARM.attributes
                0x0000092e       0x34 c:/gcc-arm-none-eabi/bin/../lib/gcc/arm-none-eabi/10.3.1/../../../../arm-none-eabi/lib/thumb/v7e-m+fp/hard\libc_nano.a(lib_a-findfp.o)
 .ARM.attributes
                0x00000962       0x34 c:/gcc-arm-none-eabi/bin/../lib/gcc/arm-none-eabi/10.3.1/../../../../arm-none-eabi/lib/thumb/v7e-m+fp/hard\libc_nano.a(lib_a-fwalk.o)
 .ARM.attributes
                0x00000996       0x34 c:/gcc-arm-none-eabi/bin/../lib/gcc/arm-none-eabi/10.3.1/../../../../arm-none-eabi/lib/thumb/v7e-m+fp/hard\libc_nano.a(lib_a-lock.o)
 .ARM.attributes
                0x000009ca       0x34 c:/gcc-arm-none-eabi/bin/../lib/gcc/arm-none-eabi/10.3.1/../../../../arm-none-eabi/lib/thumb/v7e-m+fp/hard\libc_nano.a(lib_a-makebuf.o)
 .ARM.attributes
                0x000009fe       0x34 c:/gcc-arm-none-eabi/bin/../lib/gcc/arm-none-eabi/10.3.1/../../../../arm-none-eabi/lib/thumb/v7e-m+fp/hard\libc_nano.a(lib_a-signal.o)
 .ARM.attributes
                0x00000a32       0x34 c:/gcc-arm-none-eabi/bin/../lib/gcc/arm-none-eabi/10.3.1/../../../../arm-none-eabi/lib/thumb/v7e-m+fp/hard\libc_nano.a(lib_a-signalr.o)
 .ARM.attributes
                0x00000a66       0x34 c:/gcc-arm-none-eabi/bin/../lib/gcc/arm-none-eabi/10.3.1/../../../../arm-none-eabi/lib/thumb/v7e-m+fp/hard\libc_nano.a(lib_a-stdio.o)
 .ARM.attributes
                0x00000a9a       0x34 c:/gcc-arm-none-eabi/bin/../lib/gcc/arm-none-eabi/10.3.1/../../../../arm-none-eabi/lib/thumb/v7e-m+fp/hard\libc_nano.a(lib_a-writer.o)
 .ARM.attributes
                0x00000ace       0x34 c:/gcc-arm-none-eabi/bin/../lib/gcc/arm-none-eabi/10.3.1/../../../../arm-none-eabi/lib/thumb/v7e-m+fp/hard\libc_nano.a(lib_a-closer.o)
 .ARM.attributes
                0x00000b02       0x34 c:/gcc-arm-none-eabi/bin/../lib/gcc/arm-none-eabi/10.3.1/../../../../arm-none-eabi/lib/thumb/v7e-m+fp/hard\libc_nano.a(lib_a-fstatr.o)
 .ARM.attributes
                0x00000b36       0x34 c:/gcc-arm-none-eabi/bin/../lib/gcc/arm-none-eabi/10.3.1/../../../../arm-none-eabi/lib/thumb/v7e-m+fp/hard\libc_nano.a(lib_a-isattyr.o)
 .ARM.attributes
                0x00000b6a       0x34 c:/gcc-arm-none-eabi/bin/../lib/gcc/arm-none-eabi/10.3.1/../../../../arm-none-eabi/lib/thumb/v7e-m+fp/hard\libc_nano.a(lib_a-lseekr.o)
 .ARM.attributes
                0x00000b9e       0x34 c:/gcc-arm-none-eabi/bin/../lib/gcc/arm-none-eabi/10.3.1/../../../../arm-none-eabi/lib/thumb/v7e-m+fp/hard\libc_nano.a(lib_a-readr.o)
 .ARM.attributes
                0x00000bd2       0x34 c:/gcc-arm-none-eabi/bin/../lib/gcc/arm-none-eabi/10.3.1/../../../../arm-none-eabi/lib/thumb/v7e-m+fp/hard\libnosys.a(close.o)
 .ARM.attributes
                0x00000c06       0x34 c:/gcc-arm-none-eabi/bin/../lib/gcc/arm-none-eabi/10.3.1/../../../../arm-none-eabi/lib/thumb/v7e-m+fp/hard\libnosys.a(fstat.o)
 .ARM.attributes
                0x00000c3a       0x34 c:/gcc-arm-none-eabi/bin/../lib/gcc/arm-none-eabi/10.3.1/../../../../arm-none-eabi/lib/thumb/v7e-m+fp/hard\libnosys.a(getpid.o)
 .ARM.attributes
                0x00000c6e       0x34 c:/gcc-arm-none-eabi/bin/../lib/gcc/arm-none-eabi/10.3.1/../../../../arm-none-eabi/lib/thumb/v7e-m+fp/hard\libnosys.a(isatty.o)
 .ARM.attributes
                0x00000ca2       0x34 c:/gcc-arm-none-eabi/bin/../lib/gcc/arm-none-eabi/10.3.1/../../../../arm-none-eabi/lib/thumb/v7e-m+fp/hard\libnosys.a(kill.o)
 .ARM.attributes
                0x00000cd6       0x34 c:/gcc-arm-none-eabi/bin/../lib/gcc/arm-none-eabi/10.3.1/../../../../arm-none-eabi/lib/thumb/v7e-m+fp/hard\libnosys.a(lseek.o)
 .ARM.attributes
                0x00000d0a       0x34 c:/gcc-arm-none-eabi/bin/../lib/gcc/arm-none-eabi/10.3.1/../../../../arm-none-eabi/lib/thumb/v7e-m+fp/hard\libnosys.a(read.o)
 .ARM.attributes
                0x00000d3e       0x34 c:/gcc-arm-none-eabi/bin/../lib/gcc/arm-none-eabi/10.3.1/../../../../arm-none-eabi/lib/thumb/v7e-m+fp/hard\libnosys.a(sbrk.o)
 .ARM.attributes
                0x00000d72       0x34 c:/gcc-arm-none-eabi/bin/../lib/gcc/arm-none-eabi/10.3.1/../../../../arm-none-eabi/lib/thumb/v7e-m+fp/hard\libnosys.a(write.o)
 .ARM.attributes
                0x00000da6       0x34 c:/gcc-arm-none-eabi/bin/../lib/gcc/arm-none-eabi/10.3.1/../../../../arm-none-eabi/lib/thumb/v7e-m+fp/hard\libnosys.a(_exit.o)
 .ARM.attributes
                0x00000dda       0x34 FreeRTOS-Kernel/libfreertos_kernel.a(queue.c.obj)
 .ARM.attributes
                0x00000e0e       0x34 FreeRTOS-Kernel/libfreertos_kernel.a(tasks.c.obj)
 .ARM.attributes
                0x00000e42       0x34 FreeRTOS-Kernel/libfreertos_kernel.a(heap_4.c.obj)
 .ARM.attributes
                0x00000e76       0x34 FreeRTOS-Kernel/libfreertos_kernel.a(port.c.obj)
 .ARM.attributes
                0x00000eaa       0x34 FreeRTOS-Kernel/libfreertos_kernel.a(list.c.obj)
 .ARM.attributes
                0x00000ede       0x1e c:/gcc-arm-none-eabi/bin/../lib/gcc/arm-none-eabi/10.3.1/thumb/v7e-m+fp/hard\libgcc.a(_arm_addsubdf3.o)
 .ARM.attributes
                0x00000efc       0x1e c:/gcc-arm-none-eabi/bin/../lib/gcc/arm-none-eabi/10.3.1/thumb/v7e-m+fp/hard\libgcc.a(_arm_muldivdf3.o)
 .ARM.attributes
                0x00000f1a       0x1e c:/gcc-arm-none-eabi/bin/../lib/gcc/arm-none-eabi/10.3.1/thumb/v7e-m+fp/hard\libgcc.a(_arm_cmpdf2.o)
 .ARM.attributes
                0x00000f38       0x1e c:/gcc-arm-none-eabi/bin/../lib/gcc/arm-none-eabi/10.3.1/thumb/v7e-m+fp/hard\libgcc.a(_arm_unorddf2.o)
 .ARM.attributes
                0x00000f56       0x1e c:/gcc-arm-none-eabi/bin/../lib/gcc/arm-none-eabi/10.3.1/thumb/v7e-m+fp/hard\libgcc.a(_arm_fixdfsi.o)
 .ARM.attributes
                0x00000f74       0x1e c:/gcc-arm-none-eabi/bin/../lib/gcc/arm-none-eabi/10.3.1/thumb/v7e-m+fp/hard\libgcc.a(_aeabi_uldivmod.o)
 .ARM.attributes
                0x00000f92       0x34 c:/gcc-arm-none-eabi/bin/../lib/gcc/arm-none-eabi/10.3.1/thumb/v7e-m+fp/hard\libgcc.a(_udivmoddi4.o)
 .ARM.attributes
                0x00000fc6       0x1e c:/gcc-arm-none-eabi/bin/../lib/gcc/arm-none-eabi/10.3.1/thumb/v7e-m+fp/hard\libgcc.a(_dvmd_tls.o)
 .ARM.attributes
                0x00000fe4       0x1e c:/gcc-arm-none-eabi/bin/../lib/gcc/arm-none-eabi/10.3.1/thumb/v7e-m+fp/hard/crtn.o
OUTPUT(FreeRTOS_demo.elf elf32-littlearm)
LOAD linker stubs
LOAD c:/gcc-arm-none-eabi/bin/../lib/gcc/arm-none-eabi/10.3.1/../../../../arm-none-eabi/lib/thumb/v7e-m+fp/hard\libc.a
LOAD c:/gcc-arm-none-eabi/bin/../lib/gcc/arm-none-eabi/10.3.1/../../../../arm-none-eabi/lib/thumb/v7e-m+fp/hard\libm.a
LOAD c:/gcc-arm-none-eabi/bin/../lib/gcc/arm-none-eabi/10.3.1/thumb/v7e-m+fp/hard\libgcc.a

.debug_info     0x00000000     0xfbae
 .debug_info    0x00000000      0xab6 CMakeFiles/FreeRTOS_demo.elf.dir/Core/Src/main.c.obj
 .debug_info    0x00000ab6      0x43e CMakeFiles/FreeRTOS_demo.elf.dir/Core/Src/gpio.c.obj
 .debug_info    0x00000ef4      0x6db CMakeFiles/FreeRTOS_demo.elf.dir/Core/Src/stm32f4xx_it.c.obj
 .debug_info    0x000015cf      0x2c0 CMakeFiles/FreeRTOS_demo.elf.dir/Core/Src/stm32f4xx_hal_msp.c.obj
 .debug_info    0x0000188f      0xbec CMakeFiles/FreeRTOS_demo.elf.dir/Core/Src/stm32f4xx_hal_timebase_tim.c.obj
 .debug_info    0x0000247b     0x2b31 CMakeFiles/FreeRTOS_demo.elf.dir/Drivers/STM32F4xx_HAL_Driver/Src/stm32f4xx_hal_tim.c.obj
 .debug_info    0x00004fac     0x14b2 CMakeFiles/FreeRTOS_demo.elf.dir/Drivers/STM32F4xx_HAL_Driver/Src/stm32f4xx_hal_tim_ex.c.obj
 .debug_info    0x0000645e      0x939 CMakeFiles/FreeRTOS_demo.elf.dir/Drivers/STM32F4xx_HAL_Driver/Src/stm32f4xx_hal_rcc.c.obj
 .debug_info    0x00006d97      0x782 CMakeFiles/FreeRTOS_demo.elf.dir/Drivers/STM32F4xx_HAL_Driver/Src/stm32f4xx_hal_gpio.c.obj
 .debug_info    0x00007519      0x6d6 CMakeFiles/FreeRTOS_demo.elf.dir/Drivers/STM32F4xx_HAL_Driver/Src/stm32f4xx_hal_pwr_ex.c.obj
 .debug_info    0x00007bef      0xe41 CMakeFiles/FreeRTOS_demo.elf.dir/Drivers/STM32F4xx_HAL_Driver/Src/stm32f4xx_hal_cortex.c.obj
 .debug_info    0x00008a30      0x991 CMakeFiles/FreeRTOS_demo.elf.dir/Drivers/STM32F4xx_HAL_Driver/Src/stm32f4xx_hal.c.obj
 .debug_info    0x000093c1      0x53b CMakeFiles/FreeRTOS_demo.elf.dir/Core/Src/system_stm32f4xx.c.obj
 .debug_info    0x000098fc      0xcf8 CMakeFiles/FreeRTOS_demo.elf.dir/Core/Src/tim.c.obj
 .debug_info    0x0000a5f4      0x852 CMakeFiles/FreeRTOS_demo.elf.dir/User/Src/user_tasks.c.obj
 .debug_info    0x0000ae46       0x22 CMakeFiles/FreeRTOS_demo.elf.dir/startup_stm32f427xx.s.obj
 .debug_info    0x0000ae68     0x179e FreeRTOS-Kernel/libfreertos_kernel.a(queue.c.obj)
 .debug_info    0x0000c606     0x2797 FreeRTOS-Kernel/libfreertos_kernel.a(tasks.c.obj)
 .debug_info    0x0000ed9d      0x5bb FreeRTOS-Kernel/libfreertos_kernel.a(heap_4.c.obj)
 .debug_info    0x0000f358      0x595 FreeRTOS-Kernel/libfreertos_kernel.a(port.c.obj)
 .debug_info    0x0000f8ed      0x2c1 FreeRTOS-Kernel/libfreertos_kernel.a(list.c.obj)

.debug_abbrev   0x00000000     0x24b7
 .debug_abbrev  0x00000000      0x1cf CMakeFiles/FreeRTOS_demo.elf.dir/Core/Src/main.c.obj
 .debug_abbrev  0x000001cf      0x11e CMakeFiles/FreeRTOS_demo.elf.dir/Core/Src/gpio.c.obj
 .debug_abbrev  0x000002ed      0x159 CMakeFiles/FreeRTOS_demo.elf.dir/Core/Src/stm32f4xx_it.c.obj
 .debug_abbrev  0x00000446       0xd1 CMakeFiles/FreeRTOS_demo.elf.dir/Core/Src/stm32f4xx_hal_msp.c.obj
 .debug_abbrev  0x00000517      0x1a2 CMakeFiles/FreeRTOS_demo.elf.dir/Core/Src/stm32f4xx_hal_timebase_tim.c.obj
 .debug_abbrev  0x000006b9      0x22e CMakeFiles/FreeRTOS_demo.elf.dir/Drivers/STM32F4xx_HAL_Driver/Src/stm32f4xx_hal_tim.c.obj
 .debug_abbrev  0x000008e7      0x236 CMakeFiles/FreeRTOS_demo.elf.dir/Drivers/STM32F4xx_HAL_Driver/Src/stm32f4xx_hal_tim_ex.c.obj
 .debug_abbrev  0x00000b1d      0x25f CMakeFiles/FreeRTOS_demo.elf.dir/Drivers/STM32F4xx_HAL_Driver/Src/stm32f4xx_hal_rcc.c.obj
 .debug_abbrev  0x00000d7c      0x1c1 CMakeFiles/FreeRTOS_demo.elf.dir/Drivers/STM32F4xx_HAL_Driver/Src/stm32f4xx_hal_gpio.c.obj
 .debug_abbrev  0x00000f3d      0x1b1 CMakeFiles/FreeRTOS_demo.elf.dir/Drivers/STM32F4xx_HAL_Driver/Src/stm32f4xx_hal_pwr_ex.c.obj
 .debug_abbrev  0x000010ee      0x313 CMakeFiles/FreeRTOS_demo.elf.dir/Drivers/STM32F4xx_HAL_Driver/Src/stm32f4xx_hal_cortex.c.obj
 .debug_abbrev  0x00001401      0x1d7 CMakeFiles/FreeRTOS_demo.elf.dir/Drivers/STM32F4xx_HAL_Driver/Src/stm32f4xx_hal.c.obj
 .debug_abbrev  0x000015d8      0x113 CMakeFiles/FreeRTOS_demo.elf.dir/Core/Src/system_stm32f4xx.c.obj
 .debug_abbrev  0x000016eb      0x1cd CMakeFiles/FreeRTOS_demo.elf.dir/Core/Src/tim.c.obj
 .debug_abbrev  0x000018b8      0x197 CMakeFiles/FreeRTOS_demo.elf.dir/User/Src/user_tasks.c.obj
 .debug_abbrev  0x00001a4f       0x12 CMakeFiles/FreeRTOS_demo.elf.dir/startup_stm32f427xx.s.obj
 .debug_abbrev  0x00001a61      0x275 FreeRTOS-Kernel/libfreertos_kernel.a(queue.c.obj)
 .debug_abbrev  0x00001cd6      0x2ec FreeRTOS-Kernel/libfreertos_kernel.a(tasks.c.obj)
 .debug_abbrev  0x00001fc2      0x1f2 FreeRTOS-Kernel/libfreertos_kernel.a(heap_4.c.obj)
 .debug_abbrev  0x000021b4      0x21b FreeRTOS-Kernel/libfreertos_kernel.a(port.c.obj)
 .debug_abbrev  0x000023cf       0xe8 FreeRTOS-Kernel/libfreertos_kernel.a(list.c.obj)

.debug_aranges  0x00000000      0xed8
 .debug_aranges
                0x00000000       0x38 CMakeFiles/FreeRTOS_demo.elf.dir/Core/Src/main.c.obj
 .debug_aranges
                0x00000038       0x20 CMakeFiles/FreeRTOS_demo.elf.dir/Core/Src/gpio.c.obj
 .debug_aranges
                0x00000058       0x50 CMakeFiles/FreeRTOS_demo.elf.dir/Core/Src/stm32f4xx_it.c.obj
 .debug_aranges
                0x000000a8       0x20 CMakeFiles/FreeRTOS_demo.elf.dir/Core/Src/stm32f4xx_hal_msp.c.obj
 .debug_aranges
                0x000000c8       0x30 CMakeFiles/FreeRTOS_demo.elf.dir/Core/Src/stm32f4xx_hal_timebase_tim.c.obj
 .debug_aranges
                0x000000f8      0x3d0 CMakeFiles/FreeRTOS_demo.elf.dir/Drivers/STM32F4xx_HAL_Driver/Src/stm32f4xx_hal_tim.c.obj
 .debug_aranges
                0x000004c8      0x168 CMakeFiles/FreeRTOS_demo.elf.dir/Drivers/STM32F4xx_HAL_Driver/Src/stm32f4xx_hal_tim_ex.c.obj
 .debug_aranges
                0x00000630       0x88 CMakeFiles/FreeRTOS_demo.elf.dir/Drivers/STM32F4xx_HAL_Driver/Src/stm32f4xx_hal_rcc.c.obj
 .debug_aranges
                0x000006b8       0x58 CMakeFiles/FreeRTOS_demo.elf.dir/Drivers/STM32F4xx_HAL_Driver/Src/stm32f4xx_hal_gpio.c.obj
 .debug_aranges
                0x00000710       0x60 CMakeFiles/FreeRTOS_demo.elf.dir/Drivers/STM32F4xx_HAL_Driver/Src/stm32f4xx_hal_pwr_ex.c.obj
 .debug_aranges
                0x00000770      0x118 CMakeFiles/FreeRTOS_demo.elf.dir/Drivers/STM32F4xx_HAL_Driver/Src/stm32f4xx_hal_cortex.c.obj
 .debug_aranges
                0x00000888      0x100 CMakeFiles/FreeRTOS_demo.elf.dir/Drivers/STM32F4xx_HAL_Driver/Src/stm32f4xx_hal.c.obj
 .debug_aranges
                0x00000988       0x28 CMakeFiles/FreeRTOS_demo.elf.dir/Core/Src/system_stm32f4xx.c.obj
 .debug_aranges
                0x000009b0       0x50 CMakeFiles/FreeRTOS_demo.elf.dir/Core/Src/tim.c.obj
 .debug_aranges
                0x00000a00       0x30 CMakeFiles/FreeRTOS_demo.elf.dir/User/Src/user_tasks.c.obj
 .debug_aranges